Component: ARM Compiler 5.06 update 7 (build 960) Tool: armlink [4d3601]

==============================================================================

Section Cross References

    main.o(.text) refers to _printf_percent.o(.ARM.Collect$$_printf_percent$$00000000) for _printf_percent
    main.o(.text) refers to _printf_f.o(.ARM.Collect$$_printf_percent$$00000003) for _printf_f
    main.o(.text) refers to printf1.o(x$fpl$printf1) for _printf_fp_dec
    main.o(.text) refers to _printf_d.o(.ARM.Collect$$_printf_percent$$00000009) for _printf_d
    main.o(.text) refers to _printf_dec.o(.text) for _printf_int_dec
    main.o(.text) refers to strchr.o(.text) for strchr
    main.o(.text) refers to fflt_clz.o(x$fpl$fflt) for __aeabi_i2f
    main.o(.text) refers to faddsub_clz.o(x$fpl$fadd) for __aeabi_fadd
    main.o(.text) refers to rt_memcpy_w.o(.text) for __aeabi_memcpy4
    main.o(.text) refers to strcpy.o(.text) for strcpy
    main.o(.text) refers to rt_memclr_w.o(.text) for __aeabi_memclr4
    main.o(.text) refers to delay.o(.text) for delay_init
    main.o(.text) refers to misc.o(.text) for NVIC_PriorityGroupConfig
    main.o(.text) refers to exti.o(.text) for EXTIX_Init
    main.o(.text) refers to lcd.o(.text) for LCD_Init
    main.o(.text) refers to adc.o(.text) for Adc_Init
    main.o(.text) refers to gp8202.o(.text) for GP8202_Init
    main.o(.text) refers to time.o(.text) for TIM4_Init
    main.o(.text) refers to rs485.o(.text) for RS485_Init
    main.o(.text) refers to gui.o(.text) for Show_Str
    main.o(.text) refers to f2d.o(x$fpl$f2d) for __aeabi_f2d
    main.o(.text) refers to noretval__2sprintf.o(.text) for __2sprintf
    main.o(.text) refers to strcat.o(.text) for strcat
    main.o(.text) refers to pid.o(.text) for FlowtoVoltage
    main.o(.text) refers to dmul.o(x$fpl$dmul) for __aeabi_dmul
    main.o(.text) refers to dfixu.o(x$fpl$dfixu) for __aeabi_d2uiz
    main.o(.text) refers to strlen.o(.text) for strlen
    main.o(.text) refers to dflt_clz.o(x$fpl$dfltu) for __aeabi_ui2d
    main.o(.text) refers to lcd.o(.data) for BACK_COLOR
    main.o(.text) refers to main.o(.data) for set_flowvalue
    main.o(.text) refers to dflt_clz.o(x$fpl$dflt) for __aeabi_i2d
    main.o(.text) refers to daddsub_clz.o(x$fpl$dadd) for __aeabi_dadd
    main.o(.text) refers to d2f.o(x$fpl$d2f) for __aeabi_d2f
    main.o(.text) refers to atof.o(i.atof) for atof
    system_stm32f10x.o(.text) refers to system_stm32f10x.o(.data) for SystemCoreClock
    adc.o(.text) refers to stm32f10x_rcc.o(.text) for RCC_APB2PeriphClockCmd
    adc.o(.text) refers to stm32f10x_gpio.o(.text) for GPIO_Init
    adc.o(.text) refers to stm32f10x_adc.o(.text) for ADC_DeInit
    adc.o(.text) refers to delay.o(.text) for delay_ms
    lcd.o(.text) refers to stm32f10x_rcc.o(.text) for RCC_APB2PeriphClockCmd
    lcd.o(.text) refers to stm32f10x_gpio.o(.text) for GPIO_Init
    lcd.o(.text) refers to stm32f10x_spi.o(.text) for SPI_Init
    lcd.o(.text) refers to delay.o(.text) for delay_ms
    lcd.o(.text) refers to lcd.o(.bss) for lcddev
    lcd.o(.text) refers to lcd.o(.data) for POINT_COLOR
    gui.o(.text) refers to _printf_percent.o(.ARM.Collect$$_printf_percent$$00000000) for _printf_percent
    gui.o(.text) refers to _printf_f.o(.ARM.Collect$$_printf_percent$$00000003) for _printf_f
    gui.o(.text) refers to printf1.o(x$fpl$printf1) for _printf_fp_dec
    gui.o(.text) refers to lcd.o(.text) for LCD_SetCursor
    gui.o(.text) refers to lcd.o(.bss) for lcddev
    gui.o(.text) refers to lcd.o(.data) for POINT_COLOR
    gui.o(.text) refers to gui.o(.constdata) for asc2_1206
    gui.o(.text) refers to strlen.o(.text) for strlen
    gui.o(.text) refers to fflt_clz.o(x$fpl$ffltu) for __aeabi_ui2f
    gui.o(.text) refers to f2d.o(x$fpl$f2d) for __aeabi_f2d
    gui.o(.text) refers to dmul.o(x$fpl$dmul) for __aeabi_dmul
    gui.o(.text) refers to d2f.o(x$fpl$d2f) for __aeabi_d2f
    gui.o(.text) refers to noretval__2sprintf.o(.text) for __2sprintf
    gui.o(.text) refers to strcat.o(.text) for strcat
    gui.o(.text) refers to pid.o(.text) for VoltagetoFlow
    gui.o(.text) refers to drleqf.o(x$fpl$drleqf) for __aeabi_cdrcmple
    gui.o(.text) refers to fleqf.o(x$fpl$fleqf) for __aeabi_cfcmple
    rs485.o(.text) refers to stm32f10x_usart.o(.text) for USART_GetITStatus
    rs485.o(.text) refers to stm32f10x_rcc.o(.text) for RCC_APB2PeriphClockCmd
    rs485.o(.text) refers to stm32f10x_gpio.o(.text) for GPIO_Init
    rs485.o(.text) refers to misc.o(.text) for NVIC_Init
    rs485.o(.text) refers to delay.o(.text) for delay_ms
    rs485.o(.text) refers to rs485.o(.data) for RS485_RX_CNT
    rs485.o(.text) refers to rs485.o(.bss) for RS485_RX_BUF
    exti.o(.text) refers to key.o(.text) for KEY_Init
    exti.o(.text) refers to stm32f10x_rcc.o(.text) for RCC_APB2PeriphClockCmd
    exti.o(.text) refers to stm32f10x_gpio.o(.text) for GPIO_EXTILineConfig
    exti.o(.text) refers to stm32f10x_exti.o(.text) for EXTI_Init
[...]
    __rt_lib_init_preinit_1                  0x080001b3   Thumb Code     0  libinit2.o(.ARM.Collect$$libinit$$00000004)
    __rt_lib_init_rand_1                     0x080001b3   Thumb Code     0  libinit2.o(.ARM.Collect$$libinit$$0000000E)
    __rt_lib_init_user_alloc_1               0x080001b3   Thumb Code     0  libinit2.o(.ARM.Collect$$libinit$$0000000C)
    __rt_lib_init_lc_collate_1               0x080001b9   Thumb Code     0  libinit2.o(.ARM.Collect$$libinit$$00000011)
    __rt_lib_init_lc_ctype_2                 0x080001b9   Thumb Code     0  libinit2.o(.ARM.Collect$$libinit$$00000012)
    __rt_lib_init_lc_ctype_1                 0x080001c5   Thumb Code     0  libinit2.o(.ARM.Collect$$libinit$$00000013)
    __rt_lib_init_lc_monetary_1              0x080001c5   Thumb Code     0  libinit2.o(.ARM.Collect$$libinit$$00000015)
    __rt_lib_init_lc_numeric_2               0x080001c5   Thumb Code     0  libinit2.o(.ARM.Collect$$libinit$$00000016)
    __rt_lib_init_alloca_1                   0x080001cf   Thumb Code     0  libinit2.o(.ARM.Collect$$libinit$$0000002E)
    __rt_lib_init_argv_1                     0x080001cf   Thumb Code     0  libinit2.o(.ARM.Collect$$libinit$$0000002C)
    __rt_lib_init_atexit_1                   0x080001cf   Thumb Code     0  libinit2.o(.ARM.Collect$$libinit$$0000001B)
    __rt_lib_init_clock_1                    0x080001cf   Thumb Code     0  libinit2.o(.ARM.Collect$$libinit$$00000021)
    __rt_lib_init_cpp_1                      0x080001cf   Thumb Code     0  libinit2.o(.ARM.Collect$$libinit$$00000032)
    __rt_lib_init_exceptions_1               0x080001cf   Thumb Code     0  libinit2.o(.ARM.Collect$$libinit$$00000030)
    __rt_lib_init_fp_trap_1                  0x080001cf   Thumb Code     0  libinit2.o(.ARM.Collect$$libinit$$0000001F)
    __rt_lib_init_getenv_1                   0x080001cf   Thumb Code     0  libinit2.o(.ARM.Collect$$libinit$$00000023)
    __rt_lib_init_lc_numeric_1               0x080001cf   Thumb Code     0  libinit2.o(.ARM.Collect$$libinit$$00000017)
    __rt_lib_init_lc_time_1                  0x080001cf   Thumb Code     0  libinit2.o(.ARM.Collect$$libinit$$00000019)
    __rt_lib_init_return                     0x080001cf   Thumb Code     0  libinit2.o(.ARM.Collect$$libinit$$00000033)
    __rt_lib_init_signal_1                   0x080001cf   Thumb Code     0  libinit2.o(.ARM.Collect$$libinit$$0000001D)
    __rt_lib_init_stdio_1                    0x080001cf   Thumb Code     0  libinit2.o(.ARM.Collect$$libinit$$00000025)
    __rt_lib_shutdown                        0x080001d1   Thumb Code     0  libshutdown.o(.ARM.Collect$$libshutdown$$00000000)
    __rt_lib_shutdown_cpp_1                  0x080001d3   Thumb Code     0  libshutdown2.o(.ARM.Collect$$libshutdown$$00000004)
    __rt_lib_shutdown_fini_1                 0x080001d3   Thumb Code     0  libshutdown2.o(.ARM.Collect$$libshutdown$$00000002)
    __rt_lib_shutdown_fp_trap_1              0x080001d3   Thumb Code     0  libshutdown2.o(.ARM.Collect$$libshutdown$$00000009)
    __rt_lib_shutdown_heap_1                 0x080001d3   Thumb Code     0  libshutdown2.o(.ARM.Collect$$libshutdown$$00000011)
    __rt_lib_shutdown_return                 0x080001d3   Thumb Code     0  libshutdown2.o(.ARM.Collect$$libshutdown$$00000012)
    __rt_lib_shutdown_signal_1               0x080001d3   Thumb Code     0  libshutdown2.o(.ARM.Collect$$libshutdown$$0000000C)
    __rt_lib_shutdown_stdio_1                0x080001d3   Thumb Code     0  libshutdown2.o(.ARM.Collect$$libshutdown$$00000006)
    __rt_lib_shutdown_user_alloc_1           0x080001d3   Thumb Code     0  libshutdown2.o(.ARM.Collect$$libshutdown$$0000000E)
    __rt_entry                               0x080001d5   Thumb Code     0  __rtentry.o(.ARM.Collect$$rtentry$$00000000)
    __rt_entry_presh_1                       0x080001d5   Thumb Code     0  __rtentry2.o(.ARM.Collect$$rtentry$$00000002)
    __rt_entry_sh                            0x080001d5   Thumb Code     0  __rtentry4.o(.ARM.Collect$$rtentry$$00000004)
    __rt_entry_li                            0x080001db   Thumb Code     0  __rtentry2.o(.ARM.Collect$$rtentry$$0000000A)
    __rt_entry_postsh_1                      0x080001db   Thumb Code     0  __rtentry2.o(.ARM.Collect$$rtentry$$00000009)
    __rt_entry_main                          0x080001df   Thumb Code     0  __rtentry2.o(.ARM.Collect$$rtentry$$0000000D)
    __rt_entry_postli_1                      0x080001df   Thumb Code     0  __rtentry2.o(.ARM.Collect$$rtentry$$0000000C)
    __rt_exit                                0x080001e7   Thumb Code     0  rtexit.o(.ARM.Collect$$rtexit$$00000000)
    __rt_exit_ls                             0x080001e9   Thumb Code     0  rtexit2.o(.ARM.Collect$$rtexit$$00000003)
    __rt_exit_prels_1                        0x080001e9   Thumb Code     0  rtexit2.o(.ARM.Collect$$rtexit$$00000002)
    __rt_exit_exit                           0x080001ed   Thumb Code     0  rtexit2.o(.ARM.Collect$$rtexit$$00000004)
    Find_dot                                 0x080001f5   Thumb Code    32  main.o(.text)
    add_bit                                  0x08000215   Thumb Code    62  main.o(.text)
    reversestr                               0x08000253   Thumb Code    28  main.o(.text)
    tohex                                    0x0800026f   Thumb Code    74  main.o(.text)
    hextou16                                 0x080002b9   Thumb Code   248  main.o(.text)
    main                                     0x080003b1   Thumb Code  2022  main.o(.text)
    NMI_Handler                              0x08000ba5   Thumb Code     2  stm32f10x_it.o(.text)
    HardFault_Handler                        0x08000ba7   Thumb Code     4  stm32f10x_it.o(.text)
    MemManage_Handler                        0x08000bab   Thumb Code     4  stm32f10x_it.o(.text)
    BusFault_Handler                         0x08000baf   Thumb Code     4  stm32f10x_it.o(.text)
    UsageFault_Handler                       0x08000bb3   Thumb Code     4  stm32f10x_it.o(.text)
    SVC_Handler                              0x08000bb7   Thumb Code     2  stm32f10x_it.o(.text)
    DebugMon_Handler                         0x08000bb9   Thumb Code     2  stm32f10x_it.o(.text)
    PendSV_Handler                           0x08000bbb   Thumb Code     2  stm32f10x_it.o(.text)
    SysTick_Handler                          0x08000bbd   Thumb Code     2  stm32f10x_it.o(.text)
    SystemInit                               0x08000c9f   Thumb Code    78  system_stm32f10x.o(.text)
    SystemCoreClockUpdate                    0x08000ced   Thumb Code   142  system_stm32f10x.o(.text)
    Adc_Init                                 0x08000da1   Thumb Code   132  adc.o(.text)
    Get_Adc                                  0x08000e25   Thumb Code    46  adc.o(.text)
    Get_Adc_Average                          0x08000e53   Thumb Code    46  adc.o(.text)
    SPIv_WriteData                           0x08000e89   Thumb Code    54  lcd.o(.text)
    SPI_WriteByte                            0x08000ebf   Thumb Code    34  lcd.o(.text)
    SPI_SetSpeed                             0x08000ee1   Thumb Code    38  lcd.o(.text)
    SPI2_Init                                0x08000f07   Thumb Code   194  lcd.o(.text)
    LCD_WR_REG                               0x08000fc9   Thumb Code    36  lcd.o(.text)
    LCD_WR_DATA                              0x08000fed   Thumb Code    38  lcd.o(.text)
    LCD_WR_DATA_16Bit                        0x08001013   Thumb Code    44  lcd.o(.text)
    LCD_WriteReg                             0x0800103f   Thumb Code    20  lcd.o(.text)
    LCD_WriteRAM_Prepare                     0x08001053   Thumb Code    12  lcd.o(.text)
    LCD_SetWindows                           0x0800105f   Thumb Code    88  lcd.o(.text)
    LCD_SetCursor                            0x080010b7   Thumb Code    20  lcd.o(.text)
    LCD_DrawPoint                            0x080010cb   Thumb Code    24  lcd.o(.text)
    LCD_GPIOInit                             0x080010e3   Thumb Code    56  lcd.o(.text)
    LCD_RESET                                0x0800111b   Thumb Code    16  lcd.o(.text)
    LCD_SetParam                             0x0800112b   Thumb Code    36  lcd.o(.text)
    LCD_Init                                 0x0800114f   Thumb Code   580  lcd.o(.text)
    LCD_Clear                                0x08001393   Thumb Code    68  lcd.o(.text)
    GUI_DrawPoint                            0x080013e1   Thumb Code    24  gui.o(.text)
    LCD_Fill                                 0x080013f9   Thumb Code   114  gui.o(.text)
    LCD_DrawLine                             0x0800146b   Thumb Code   176  gui.o(.text)
    LCD_DrawRectangle                        0x0800151b   Thumb Code    64  gui.o(.text)
    LCD_DrawFillRectangle                    0x0800155b   Thumb Code    30  gui.o(.text)
    _draw_circle_8                           0x08001579   Thumb Code   132  gui.o(.text)
    gui_circle                               0x080015fd   Thumb Code   154  gui.o(.text)
    LCD_ShowChar                             0x08001697   Thumb Code   280  gui.o(.text)
    LCD_ShowNum2412                          0x080017af   Thumb Code   244  gui.o(.text)
    LCD_ShowString                           0x080018a3   Thumb Code    94  gui.o(.text)
    mypow                                    0x08001901   Thumb Code    22  gui.o(.text)
    LCD_ShowNum                              0x08001917   Thumb Code   168  gui.o(.text)
    GUI_DrawFont16                           0x080019bf   Thumb Code   252  gui.o(.text)
    GUI_DrawFont24                           0x08001abb   Thumb Code   268  gui.o(.text)
    GUI_DrawFont32                           0x08001bc7   Thumb Code   276  gui.o(.text)
    Show_Str                                 0x08001cdb   Thumb Code   268  gui.o(.text)
    Gui_StrCenter                            0x08001de7   Thumb Code    68  gui.o(.text)
    Gui_Drawbmp16                            0x08001e2b   Thumb Code    90  gui.o(.text)
    Show_Adc_Average                         0x08001e85   Thumb Code   396  gui.o(.text)
    USART2_IRQHandler                        0x08002049   Thumb Code    50  rs485.o(.text)
    RS485_Init                               0x0800207b   Thumb Code   208  rs485.o(.text)
    RS485_Send_Data                          0x0800214b   Thumb Code    72  rs485.o(.text)
    RS485_Receive_Data                       0x08002193   Thumb Code    68  rs485.o(.text)
    EXTIX_Init                               0x080021ed   Thumb Code   134  exti.o(.text)
    EXTI2_IRQHandler                         0x08002273   Thumb Code    62  exti.o(.text)
    EXTI3_IRQHandler                         0x080022b1   Thumb Code    38  exti.o(.text)
    KEY_Init                                 0x080022f1   Thumb Code    32  key.o(.text)
    KEY_Scan                                 0x08002311   Thumb Code   110  key.o(.text)
    Float_to_Bit                             0x08002389   Thumb Code   358  time.o(.text)
    K_UP_sacnf_func                          0x080024ef   Thumb Code  1606  time.o(.text)
    TIM4_Init                                0x08002b35   Thumb Code    88  time.o(.text)
    TIM3_Init                                0x08002b8d   Thumb Code   126  time.o(.text)
    TIM3_IRQHandler                          0x08002c0b   Thumb Code    84  time.o(.text)
    TIM4_IRQHandler                          0x08002c5f   Thumb Code   250  time.o(.text)
    PID_init                                 0x08002d91   Thumb Code    52  pid.o(.text)
    VoltagetoFlow                            0x08002dc5   Thumb Code    42  pid.o(.text)
    FlowtoVoltage                            0x08002def   Thumb Code    42  pid.o(.text)
    PID_realize                              0x08002e19   Thumb Code   320  pid.o(.text)
    BinarySearch                             0x08002f59   Thumb Code   120  pid.o(.text)
    GP8202_Init                              0x08003021   Thumb Code     8  gp8202.o(.text)
    GP8202_WriteOneByte                      0x08003029   Thumb Code    58  gp8202.o(.text)
    GP8202_SendDate                          0x08003063   Thumb Code    18  gp8202.o(.text)
    IIC_Init                                 0x08003075   Thumb Code    46  myiic.o(.text)
    IIC_Start                                0x080030a3   Thumb Code    72  myiic.o(.text)
    IIC_Stop                                 0x080030eb   Thumb Code    58  myiic.o(.text)
    IIC_Wait_Ack                             0x08003125   Thumb Code    98  myiic.o(.text)
    IIC_Ack                                  0x08003187   Thumb Code    80  myiic.o(.text)
    IIC_NAck                                 0x080031d7   Thumb Code    68  myiic.o(.text)
    IIC_Send_Byte                            0x0800321b   Thumb Code    94  myiic.o(.text)
    IIC_Read_Byte                            0x08003279   Thumb Code   106  myiic.o(.text)
    W_Byte1                                  0x080032e3   Thumb Code    94  myiic.o(.text)
    IIC_RdAck                                0x08003341   Thumb Code    96  myiic.o(.text)
    change_data                              0x080033a1   Thumb Code    68  myiic.o(.text)
    delay_init                               0x080033f1   Thumb Code    50  delay.o(.text)
    delay_us                                 0x08003423   Thumb Code    72  delay.o(.text)
    delay_ms                                 0x0800346b   Thumb Code    72  delay.o(.text)
    _sys_exit                                0x080034c5   Thumb Code     4  usart.o(.text)
    fputc                                    0x080034c9   Thumb Code    24  usart.o(.text)
    uart_init                                0x080034e1   Thumb Code   152  usart.o(.text)
    USART1_IRQHandler                        0x08003579   Thumb Code   122  usart.o(.text)
    Reset_Handler                            0x08003605   Thumb Code     8  startup_stm32f10x_md.o(.text)
    ADC1_2_IRQHandler                        0x0800361f   Thumb Code     0  startup_stm32f10x_md.o(.text)
    CAN1_RX1_IRQHandler                      0x0800361f   Thumb Code     0  startup_stm32f10x_md.o(.text)
    CAN1_SCE_IRQHandler                      0x0800361f   Thumb Code     0  startup_stm32f10x_md.o(.text)
    DMA1_Channel1_IRQHandler                 0x0800361f   Thumb Code     0  startup_stm32f10x_md.o(.text)
    DMA1_Channel2_IRQHandler                 0x0800361f   Thumb Code     0  startup_stm32f10x_md.o(.text)
    DMA1_Channel3_IRQHandler                 0x0800361f   Thumb Code     0  startup_stm32f10x_md.o(.text)
    DMA1_Channel4_IRQHandler                 0x0800361f   Thumb Code     0  startup_stm32f10x_md.o(.text)
    DMA1_Channel5_IRQHandler                 0x0800361f   Thumb Code     0  startup_stm32f10x_md.o(.text)
    DMA1_Channel6_IRQHandler                 0x0800361f   Thumb Code     0  startup_stm32f10x_md.o(.text)
    DMA1_Channel7_IRQHandler                 0x0800361f   Thumb Code     0  startup_stm32f10x_md.o(.text)
    EXTI0_IRQHandler                         0x0800361f   Thumb Code     0  startup_stm32f10x_md.o(.text)
    EXTI15_10_IRQHandler                     0x0800361f   Thumb Code     0  startup_stm32f10x_md.o(.text)
    EXTI1_IRQHandler                         0x0800361f   Thumb Code     0  startup_stm32f10x_md.o(.text)
    EXTI4_IRQHandler                         0x0800361f   Thumb Code     0  startup_stm32f10x_md.o(.text)
    EXTI9_5_IRQHandler                       0x0800361f   Thumb Code     0  startup_stm32f10x_md.o(.text)
    FLASH_IRQHandler                         0x0800361f   Thumb Code     0  startup_stm32f10x_md.o(.text)
    I2C1_ER_IRQHandler                       0x0800361f   Thumb Code     0  startup_stm32f10x_md.o(.text)
    I2C1_EV_IRQHandler                       0x0800361f   Thumb Code     0  startup_stm32f10x_md.o(.text)
    I2C2_ER_IRQHandler                       0x0800361f   Thumb Code     0  startup_stm32f10x_md.o(.text)
    I2C2_EV_IRQHandler                       0x0800361f   Thumb Code     0  startup_stm32f10x_md.o(.text)
    PVD_IRQHandler                           0x0800361f   Thumb Code     0  startup_stm32f10x_md.o(.text)
    RCC_IRQHandler                           0x0800361f   Thumb Code     0  startup_stm32f10x_md.o(.text)
    RTCAlarm_IRQHandler                      0x0800361f   Thumb Code     0  startup_stm32f10x_md.o(.text)
    RTC_IRQHandler                           0x0800361f   Thumb Code     0  startup_stm32f10x_md.o(.text)
    SPI1_IRQHandler                          0x0800361f   Thumb Code     0  startup_stm32f10x_md.o(.text)
    SPI2_IRQHandler                          0x0800361f   Thumb Code     0  startup_stm32f10x_md.o(.text)
    TAMPER_IRQHandler                        0x0800361f   Thumb Code     0  startup_stm32f10x_md.o(.text)
    TIM1_BRK_IRQHandler                      0x0800361f   Thumb Code     0  startup_stm32f10x_md.o(.text)
    TIM1_CC_IRQHandler                       0x0800361f   Thumb Code     0  startup_stm32f10x_md.o(.text)
    TIM1_TRG_COM_IRQHandler                  0x0800361f   Thumb Code     0  startup_stm32f10x_md.o(.text)
    TIM1_UP_IRQHandler                       0x0800361f   Thumb Code     0  startup_stm32f10x_md.o(.text)
    TIM2_IRQHandler                          0x0800361f   Thumb Code     0  startup_stm32f10x_md.o(.text)
    USART3_IRQHandler                        0x0800361f   Thumb Code     0  startup_stm32f10x_md.o(.text)
    USBWakeUp_IRQHandler                     0x0800361f   Thumb Code     0  startup_stm32f10x_md.o(.text)
    USB_HP_CAN1_TX_IRQHandler                0x0800361f   Thumb Code     0  startup_stm32f10x_md.o(.text)
    USB_LP_CAN1_RX0_IRQHandler               0x0800361f   Thumb Code     0  startup_stm32f10x_md.o(.text)
    WWDG_IRQHandler                          0x0800361f   Thumb Code     0  startup_stm32f10x_md.o(.text)
    __user_initial_stackheap                 0x08003621   Thumb Code     0  startup_stm32f10x_md.o(.text)
    GPIO_DeInit                              0x08003645   Thumb Code   172  stm32f10x_gpio.o(.text)
    GPIO_AFIODeInit                          0x080036f1   Thumb Code    20  stm32f10x_gpio.o(.text)
    GPIO_Init                                0x08003705   Thumb Code   278  stm32f10x_gpio.o(.text)
    GPIO_StructInit                          0x0800381b   Thumb Code    16  stm32f10x_gpio.o(.text)
    GPIO_ReadInputDataBit                    0x0800382b   Thumb Code    18  stm32f10x_gpio.o(.text)
    GPIO_ReadInputData                       0x0800383d   Thumb Code     8  stm32f10x_gpio.o(.text)
    GPIO_ReadOutputDataBit                   0x08003845   Thumb Code    18  stm32f10x_gpio.o(.text)
    GPIO_ReadOutputData                      0x08003857   Thumb Code     8  stm32f10x_gpio.o(.text)
    GPIO_SetBits                             0x0800385f   Thumb Code     4  stm32f10x_gpio.o(.text)
    GPIO_ResetBits                           0x08003863   Thumb Code     4  stm32f10x_gpio.o(.text)
    GPIO_WriteBit                            0x08003867   Thumb Code    10  stm32f10x_gpio.o(.text)
    GPIO_Write                               0x08003871   Thumb Code     4  stm32f10x_gpio.o(.text)
    GPIO_PinLockConfig                       0x08003875   Thumb Code    18  stm32f10x_gpio.o(.text)
    GPIO_EventOutputConfig                   0x08003887   Thumb Code    26  stm32f10x_gpio.o(.text)
    GPIO_EventOutputCmd                      0x080038a1   Thumb Code     6  stm32f10x_gpio.o(.text)
    GPIO_PinRemapConfig                      0x080038a7   Thumb Code   138  stm32f10x_gpio.o(.text)
    GPIO_EXTILineConfig                      0x08003931   Thumb Code    66  stm32f10x_gpio.o(.text)
    GPIO_ETH_MediaInterfaceConfig            0x08003973   Thumb Code     8  stm32f10x_gpio.o(.text)
    RCC_DeInit                               0x080039a1   Thumb Code    64  stm32f10x_rcc.o(.text)
    RCC_HSEConfig                            0x080039e1   Thumb Code    70  stm32f10x_rcc.o(.text)
    RCC_GetFlagStatus                        0x08003a27   Thumb Code    56  stm32f10x_rcc.o(.text)
    RCC_WaitForHSEStartUp                    0x08003a5f   Thumb Code    56  stm32f10x_rcc.o(.text)
    RCC_AdjustHSICalibrationValue            0x08003a97   Thumb Code    20  stm32f10x_rcc.o(.text)
    RCC_HSICmd                               0x08003aab   Thumb Code     6  stm32f10x_rcc.o(.text)
    RCC_PLLConfig                            0x08003ab1   Thumb Code    24  stm32f10x_rcc.o(.text)
    RCC_PLLCmd                               0x08003ac9   Thumb Code     6  stm32f10x_rcc.o(.text)
    RCC_SYSCLKConfig                         0x08003acf   Thumb Code    18  stm32f10x_rcc.o(.text)
    RCC_GetSYSCLKSource                      0x08003ae1   Thumb Code    10  stm32f10x_rcc.o(.text)
    RCC_HCLKConfig                           0x08003aeb   Thumb Code    18  stm32f10x_rcc.o(.text)
    RCC_PCLK1Config                          0x08003afd   Thumb Code    18  stm32f10x_rcc.o(.text)
    RCC_PCLK2Config                          0x08003b0f   Thumb Code    20  stm32f10x_rcc.o(.text)
    RCC_ITConfig                             0x08003b23   Thumb Code    26  stm32f10x_rcc.o(.text)
    RCC_USBCLKConfig                         0x08003b3d   Thumb Code     8  stm32f10x_rcc.o(.text)
    RCC_ADCCLKConfig                         0x08003b45   Thumb Code    18  stm32f10x_rcc.o(.text)
    RCC_LSEConfig                            0x08003b57   Thumb Code    50  stm32f10x_rcc.o(.text)
    RCC_LSICmd                               0x08003b89   Thumb Code     6  stm32f10x_rcc.o(.text)
    RCC_RTCCLKConfig                         0x08003b8f   Thumb Code    12  stm32f10x_rcc.o(.text)
    RCC_RTCCLKCmd                            0x08003b9b   Thumb Code     8  stm32f10x_rcc.o(.text)
    RCC_GetClocksFreq                        0x08003ba3   Thumb Code   192  stm32f10x_rcc.o(.text)
    RCC_AHBPeriphClockCmd                    0x08003c63   Thumb Code    26  stm32f10x_rcc.o(.text)
    RCC_APB2PeriphClockCmd                   0x08003c7d   Thumb Code    26  stm32f10x_rcc.o(.text)
    RCC_APB1PeriphClockCmd                   0x08003c97   Thumb Code    26  stm32f10x_rcc.o(.text)
    RCC_APB2PeriphResetCmd                   0x08003cb1   Thumb Code    26  stm32f10x_rcc.o(.text)
    RCC_APB1PeriphResetCmd                   0x08003ccb   Thumb Code    26  stm32f10x_rcc.o(.text)
    RCC_BackupResetCmd                       0x08003ce5   Thumb Code     8  stm32f10x_rcc.o(.text)
    RCC_ClockSecuritySystemCmd               0x08003ced   Thumb Code     6  stm32f10x_rcc.o(.text)
    RCC_MCOConfig                            0x08003cf3   Thumb Code     6  stm32f10x_rcc.o(.text)
    RCC_ClearFlag                            0x08003cf9   Thumb Code    14  stm32f10x_rcc.o(.text)
    RCC_GetITStatus                          0x08003d07   Thumb Code    20  stm32f10x_rcc.o(.text)
    RCC_ClearITPendingBit                    0x08003d1b   Thumb Code     6  stm32f10x_rcc.o(.text)
    USART_DeInit                             0x08003d45   Thumb Code   134  stm32f10x_usart.o(.text)
    USART_Init                               0x08003dcb   Thumb Code   210  stm32f10x_usart.o(.text)
    USART_StructInit                         0x08003e9d   Thumb Code    24  stm32f10x_usart.o(.text)
    USART_ClockInit                          0x08003eb5   Thumb Code    34  stm32f10x_usart.o(.text)
    USART_ClockStructInit                    0x08003ed7   Thumb Code    12  stm32f10x_usart.o(.text)
    USART_Cmd                                0x08003ee3   Thumb Code    24  stm32f10x_usart.o(.text)
    USART_ITConfig                           0x08003efb   Thumb Code    74  stm32f10x_usart.o(.text)
    USART_DMACmd                             0x08003f45   Thumb Code    18  stm32f10x_usart.o(.text)
    USART_SetAddress                         0x08003f57   Thumb Code    18  stm32f10x_usart.o(.text)
    USART_WakeUpConfig                       0x08003f69   Thumb Code    18  stm32f10x_usart.o(.text)
    USART_ReceiverWakeUpCmd                  0x08003f7b   Thumb Code    24  stm32f10x_usart.o(.text)
    USART_LINBreakDetectLengthConfig         0x08003f93   Thumb Code    18  stm32f10x_usart.o(.text)
    USART_LINCmd                             0x08003fa5   Thumb Code    24  stm32f10x_usart.o(.text)
    USART_SendData                           0x08003fbd   Thumb Code     8  stm32f10x_usart.o(.text)
    USART_ReceiveData                        0x08003fc5   Thumb Code    10  stm32f10x_usart.o(.text)
    USART_SendBreak                          0x08003fcf   Thumb Code    10  stm32f10x_usart.o(.text)
    USART_SetGuardTime                       0x08003fd9   Thumb Code    16  stm32f10x_usart.o(.text)
    USART_SetPrescaler                       0x08003fe9   Thumb Code    16  stm32f10x_usart.o(.text)
    USART_SmartCardCmd                       0x08003ff9   Thumb Code    24  stm32f10x_usart.o(.text)
    USART_SmartCardNACKCmd                   0x08004011   Thumb Code    24  stm32f10x_usart.o(.text)
    USART_HalfDuplexCmd                      0x08004029   Thumb Code    24  stm32f10x_usart.o(.text)
    USART_OverSampling8Cmd                   0x08004041   Thumb Code    22  stm32f10x_usart.o(.text)
    USART_OneBitMethodCmd                    0x08004057   Thumb Code    24  stm32f10x_usart.o(.text)
    USART_IrDAConfig                         0x0800406f   Thumb Code    18  stm32f10x_usart.o(.text)
    USART_IrDACmd                            0x08004081   Thumb Code    24  stm32f10x_usart.o(.text)
    USART_GetFlagStatus                      0x08004099   Thumb Code    26  stm32f10x_usart.o(.text)
    USART_ClearFlag                          0x080040b3   Thumb Code    18  stm32f10x_usart.o(.text)
    USART_GetITStatus                        0x080040c5   Thumb Code    84  stm32f10x_usart.o(.text)
    USART_ClearITPendingBit                  0x08004119   Thumb Code    52  stm32f10x_usart.o(.text)
    NVIC_PriorityGroupConfig                 0x0800414d   Thumb Code    10  misc.o(.text)
    NVIC_Init                                0x08004157   Thumb Code   100  misc.o(.text)
    NVIC_SetVectorTable                      0x080041bb   Thumb Code    14  misc.o(.text)
    NVIC_SystemLPConfig                      0x080041c9   Thumb Code    34  misc.o(.text)
    SysTick_CLKSourceConfig                  0x080041eb   Thumb Code    40  misc.o(.text)
    ADC_DeInit                               0x08004229   Thumb Code    78  stm32f10x_adc.o(.text)
    ADC_Init                                 0x08004277   Thumb Code    70  stm32f10x_adc.o(.text)
    ADC_StructInit                           0x080042bd   Thumb Code    18  stm32f10x_adc.o(.text)
    ADC_Cmd                                  0x080042cf   Thumb Code    22  stm32f10x_adc.o(.text)
    ADC_DMACmd                               0x080042e5   Thumb Code    22  stm32f10x_adc.o(.text)
    ADC_ITConfig                             0x080042fb   Thumb Code    24  stm32f10x_adc.o(.text)
    ADC_ResetCalibration                     0x08004313   Thumb Code    10  stm32f10x_adc.o(.text)
    ADC_GetResetCalibrationStatus            0x0800431d   Thumb Code    20  stm32f10x_adc.o(.text)
    ADC_StartCalibration                     0x08004331   Thumb Code    10  stm32f10x_adc.o(.text)
    ADC_GetCalibrationStatus                 0x0800433b   Thumb Code    20  stm32f10x_adc.o(.text)
    ADC_SoftwareStartConvCmd                 0x0800434f   Thumb Code    22  stm32f10x_adc.o(.text)
    ADC_GetSoftwareStartConvStatus           0x08004365   Thumb Code    20  stm32f10x_adc.o(.text)
    ADC_DiscModeChannelCountConfig           0x08004379   Thumb Code    24  stm32f10x_adc.o(.text)
    ADC_DiscModeCmd                          0x08004391   Thumb Code    22  stm32f10x_adc.o(.text)
    ADC_RegularChannelConfig                 0x080043a7   Thumb Code   184  stm32f10x_adc.o(.text)
    ADC_ExternalTrigConvCmd                  0x0800445f   Thumb Code    22  stm32f10x_adc.o(.text)
    ADC_GetConversionValue                   0x08004475   Thumb Code     8  stm32f10x_adc.o(.text)
    ADC_GetDualModeConversionValue           0x0800447d   Thumb Code     8  stm32f10x_adc.o(.text)
    ADC_AutoInjectedConvCmd                  0x08004485   Thumb Code    22  stm32f10x_adc.o(.text)
    ADC_InjectedDiscModeCmd                  0x0800449b   Thumb Code    22  stm32f10x_adc.o(.text)
    ADC_ExternalTrigInjectedConvConfig       0x080044b1   Thumb Code    16  stm32f10x_adc.o(.text)
    ADC_ExternalTrigInjectedConvCmd          0x080044c1   Thumb Code    22  stm32f10x_adc.o(.text)
    ADC_SoftwareStartInjectedConvCmd         0x080044d7   Thumb Code    22  stm32f10x_adc.o(.text)
    ADC_GetSoftwareStartInjectedConvCmdStatus 0x080044ed   Thumb Code    20  stm32f10x_adc.o(.text)
    ADC_InjectedChannelConfig                0x08004501   Thumb Code   130  stm32f10x_adc.o(.text)
    ADC_InjectedSequencerLengthConfig        0x08004583   Thumb Code    24  stm32f10x_adc.o(.text)
    ADC_SetInjectedOffset                    0x0800459b   Thumb Code    20  stm32f10x_adc.o(.text)
    ADC_GetInjectedConversionValue           0x080045af   Thumb Code    28  stm32f10x_adc.o(.text)
    ADC_AnalogWatchdogCmd                    0x080045cb   Thumb Code    16  stm32f10x_adc.o(.text)
    ADC_AnalogWatchdogThresholdsConfig       0x080045db   Thumb Code     6  stm32f10x_adc.o(.text)
    ADC_AnalogWatchdogSingleChannelConfig    0x080045e1   Thumb Code    16  stm32f10x_adc.o(.text)
    ADC_TempSensorVrefintCmd                 0x080045f1   Thumb Code    64  stm32f10x_adc.o(.text)
    ADC_GetFlagStatus                        0x08004631   Thumb Code    18  stm32f10x_adc.o(.text)
    ADC_ClearFlag                            0x08004643   Thumb Code     6  stm32f10x_adc.o(.text)
    ADC_GetITStatus                          0x08004649   Thumb Code    36  stm32f10x_adc.o(.text)
    ADC_ClearITPendingBit                    0x0800466d   Thumb Code    10  stm32f10x_adc.o(.text)
    SPI_I2S_DeInit                           0x08004679   Thumb Code    76  stm32f10x_spi.o(.text)
    SPI_Init                                 0x080046c5   Thumb Code    60  stm32f10x_spi.o(.text)
    I2S_Init                                 0x08004701   Thumb Code   226  stm32f10x_spi.o(.text)
    SPI_StructInit                           0x080047e3   Thumb Code    24  stm32f10x_spi.o(.text)
    I2S_StructInit                           0x080047fb   Thumb Code    20  stm32f10x_spi.o(.text)
    SPI_Cmd                                  0x0800480f   Thumb Code    24  stm32f10x_spi.o(.text)
    I2S_Cmd                                  0x08004827   Thumb Code    24  stm32f10x_spi.o(.text)
    SPI_I2S_ITConfig                         0x0800483f   Thumb Code    32  stm32f10x_spi.o(.text)
    SPI_I2S_DMACmd                           0x0800485f   Thumb Code    18  stm32f10x_spi.o(.text)
    SPI_I2S_SendData                         0x08004871   Thumb Code     4  stm32f10x_spi.o(.text)
    SPI_I2S_ReceiveData                      0x08004875   Thumb Code     6  stm32f10x_spi.o(.text)
    SPI_NSSInternalSoftwareConfig            0x0800487b   Thumb Code    30  stm32f10x_spi.o(.text)
    SPI_SSOutputCmd                          0x08004899   Thumb Code    24  stm32f10x_spi.o(.text)
    SPI_DataSizeConfig                       0x080048b1   Thumb Code    18  stm32f10x_spi.o(.text)
    SPI_TransmitCRC                          0x080048c3   Thumb Code    10  stm32f10x_spi.o(.text)
    SPI_CalculateCRC                         0x080048cd   Thumb Code    24  stm32f10x_spi.o(.text)
    SPI_GetCRC                               0x080048e5   Thumb Code    16  stm32f10x_spi.o(.text)
    SPI_GetCRCPolynomial                     0x080048f5   Thumb Code     6  stm32f10x_spi.o(.text)
    SPI_BiDirectionalLineConfig              0x080048fb   Thumb Code    28  stm32f10x_spi.o(.text)
    SPI_I2S_GetFlagStatus                    0x08004917   Thumb Code    18  stm32f10x_spi.o(.text)
    SPI_I2S_ClearFlag                        0x08004929   Thumb Code     6  stm32f10x_spi.o(.text)
    SPI_I2S_GetITStatus                      0x0800492f   Thumb Code    52  stm32f10x_spi.o(.text)
    SPI_I2S_ClearITPendingBit                0x08004963   Thumb Code    20  stm32f10x_spi.o(.text)
    EXTI_DeInit                              0x08004985   Thumb Code    28  stm32f10x_exti.o(.text)
    EXTI_Init                                0x080049a1   Thumb Code   142  stm32f10x_exti.o(.text)
    EXTI_StructInit                          0x08004a2f   Thumb Code    16  stm32f10x_exti.o(.text)
    EXTI_GenerateSWInterrupt                 0x08004a3f   Thumb Code    16  stm32f10x_exti.o(.text)
    EXTI_GetFlagStatus                       0x08004a4f   Thumb Code    22  stm32f10x_exti.o(.text)
    EXTI_ClearFlag                           0x08004a65   Thumb Code     8  stm32f10x_exti.o(.text)
    EXTI_GetITStatus                         0x08004a6d   Thumb Code    34  stm32f10x_exti.o(.text)
    EXTI_ClearITPendingBit                   0x08004a8f   Thumb Code     8  stm32f10x_exti.o(.text)
    TIM_DeInit                               0x08004aa1   Thumb Code   424  stm32f10x_tim.o(.text)
    TIM_TimeBaseInit                         0x08004c49   Thumb Code   122  stm32f10x_tim.o(.text)
    TIM_OC1Init                              0x08004cc3   Thumb Code   132  stm32f10x_tim.o(.text)
    TIM_OC2Init                              0x08004d47   Thumb Code   154  stm32f10x_tim.o(.text)
    TIM_OC3Init                              0x08004de1   Thumb Code   150  stm32f10x_tim.o(.text)
    TIM_OC4Init                              0x08004e77   Thumb Code   182  stm32f10x_tim.o(.text)
    TIM_SetIC4Prescaler                      0x08004f2d   Thumb Code    26  stm32f10x_tim.o(.text)
    TIM_SetIC3Prescaler                      0x08004fc9   Thumb Code    18  stm32f10x_tim.o(.text)
    TIM_SetIC2Prescaler                      0x08005055   Thumb Code    26  stm32f10x_tim.o(.text)
    TIM_SetIC1Prescaler                      0x080050f1   Thumb Code    18  stm32f10x_tim.o(.text)
    TIM_ICInit                               0x0800516f   Thumb Code   150  stm32f10x_tim.o(.text)
    TIM_PWMIConfig                           0x08005205   Thumb Code   124  stm32f10x_tim.o(.text)
    TIM_BDTRConfig                           0x08005281   Thumb Code    32  stm32f10x_tim.o(.text)
    TIM_TimeBaseStructInit                   0x080052a1   Thumb Code    18  stm32f10x_tim.o(.text)
    TIM_OCStructInit                         0x080052b3   Thumb Code    20  stm32f10x_tim.o(.text)
    TIM_ICStructInit                         0x080052c7   Thumb Code    18  stm32f10x_tim.o(.text)
    TIM_BDTRStructInit                       0x080052d9   Thumb Code    40  stm32f10x_tim.o(.text)
    TIM_Cmd                                  0x08005301   Thumb Code    24  stm32f10x_tim.o(.text)
    TIM_CtrlPWMOutputs                       0x08005319   Thumb Code    30  stm32f10x_tim.o(.text)
    TIM_ITConfig                             0x08005337   Thumb Code    18  stm32f10x_tim.o(.text)
    TIM_GenerateEvent                        0x08005349   Thumb Code     4  stm32f10x_tim.o(.text)
    TIM_DMAConfig                            0x0800534d   Thumb Code    10  stm32f10x_tim.o(.text)
    TIM_DMACmd                               0x08005357   Thumb Code    18  stm32f10x_tim.o(.text)
    TIM_InternalClockConfig                  0x08005369   Thumb Code    12  stm32f10x_tim.o(.text)
    TIM_SelectInputTrigger                   0x08005375   Thumb Code    18  stm32f10x_tim.o(.text)
    TIM_ITRxExternalClockConfig              0x08005387   Thumb Code    24  stm32f10x_tim.o(.text)
    TIM_TIxExternalClockConfig               0x0800539f   Thumb Code    62  stm32f10x_tim.o(.text)
    TIM_ETRConfig                            0x080053dd   Thumb Code    28  stm32f10x_tim.o(.text)
    TIM_ETRClockMode1Config                  0x080053f9   Thumb Code    54  stm32f10x_tim.o(.text)
    TIM_ETRClockMode2Config                  0x0800542f   Thumb Code    32  stm32f10x_tim.o(.text)
    TIM_PrescalerConfig                      0x0800544f   Thumb Code     6  stm32f10x_tim.o(.text)
    TIM_CounterModeConfig                    0x08005455   Thumb Code    18  stm32f10x_tim.o(.text)
    TIM_EncoderInterfaceConfig               0x08005467   Thumb Code    66  stm32f10x_tim.o(.text)
    TIM_ForcedOC1Config                      0x080054a9   Thumb Code    18  stm32f10x_tim.o(.text)
    TIM_ForcedOC2Config                      0x080054bb   Thumb Code    26  stm32f10x_tim.o(.text)
    TIM_ForcedOC3Config                      0x080054d5   Thumb Code    18  stm32f10x_tim.o(.text)
    TIM_ForcedOC4Config                      0x080054e7   Thumb Code    26  stm32f10x_tim.o(.text)
    TIM_ARRPreloadConfig                     0x08005501   Thumb Code    24  stm32f10x_tim.o(.text)
    TIM_SelectCOM                            0x08005519   Thumb Code    24  stm32f10x_tim.o(.text)
    TIM_SelectCCDMA                          0x08005531   Thumb Code    24  stm32f10x_tim.o(.text)
    TIM_CCPreloadControl                     0x08005549   Thumb Code    24  stm32f10x_tim.o(.text)
    TIM_OC1PreloadConfig                     0x08005561   Thumb Code    18  stm32f10x_tim.o(.text)
    TIM_OC2PreloadConfig                     0x08005573   Thumb Code    26  stm32f10x_tim.o(.text)
    TIM_OC3PreloadConfig                     0x0800558d   Thumb Code    18  stm32f10x_tim.o(.text)
    TIM_OC4PreloadConfig                     0x0800559f   Thumb Code    26  stm32f10x_tim.o(.text)
    TIM_OC1FastConfig                        0x080055b9   Thumb Code    18  stm32f10x_tim.o(.text)
    TIM_OC2FastConfig                        0x080055cb   Thumb Code    26  stm32f10x_tim.o(.text)
    TIM_OC3FastConfig                        0x080055e5   Thumb Code    18  stm32f10x_tim.o(.text)
    TIM_OC4FastConfig                        0x080055f7   Thumb Code    26  stm32f10x_tim.o(.text)
    TIM_ClearOC1Ref                          0x08005611   Thumb Code    18  stm32f10x_tim.o(.text)
    TIM_ClearOC2Ref                          0x08005623   Thumb Code    24  stm32f10x_tim.o(.text)
    TIM_ClearOC3Ref                          0x0800563b   Thumb Code    18  stm32f10x_tim.o(.text)
    TIM_ClearOC4Ref                          0x0800564d   Thumb Code    24  stm32f10x_tim.o(.text)
    TIM_OC1PolarityConfig                    0x08005665   Thumb Code    18  stm32f10x_tim.o(.text)
    TIM_OC1NPolarityConfig                   0x08005677   Thumb Code    18  stm32f10x_tim.o(.text)
    TIM_OC2PolarityConfig                    0x08005689   Thumb Code    26  stm32f10x_tim.o(.text)
    TIM_OC2NPolarityConfig                   0x080056a3   Thumb Code    26  stm32f10x_tim.o(.text)
    TIM_OC3PolarityConfig                    0x080056bd   Thumb Code    26  stm32f10x_tim.o(.text)
    TIM_OC3NPolarityConfig                   0x080056d7   Thumb Code    26  stm32f10x_tim.o(.text)
    TIM_OC4PolarityConfig                    0x080056f1   Thumb Code    26  stm32f10x_tim.o(.text)
    TIM_CCxCmd                               0x0800570b   Thumb Code    30  stm32f10x_tim.o(.text)
    TIM_CCxNCmd                              0x08005729   Thumb Code    30  stm32f10x_tim.o(.text)
    TIM_SelectOCxM                           0x08005747   Thumb Code    82  stm32f10x_tim.o(.text)
    TIM_UpdateDisableConfig                  0x08005799   Thumb Code    24  stm32f10x_tim.o(.text)
    TIM_UpdateRequestConfig                  0x080057b1   Thumb Code    24  stm32f10x_tim.o(.text)
    TIM_SelectHallSensor                     0x080057c9   Thumb Code    24  stm32f10x_tim.o(.text)
    TIM_SelectOnePulseMode                   0x080057e1   Thumb Code    18  stm32f10x_tim.o(.text)
    TIM_SelectOutputTrigger                  0x080057f3   Thumb Code    18  stm32f10x_tim.o(.text)
    TIM_SelectSlaveMode                      0x08005805   Thumb Code    18  stm32f10x_tim.o(.text)
    TIM_SelectMasterSlaveMode                0x08005817   Thumb Code    18  stm32f10x_tim.o(.text)
    TIM_SetCounter                           0x08005829   Thumb Code     4  stm32f10x_tim.o(.text)
    TIM_SetAutoreload                        0x0800582d   Thumb Code     4  stm32f10x_tim.o(.text)
    TIM_SetCompare1                          0x08005831   Thumb Code     4  stm32f10x_tim.o(.text)
    TIM_SetCompare2                          0x08005835   Thumb Code     4  stm32f10x_tim.o(.text)
    TIM_SetCompare3                          0x08005839   Thumb Code     4  stm32f10x_tim.o(.text)
    TIM_SetCompare4                          0x0800583d   Thumb Code     6  stm32f10x_tim.o(.text)
    TIM_SetClockDivision                     0x08005843   Thumb Code    18  stm32f10x_tim.o(.text)
    TIM_GetCapture1                          0x08005855   Thumb Code     6  stm32f10x_tim.o(.text)
    TIM_GetCapture2                          0x0800585b   Thumb Code     6  stm32f10x_tim.o(.text)
    TIM_GetCapture3                          0x08005861   Thumb Code     6  stm32f10x_tim.o(.text)
    TIM_GetCapture4                          0x08005867   Thumb Code     8  stm32f10x_tim.o(.text)
    TIM_GetCounter                           0x0800586f   Thumb Code     6  stm32f10x_tim.o(.text)
    TIM_GetPrescaler                         0x08005875   Thumb Code     6  stm32f10x_tim.o(.text)
    TIM_GetFlagStatus                        0x0800587b   Thumb Code    18  stm32f10x_tim.o(.text)
    TIM_ClearFlag                            0x0800588d   Thumb Code     6  stm32f10x_tim.o(.text)
    TIM_GetITStatus                          0x08005893   Thumb Code    34  stm32f10x_tim.o(.text)
    TIM_ClearITPendingBit                    0x080058b5   Thumb Code     6  stm32f10x_tim.o(.text)
    __use_no_semihosting                     0x080058bb   Thumb Code     2  use_no_semi_2.o(.text)
    __2printf                                0x080058bd   Thumb Code    20  noretval__2printf.o(.text)
    __2sprintf                               0x080058d5   Thumb Code    34  noretval__2sprintf.o(.text)
    _printf_int_dec                          0x080058fd   Thumb Code   104  _printf_dec.o(.text)
    __printf                                 0x08005975   Thumb Code   270  __printf_wp.o(.text)
    strchr                                   0x08005a83   Thumb Code    20  strchr.o(.text)
    strcpy                                   0x08005a97   Thumb Code    72  strcpy.o(.text)
    strlen                                   0x08005adf   Thumb Code    62  strlen.o(.text)
    strcat                                   0x08005b1d   Thumb Code    24  strcat.o(.text)
    __aeabi_memcpy4                          0x08005b35   Thumb Code     0  rt_memcpy_w.o(.text)
    __aeabi_memcpy8                          0x08005b35   Thumb Code     0  rt_memcpy_w.o(.text)
    __rt_memcpy_w                            0x08005b35   Thumb Code   100  rt_memcpy_w.o(.text)
    _memcpy_lastbytes_aligned                0x08005b7d   Thumb Code     0  rt_memcpy_w.o(.text)
    __aeabi_memclr4                          0x08005b99   Thumb Code     0  rt_memclr_w.o(.text)
    __aeabi_memclr8                          0x08005b99   Thumb Code     0  rt_memclr_w.o(.text)
    __rt_memclr_w                            0x08005b99   Thumb Code    78  rt_memclr_w.o(.text)
    _memset_w                                0x08005b9d   Thumb Code     0  rt_memclr_w.o(.text)
    __use_two_region_memory                  0x08005be7   Thumb Code     2  heapauxi.o(.text)
    __rt_heap_escrow$2region                 0x08005be9   Thumb Code     2  heapauxi.o(.text)
    __rt_heap_expand$2region                 0x08005beb   Thumb Code     2  heapauxi.o(.text)
    __I$use$semihosting                      0x08005bed   Thumb Code     0  use_no_semi.o(.text)
    __use_no_semihosting_swi                 0x08005bed   Thumb Code     2  use_no_semi.o(.text)
    __read_errno                             0x08005bef   Thumb Code    10  _rserrno.o(.text)
    __set_errno                              0x08005bf9   Thumb Code    12  _rserrno.o(.text)
    _printf_int_common                       0x08005c05   Thumb Code   178  _printf_intcommon.o(.text)
    __lib_sel_fp_printf                      0x08005cb7   Thumb Code     2  _printf_fp_dec.o(.text)
    _printf_fp_dec_real                      0x08005e69   Thumb Code   620  _printf_fp_dec.o(.text)
    _printf_char_common                      0x080060df   Thumb Code    32  _printf_char_common.o(.text)
    _sputc                                   0x08006105   Thumb Code    10  _sputc.o(.text)
    _printf_char_file                        0x08006111   Thumb Code    32  _printf_char_file.o(.text)
    __strtod_int                             0x08006171   Thumb Code    90  strtod.o(.text)
    __rt_locale                              0x080061d9   Thumb Code     8  rt_locale_intlibspace.o(.text)
    __aeabi_errno_addr                       0x080061e1   Thumb Code     8  rt_errno_addr_intlibspace.o(.text)
    __errno$intlibspace                      0x080061e1   Thumb Code     0  rt_errno_addr_intlibspace.o(.text)
    __rt_errno_addr$intlibspace              0x080061e1   Thumb Code     0  rt_errno_addr_intlibspace.o(.text)
    _ll_udiv10                               0x080061e9   Thumb Code   138  lludiv10.o(.text)
    isspace                                  0x08006273   Thumb Code    18  isspace.o(.text)
    _printf_fp_infnan                        0x08006285   Thumb Code   112  _printf_fp_infnan.o(.text)
    _sgetc                                   0x08006305   Thumb Code    30  _sgetc.o(.text)
    _sbackspace                              0x08006323   Thumb Code    34  _sgetc.o(.text)
    _btod_etento                             0x08006345   Thumb Code   224  bigflt0.o(.text)
    ferror                                   0x08006429   Thumb Code     8  ferror.o(.text)
    __user_libspace                          0x08006431   Thumb Code     8  libspace.o(.text)
    __user_perproc_libspace                  0x08006431   Thumb Code     0  libspace.o(.text)
    __user_perthread_libspace                0x08006431   Thumb Code     0  libspace.o(.text)
    __user_setup_stackheap                   0x08006439   Thumb Code    74  sys_stackheap_outer.o(.text)
    __rt_ctype_table                         0x08006485   Thumb Code    16  rt_ctype_table.o(.text)
    _scanf_really_real                       0x080066e1   Thumb Code   684  scanf_fp.o(.text)
    exit                                     0x0800698d   Thumb Code    18  exit.o(.text)
    strcmp                                   0x080069a1   Thumb Code   128  strcmpv7m.o(.text)
    _scanf_really_hex_real                   0x08006a21   Thumb Code   786  scanf_hexfp.o(.text)
    _scanf_really_infnan                     0x08006d41   Thumb Code   292  scanf_infnan.o(.text)
    __aeabi_llsl                             0x08006e75   Thumb Code     0  llshl.o(.text)
    _ll_shift_l                              0x08006e75   Thumb Code    38  llshl.o(.text)
    _chval                                   0x08006e9b   Thumb Code    28  _chval.o(.text)
    _btod_d2e                                0x08006eb7   Thumb Code    62  btod.o(CL$$btod_d2e)
    _d2e_denorm_low                          0x08006ef5   Thumb Code    70  btod.o(CL$$btod_d2e_denorm_low)
    _d2e_norm_op1                            0x08006f3b   Thumb Code    96  btod.o(CL$$btod_d2e_norm_op1)
    __btod_div_common                        0x08006f9b   Thumb Code   696  btod.o(CL$$btod_div_common)
    _e2d                                     0x080072d5   Thumb Code   122  btod.o(CL$$btod_e2d)
    _e2e                                     0x08007359   Thumb Code   220  btod.o(CL$$btod_e2e)
    _btod_ediv                               0x08007435   Thumb Code    42  btod.o(CL$$btod_ediv)
    _btod_edivd                              0x0800745f   Thumb Code    42  btod.o(CL$$btod_edivd)
    _btod_emul                               0x08007489   Thumb Code    42  btod.o(CL$$btod_emul)
    _btod_emuld                              0x080074b3   Thumb Code    42  btod.o(CL$$btod_emuld)
    __btod_mult_common                       0x080074dd   Thumb Code   580  btod.o(CL$$btod_mult_common)
    __ARM_fpclassify                         0x08007721   Thumb Code    40  fpclassify.o(i.__ARM_fpclassify)
    __mathlib_dbl_overflow                   0x08007749   Thumb Code    14  dunder.o(i.__mathlib_dbl_overflow)
    __mathlib_dbl_underflow                  0x08007759   Thumb Code    10  dunder.o(i.__mathlib_dbl_underflow)
    __mathlib_narrow                         0x08007769   Thumb Code    16  narrow.o(i.__mathlib_narrow)
    __mathlib_tofloat                        0x08007779   Thumb Code   184  narrow.o(i.__mathlib_tofloat)
    __support_ldexp                          0x08007835   Thumb Code    22  ldexp.o(i.__support_ldexp)
    _is_digit                                0x0800784b   Thumb Code    14  __printf_wp.o(i._is_digit)
    atof                                     0x08007859   Thumb Code    42  atof.o(i.atof)
    frexp                                    0x08007885   Thumb Code    80  frexp.o(i.frexp)
    ldexp                                    0x080078dd   Thumb Code   116  ldexp.o(i.ldexp)
    _get_lc_numeric                          0x08007951   Thumb Code    44  lc_numeric_c.o(locale$$code)
    _get_lc_ctype                            0x0800797d   Thumb Code    44  lc_ctype_c.o(locale$$code)
    __aeabi_d2f                              0x080079a9   Thumb Code     0  d2f.o(x$fpl$d2f)
    _d2f                                     0x080079a9   Thumb Code    98  d2f.o(x$fpl$d2f)
    __aeabi_dadd                             0x08007a0d   Thumb Code     0  daddsub_clz.o(x$fpl$dadd)
    _dadd                                    0x08007a0d   Thumb Code   332  daddsub_clz.o(x$fpl$dadd)
    __fpl_dcheck_NaN1                        0x08007b5d   Thumb Code    10  dcheck1.o(x$fpl$dcheck1)
    __fpl_dcmp_Inf                           0x08007b6d   Thumb Code    24  dcmpi.o(x$fpl$dcmpinf)
    __aeabi_ddiv                             0x08007b85   Thumb Code     0  ddiv.o(x$fpl$ddiv)
    _ddiv                                    0x08007b85   Thumb Code   552  ddiv.o(x$fpl$ddiv)
    __aeabi_cdcmpeq                          0x08007e35   Thumb Code     0  deqf.o(x$fpl$deqf)
    _dcmpeq                                  0x08007e35   Thumb Code   120  deqf.o(x$fpl$deqf)
    __aeabi_d2uiz                            0x08007ead   Thumb Code     0  dfixu.o(x$fpl$dfixu)
    _dfixu                                   0x08007ead   Thumb Code    90  dfixu.o(x$fpl$dfixu)
    __aeabi_i2d                              0x08007f07   Thumb Code     0  dflt_clz.o(x$fpl$dflt)
    _dflt                                    0x08007f07   Thumb Code    46  dflt_clz.o(x$fpl$dflt)
    __aeabi_ui2d                             0x08007f35   Thumb Code     0  dflt_clz.o(x$fpl$dfltu)
    _dfltu                                   0x08007f35   Thumb Code    38  dflt_clz.o(x$fpl$dfltu)
    __aeabi_cdcmple                          0x08007f5d   Thumb Code     0  dleqf.o(x$fpl$dleqf)
    _dcmple                                  0x08007f5d   Thumb Code   120  dleqf.o(x$fpl$dleqf)
    __fpl_dcmple_InfNaN                      0x08007fbf   Thumb Code     0  dleqf.o(x$fpl$dleqf)
    __aeabi_dmul                             0x08007fd5   Thumb Code     0  dmul.o(x$fpl$dmul)
    _dmul                                    0x08007fd5   Thumb Code   332  dmul.o(x$fpl$dmul)
    __fpl_dnaninf                            0x08008129   Thumb Code   156  dnaninf.o(x$fpl$dnaninf)
    __fpl_dretinf                            0x080081c5   Thumb Code    12  dretinf.o(x$fpl$dretinf)
    __aeabi_cdrcmple                         0x080081d1   Thumb Code     0  drleqf.o(x$fpl$drleqf)
    _drcmple                                 0x080081d1   Thumb Code   108  drleqf.o(x$fpl$drleqf)
    __aeabi_dsub                             0x0800823d   Thumb Code     0  daddsub_clz.o(x$fpl$dsub)
    _dsub                                    0x0800823d   Thumb Code   464  daddsub_clz.o(x$fpl$dsub)
    __aeabi_f2d                              0x08008411   Thumb Code     0  f2d.o(x$fpl$f2d)
    _f2d                                     0x08008411   Thumb Code    86  f2d.o(x$fpl$f2d)
    __aeabi_fadd                             0x08008469   Thumb Code     0  faddsub_clz.o(x$fpl$fadd)
    _fadd                                    0x08008469   Thumb Code   196  faddsub_clz.o(x$fpl$fadd)
    __fpl_fcmp_Inf                           0x0800852d   Thumb Code    24  fcmpi.o(x$fpl$fcmpinf)
    __aeabi_cfcmpeq                          0x08008545   Thumb Code     0  feqf.o(x$fpl$feqf)
    _fcmpeq                                  0x08008545   Thumb Code   104  feqf.o(x$fpl$feqf)
    __aeabi_f2iz                             0x080085ad   Thumb Code     0  ffix.o(x$fpl$ffix)
    _ffix                                    0x080085ad   Thumb Code    54  ffix.o(x$fpl$ffix)
    __aeabi_i2f                              0x080085e5   Thumb Code     0  fflt_clz.o(x$fpl$fflt)
    _fflt                                    0x080085e5   Thumb Code    48  fflt_clz.o(x$fpl$fflt)
    __aeabi_ui2f                             0x08008615   Thumb Code     0  fflt_clz.o(x$fpl$ffltu)
    _ffltu                                   0x08008615   Thumb Code    38  fflt_clz.o(x$fpl$ffltu)
    __aeabi_cfcmple                          0x0800863d   Thumb Code     0  fleqf.o(x$fpl$fleqf)
    _fcmple                                  0x0800863d   Thumb Code   104  fleqf.o(x$fpl$fleqf)
    __fpl_fcmple_InfNaN                      0x0800868f   Thumb Code     0  fleqf.o(x$fpl$fleqf)
    __aeabi_fmul                             0x080086a5   Thumb Code     0  fmul.o(x$fpl$fmul)
    _fmul                                    0x080086a5   Thumb Code   258  fmul.o(x$fpl$fmul)
    __fpl_fnaninf                            0x080087a7   Thumb Code   140  fnaninf.o(x$fpl$fnaninf)
    __fpl_fretinf                            0x08008833   Thumb Code    10  fretinf.o(x$fpl$fretinf)
    __aeabi_cfrcmple                         0x0800883d   Thumb Code     0  frleqf.o(x$fpl$frleqf)
    _frcmple                                 0x0800883d   Thumb Code    98  frleqf.o(x$fpl$frleqf)
    __aeabi_fsub                             0x080088a1   Thumb Code     0  faddsub_clz.o(x$fpl$fsub)
    _fsub                                    0x080088a1   Thumb Code   234  faddsub_clz.o(x$fpl$fsub)
    __ieee_status                            0x0800898b   Thumb Code     6  istatus.o(x$fpl$ieeestatus)
    _printf_fp_dec                           0x08008991   Thumb Code     4  printf1.o(x$fpl$printf1)
    __fpl_return_NaN                         0x08008995   Thumb Code   100  retnan.o(x$fpl$retnan)
    __ARM_scalbn                             0x080089f9   Thumb Code    92  scalbn.o(x$fpl$scalbn)
    _scanf_real                              0x08008a55   Thumb Code     4  scanf1.o(x$fpl$scanf1)
    _scanf_hex_real                          0x08008a59   Thumb Code     4  scanf2.o(x$fpl$scanf2)
    _scanf_infnan                            0x08008a5d   Thumb Code     4  scanf2.o(x$fpl$scanf2)
    __fpl_cmpreturn                          0x08008a61   Thumb Code    48  trapv.o(x$fpl$trapveneer)
    __I$use$fp                               0x08008a90   Number         0  usenofp.o(x$fpl$usenofp)
    asc2_1206                                0x08008a90   Data        1140  gui.o(.constdata)
    asc2_1608                                0x08008f04   Data        1520  gui.o(.constdata)
    asc2_2412                                0x080094f4   Data         576  gui.o(.constdata)
    tfont16                                  0x08009734   Data         544  gui.o(.constdata)
    tfont24                                  0x08009954   Data         814  gui.o(.constdata)
    tfont32                                  0x08009c82   Data         130  gui.o(.constdata)
    Region$$Table$$Base                      0x08009d98   Number         0  anon$$obj.o(Region$$Table)
    Region$$Table$$Limit                     0x08009db8   Number         0  anon$$obj.o(Region$$Table)
    __aeabi_HUGE_VAL                         0x08009db8   Data           0  fpconst.o(c$$dinf)
    __aeabi_HUGE_VALL                        0x08009db8   Data           0  fpconst.o(c$$dinf)
    __aeabi_INFINITY                         0x08009db8   Data           0  fpconst.o(c$$dinf)
    __dInf                                   0x08009db8   Data           0  fpconst.o(c$$dinf)
    __huge_val                               0x08009db8   Data           0  fpconst.o(c$$dinf)
    __dbl_max                                0x08009dc0   Data           0  fpconst.o(c$$dmax)
    __ctype                                  0x08009df1   Data           0  lc_ctype_c.o(locale$$data)
    set_flowvalue                            0x20000000   Data           4  main.o(.data)
    set_flag                                 0x2000000b   Data           1  main.o(.data)
    pid_set                                  0x2000000c   Data           1  main.o(.data)
    len                                      0x2000000d   Data           1  main.o(.data)
    input_8202                               0x2000000e   Data           2  main.o(.data)
    voltage_pid                              0x20000010   Data           4  main.o(.data)
    SystemCoreClock                          0x20000014   Data           4  system_stm32f10x.o(.data)
    AHBPrescTable                            0x20000018   Data          16  system_stm32f10x.o(.data)
    POINT_COLOR                              0x20000028   Data           2  lcd.o(.data)
    BACK_COLOR                               0x2000002a   Data           2  lcd.o(.data)
    DeviceCode                               0x2000002c   Data           2  lcd.o(.data)
    RS485_RX_CNT                             0x2000002e   Data           1  rs485.o(.data)
    key1_pressed                             0x2000002f   Data           1  exti.o(.data)
    key_up_fall_flag                         0x20000034   Data           1  time.o(.data)
    key_down_fall_flag                       0x20000035   Data           1  time.o(.data)
    key_up_up_flag                           0x20000036   Data           1  time.o(.data)
    K_UP_status                              0x20000037   Data           1  time.o(.data)
    K_DOWN_status                            0x20000038   Data           1  time.o(.data)
    key                                      0x20000039   Data           1  time.o(.data)
    data                                     0x2000003a   Data           2  time.o(.data)
    tmp                                      0x2000003c   Data           1  time.o(.data)
    Flow_Convert_Voltage                     0x20000048   Data         392  pid.o(.data)
    __stdout                                 0x200001d4   Data           4  usart.o(.data)
    USART_RX_STA                             0x200001d8   Data           2  usart.o(.data)
    lcddev                                   0x200001f0   Data          14  lcd.o(.bss)
    RS485_RX_BUF                             0x200001fe   Data          64  rs485.o(.bss)
    pid                                      0x20000240   Data          44  pid.o(.bss)
    USART_RX_BUF                             0x2000026c   Data         200  usart.o(.bss)
    __libspace_start                         0x20000334   Data          96  libspace.o(.bss)
    __temporary_stack_top$libspace           0x20000394   Data           0  libspace.o(.bss)



==============================================================================

Memory Map of the image

  Image Entry point : 0x080000ed

  Load Region LR_IROM1 (Base: 0x08000000, Size: 0x0000a0e4, Max: 0x00020000, ABSOLUTE, COMPRESSED[0x0000a050])

    Execution Region ER_IROM1 (Exec base: 0x08000000, Load base: 0x08000000, Size: 0x00009ef4, Max: 0x00020000, ABSOLUTE)

    Exec Addr    Load Addr    Size         Type   Attr      Idx    E Section Name        Object

    0x08000000   0x08000000   0x000000ec   Data   RO          456    RESET               startup_stm32f10x_md.o
    0x080000ec   0x080000ec   0x00000008   Code   RO          612  * !!!main             c_w.l(__main.o)
    0x080000f4   0x080000f4   0x00000034   Code   RO          991    !!!scatter          c_w.l(__scatter.o)
    0x08000128   0x08000128   0x0000005a   Code   RO          989    !!dczerorl2         c_w.l(__dczerorl2.o)
    0x08000182   0x08000182   0x00000002   PAD
    0x08000184   0x08000184   0x0000001c   Code   RO          993    !!handler_zi        c_w.l(__scatter_zi.o)
    0x080001a0   0x080001a0   0x00000000   Code   RO          597    .ARM.Collect$$_printf_percent$$00000000  c_w.l(_printf_percent.o)
    0x080001a0   0x080001a0   0x00000006   Code   RO          596    .ARM.Collect$$_printf_percent$$00000003  c_w.l(_printf_f.o)
    0x080001a6   0x080001a6   0x00000006   Code   RO          595    .ARM.Collect$$_printf_percent$$00000009  c_w.l(_printf_d.o)
    0x080001ac   0x080001ac   0x00000004   Code   RO          687    .ARM.Collect$$_printf_percent$$00000017  c_w.l(_printf_percent_end.o)
    0x080001b0   0x080001b0   0x00000002   Code   RO          796    .ARM.Collect$$libinit$$00000000  c_w.l(libinit.o)
    0x080001b2   0x080001b2   0x00000000   Code   RO          798    .ARM.Collect$$libinit$$00000002  c_w.l(libinit2.o)
    0x080001b2   0x080001b2   0x00000000   Code   RO          800    .ARM.Collect$$libinit$$00000004  c_w.l(libinit2.o)
    0x080001b2   0x080001b2   0x00000000   Code   RO          803    .ARM.Collect$$libinit$$0000000A  c_w.l(libinit2.o)
    0x080001b2   0x080001b2   0x00000000   Code   RO          805    .ARM.Collect$$libinit$$0000000C  c_w.l(libinit2.o)
    0x080001b2   0x080001b2   0x00000000   Code   RO          807    .ARM.Collect$$libinit$$0000000E  c_w.l(libinit2.o)
    0x080001b2   0x080001b2   0x00000006   Code   RO          808    .ARM.Collect$$libinit$$0000000F  c_w.l(libinit2.o)
    0x080001b8   0x080001b8   0x00000000   Code   RO          810    .ARM.Collect$$libinit$$00000011  c_w.l(libinit2.o)
    0x080001b8   0x080001b8   0x0000000c   Code   RO          811    .ARM.Collect$$libinit$$00000012  c_w.l(libinit2.o)
    0x080001c4   0x080001c4   0x00000000   Code   RO          812    .ARM.Collect$$libinit$$00000013  c_w.l(libinit2.o)
    0x080001c4   0x080001c4   0x00000000   Code   RO          814    .ARM.Collect$$libinit$$00000015  c_w.l(libinit2.o)
    0x080001c4   0x080001c4   0x0000000a   Code   RO          815    .ARM.Collect$$libinit$$00000016  c_w.l(libinit2.o)
    0x080001ce   0x080001ce   0x00000000   Code   RO          816    .ARM.Collect$$libinit$$00000017  c_w.l(libinit2.o)
    0x080001ce   0x080001ce   0x00000000   Code   RO          818    .ARM.Collect$$libinit$$00000019  c_w.l(libinit2.o)
    0x080001ce   0x080001ce   0x00000000   Code   RO          820    .ARM.Collect$$libinit$$0000001B  c_w.l(libinit2.o)
    0x080001ce   0x080001ce   0x00000000   Code   RO          822    .ARM.Collect$$libinit$$0000001D  c_w.l(libinit2.o)
    0x080001ce   0x080001ce   0x00000000   Code   RO          824    .ARM.Collect$$libinit$$0000001F  c_w.l(libinit2.o)
    0x080001ce   0x080001ce   0x00000000   Code   RO          826    .ARM.Collect$$libinit$$00000021  c_w.l(libinit2.o)
    0x080001ce   0x080001ce   0x00000000   Code   RO          828    .ARM.Collect$$libinit$$00000023  c_w.l(libinit2.o)
    0x080001ce   0x080001ce   0x00000000   Code   RO          830    .ARM.Collect$$libinit$$00000025  c_w.l(libinit2.o)
    0x080001ce   0x080001ce   0x00000000   Code   RO          834    .ARM.Collect$$libinit$$0000002C  c_w.l(libinit2.o)
    0x080001ce   0x080001ce   0x00000000   Code   RO          836    .ARM.Collect$$libinit$$0000002E  c_w.l(libinit2.o)
    0x080001ce   0x080001ce   0x00000000   Code   RO          838    .ARM.Collect$$libinit$$00000030  c_w.l(libinit2.o)
    0x080001ce   0x080001ce   0x00000000   Code   RO          840    .ARM.Collect$$libinit$$00000032  c_w.l(libinit2.o)
    0x080001ce   0x080001ce   0x00000002   Code   RO          841    .ARM.Collect$$libinit$$00000033  c_w.l(libinit2.o)
    0x080001d0   0x080001d0   0x00000002   Code   RO          902    .ARM.Collect$$libshutdown$$00000000  c_w.l(libshutdown.o)
    0x080001d2   0x080001d2   0x00000000   Code   RO          925    .ARM.Collect$$libshutdown$$00000002  c_w.l(libshutdown2.o)
    0x080001d2   0x080001d2   0x00000000   Code   RO          927    .ARM.Collect$$libshutdown$$00000004  c_w.l(libshutdown2.o)
    0x080001d2   0x080001d2   0x00000000   Code   RO          929    .ARM.Collect$$libshutdown$$00000006  c_w.l(libshutdown2.o)
    0x080001d2   0x080001d2   0x00000000   Code   RO          932    .ARM.Collect$$libshutdown$$00000009  c_w.l(libshutdown2.o)
    0x080001d2   0x080001d2   0x00000000   Code   RO          935    .ARM.Collect$$libshutdown$$0000000C  c_w.l(libshutdown2.o)
    0x080001d2   0x080001d2   0x00000000   Code   RO          937    .ARM.Collect$$libshutdown$$0000000E  c_w.l(libshutdown2.o)
    0x080001d2   0x080001d2   0x00000000   Code   RO          940    .ARM.Collect$$libshutdown$$00000011  c_w.l(libshutdown2.o)
    0x080001d2   0x080001d2   0x00000002   Code   RO          941    .ARM.Collect$$libshutdown$$00000012  c_w.l(libshutdown2.o)
    0x080001d4   0x080001d4   0x00000000   Code   RO          674    .ARM.Collect$$rtentry$$00000000  c_w.l(__rtentry.o)
    0x080001d4   0x080001d4   0x00000000   Code   RO          704    .ARM.Collect$$rtentry$$00000002  c_w.l(__rtentry2.o)
    0x080001d4   0x080001d4   0x00000006   Code   RO          716    .ARM.Collect$$rtentry$$00000004  c_w.l(__rtentry4.o)
    0x080001da   0x080001da   0x00000000   Code   RO          706    .ARM.Collect$$rtentry$$00000009  c_w.l(__rtentry2.o)
    0x080001da   0x080001da   0x00000004   Code   RO          707    .ARM.Collect$$rtentry$$0000000A  c_w.l(__rtentry2.o)
    0x080001de   0x080001de   0x00000000   Code   RO          709    .ARM.Collect$$rtentry$$0000000C  c_w.l(__rtentry2.o)
    0x080001de   0x080001de   0x00000008   Code   RO          710    .ARM.Collect$$rtentry$$0000000D  c_w.l(__rtentry2.o)
    0x080001e6   0x080001e6   0x00000002   Code   RO          842    .ARM.Collect$$rtexit$$00000000  c_w.l(rtexit.o)
    0x080001e8   0x080001e8   0x00000000   Code   RO          868    .ARM.Collect$$rtexit$$00000002  c_w.l(rtexit2.o)
    0x080001e8   0x080001e8   0x00000004   Code   RO          869    .ARM.Collect$$rtexit$$00000003  c_w.l(rtexit2.o)
    0x080001ec   0x080001ec   0x00000006   Code   RO          870    .ARM.Collect$$rtexit$$00000004  c_w.l(rtexit2.o)
    0x080001f2   0x080001f2   0x00000002   PAD
    0x080001f4   0x080001f4   0x000009b0   Code   RO            1    .text               main.o
    0x08000ba4   0x08000ba4   0x0000001a   Code   RO          151    .text               stm32f10x_it.o
    0x08000bbe   0x08000bbe   0x00000002   PAD
    0x08000bc0   0x08000bc0   0x000001e0   Code   RO          192    .text               system_stm32f10x.o
    0x08000da0   0x08000da0   0x000000e8   Code   RO          210    .text               adc.o
    0x08000e88   0x08000e88   0x00000558   Code   RO          222    .text               lcd.o
    0x080013e0   0x080013e0   0x00000c68   Code   RO          241    .text               gui.o
    0x08002048   0x08002048   0x000001a4   Code   RO          266    .text               rs485.o
    0x080021ec   0x080021ec   0x00000104   Code   RO          285    .text               exti.o
    0x080022f0   0x080022f0   0x00000098   Code   RO          318    .text               key.o
    0x08002388   0x08002388   0x00000a08   Code   RO          331    .text               time.o
    0x08002d90   0x08002d90   0x00000290   Code   RO          350    .text               pid.o
    0x08003020   0x08003020   0x00000054   Code   RO          366    .text               gp8202.o
    0x08003074   0x08003074   0x0000037c   Code   RO          378    .text               myiic.o
    0x080033f0   0x080033f0   0x000000d4   Code   RO          390    .text               delay.o
    0x080034c4   0x080034c4   0x00000140   Code   RO          421    .text               usart.o
    0x08003604   0x08003604   0x00000040   Code   RO          457    .text               startup_stm32f10x_md.o
    0x08003644   0x08003644   0x0000035c   Code   RO          461    .text               stm32f10x_gpio.o
    0x080039a0   0x080039a0   0x000003a4   Code   RO          473    .text               stm32f10x_rcc.o
    0x08003d44   0x08003d44   0x00000408   Code   RO          487    .text               stm32f10x_usart.o
    0x0800414c   0x0800414c   0x000000dc   Code   RO          499    .text               misc.o
    0x08004228   0x08004228   0x0000044e   Code   RO          511    .text               stm32f10x_adc.o
    0x08004676   0x08004676   0x00000002   PAD
    0x08004678   0x08004678   0x0000030c   Code   RO          523    .text               stm32f10x_spi.o
    0x08004984   0x08004984   0x0000011c   Code   RO          535    .text               stm32f10x_exti.o
    0x08004aa0   0x08004aa0   0x00000e1a   Code   RO          547    .text               stm32f10x_tim.o
    0x080058ba   0x080058ba   0x00000002   Code   RO          561    .text               c_w.l(use_no_semi_2.o)
    0x080058bc   0x080058bc   0x00000018   Code   RO          567    .text               c_w.l(noretval__2printf.o)
    0x080058d4   0x080058d4   0x00000028   Code   RO          569    .text               c_w.l(noretval__2sprintf.o)
    0x080058fc   0x080058fc   0x00000078   Code   RO          573    .text               c_w.l(_printf_dec.o)
    0x08005974   0x08005974   0x0000010e   Code   RO          583    .text               c_w.l(__printf_wp.o)
    0x08005a82   0x08005a82   0x00000014   Code   RO          598    .text               c_w.l(strchr.o)
    0x08005a96   0x08005a96   0x00000048   Code   RO          600    .text               c_w.l(strcpy.o)
    0x08005ade   0x08005ade   0x0000003e   Code   RO          602    .text               c_w.l(strlen.o)
    0x08005b1c   0x08005b1c   0x00000018   Code   RO          604    .text               c_w.l(strcat.o)
    0x08005b34   0x08005b34   0x00000064   Code   RO          606    .text               c_w.l(rt_memcpy_w.o)
    0x08005b98   0x08005b98   0x0000004e   Code   RO          608    .text               c_w.l(rt_memclr_w.o)
    0x08005be6   0x08005be6   0x00000006   Code   RO          610    .text               c_w.l(heapauxi.o)
    0x08005bec   0x08005bec   0x00000002   Code   RO          672    .text               c_w.l(use_no_semi.o)
    0x08005bee   0x08005bee   0x00000016   Code   RO          675    .text               c_w.l(_rserrno.o)
    0x08005c04   0x08005c04   0x000000b2   Code   RO          677    .text               c_w.l(_printf_intcommon.o)
    0x08005cb6   0x08005cb6   0x0000041e   Code   RO          679    .text               c_w.l(_printf_fp_dec.o)
    0x080060d4   0x080060d4   0x00000030   Code   RO          681    .text               c_w.l(_printf_char_common.o)
    0x08006104   0x08006104   0x0000000a   Code   RO          683    .text               c_w.l(_sputc.o)
    0x0800610e   0x0800610e   0x00000002   PAD
    0x08006110   0x08006110   0x00000024   Code   RO          685    .text               c_w.l(_printf_char_file.o)
    0x08006134   0x08006134   0x000000a4   Code   RO          688    .text               c_w.l(strtod.o)
    0x080061d8   0x080061d8   0x00000008   Code   RO          721    .text               c_w.l(rt_locale_intlibspace.o)
    0x080061e0   0x080061e0   0x00000008   Code   RO          726    .text               c_w.l(rt_errno_addr_intlibspace.o)
    0x080061e8   0x080061e8   0x0000008a   Code   RO          728    .text               c_w.l(lludiv10.o)
    0x08006272   0x08006272   0x00000012   Code   RO          730    .text               c_w.l(isspace.o)
    0x08006284   0x08006284   0x00000080   Code   RO          732    .text               c_w.l(_printf_fp_infnan.o)
    0x08006304   0x08006304   0x00000040   Code   RO          736    .text               c_w.l(_sgetc.o)
    0x08006344   0x08006344   0x000000e4   Code   RO          738    .text               c_w.l(bigflt0.o)
    0x08006428   0x08006428   0x00000008   Code   RO          763    .text               c_w.l(ferror.o)
    0x08006430   0x08006430   0x00000008   Code   RO          778    .text               c_w.l(libspace.o)
    0x08006438   0x08006438   0x0000004a   Code   RO          781    .text               c_w.l(sys_stackheap_outer.o)
    0x08006482   0x08006482   0x00000002   PAD
    0x08006484   0x08006484   0x00000010   Code   RO          783    .text               c_w.l(rt_ctype_table.o)
    0x08006494   0x08006494   0x000004f8   Code   RO          785    .text               c_w.l(scanf_fp.o)
    0x0800698c   0x0800698c   0x00000012   Code   RO          787    .text               c_w.l(exit.o)
    0x0800699e   0x0800699e   0x00000002   PAD
    0x080069a0   0x080069a0   0x00000080   Code   RO          789    .text               c_w.l(strcmpv7m.o)
    0x08006a20   0x08006a20   0x00000320   Code   RO          874    .text               c_w.l(scanf_hexfp.o)
    0x08006d40   0x08006d40   0x00000134   Code   RO          876    .text               c_w.l(scanf_infnan.o)
    0x08006e74   0x08006e74   0x00000026   Code   RO          892    .text               c_w.l(llshl.o)
    0x08006e9a   0x08006e9a   0x0000001c   Code   RO          894    .text               c_w.l(_chval.o)
    0x08006eb6   0x08006eb6   0x0000003e   Code   RO          741    CL$$btod_d2e        c_w.l(btod.o)
    0x08006ef4   0x08006ef4   0x00000046   Code   RO          743    CL$$btod_d2e_denorm_low  c_w.l(btod.o)
    0x08006f3a   0x08006f3a   0x00000060   Code   RO          742    CL$$btod_d2e_norm_op1  c_w.l(btod.o)
    0x08006f9a   0x08006f9a   0x00000338   Code   RO          751    CL$$btod_div_common  c_w.l(btod.o)
    0x080072d2   0x080072d2   0x00000002   PAD
    0x080072d4   0x080072d4   0x00000084   Code   RO          749    CL$$btod_e2d        c_w.l(btod.o)
    0x08007358   0x08007358   0x000000dc   Code   RO          748    CL$$btod_e2e        c_w.l(btod.o)
    0x08007434   0x08007434   0x0000002a   Code   RO          745    CL$$btod_ediv       c_w.l(btod.o)
    0x0800745e   0x0800745e   0x0000002a   Code   RO          747    CL$$btod_edivd      c_w.l(btod.o)
    0x08007488   0x08007488   0x0000002a   Code   RO          744    CL$$btod_emul       c_w.l(btod.o)
    0x080074b2   0x080074b2   0x0000002a   Code   RO          746    CL$$btod_emuld      c_w.l(btod.o)
    0x080074dc   0x080074dc   0x00000244   Code   RO          750    CL$$btod_mult_common  c_w.l(btod.o)
    0x08007720   0x08007720   0x00000028   Code   RO          776    i.__ARM_fpclassify  m_ws.l(fpclassify.o)
    0x08007748   0x08007748   0x0000000e   Code   RO          948    i.__mathlib_dbl_overflow  m_ws.l(dunder.o)
    0x08007756   0x08007756   0x00000002   PAD
    0x08007758   0x08007758   0x00000010   Code   RO          950    i.__mathlib_dbl_underflow  m_ws.l(dunder.o)
    0x08007768   0x08007768   0x00000010   Code   RO          861    i.__mathlib_narrow  m_ws.l(narrow.o)
    0x08007778   0x08007778   0x000000bc   Code   RO          862    i.__mathlib_tofloat  m_ws.l(narrow.o)
    0x08007834   0x08007834   0x00000016   Code   RO          906    i.__support_ldexp   m_ws.l(ldexp.o)
    0x0800784a   0x0800784a   0x0000000e   Code   RO          585    i._is_digit         c_w.l(__printf_wp.o)
    0x08007858   0x08007858   0x0000002a   Code   RO          669    i.atof              m_ws.l(atof.o)
    0x08007882   0x08007882   0x00000002   PAD
    0x08007884   0x08007884   0x00000058   Code   RO          885    i.frexp             m_ws.l(frexp.o)
    0x080078dc   0x080078dc   0x00000074   Code   RO          907    i.ldexp             m_ws.l(ldexp.o)
    0x08007950   0x08007950   0x0000002c   Code   RO          768    locale$$code        c_w.l(lc_numeric_c.o)
    0x0800797c   0x0800797c   0x0000002c   Code   RO          845    locale$$code        c_w.l(lc_ctype_c.o)
    0x080079a8   0x080079a8   0x00000062   Code   RO          614    x$fpl$d2f           fz_ws.l(d2f.o)
    0x08007a0a   0x08007a0a   0x00000002   PAD
    0x08007a0c   0x08007a0c   0x00000150   Code   RO          616    x$fpl$dadd          fz_ws.l(daddsub_clz.o)
    0x08007b5c   0x08007b5c   0x00000010   Code   RO          942    x$fpl$dcheck1       fz_ws.l(dcheck1.o)
    0x08007b6c   0x08007b6c   0x00000018   Code   RO          770    x$fpl$dcmpinf       fz_ws.l(dcmpi.o)
    0x08007b84   0x08007b84   0x000002b0   Code   RO          623    x$fpl$ddiv          fz_ws.l(ddiv.o)
    0x08007e34   0x08007e34   0x00000078   Code   RO          882    x$fpl$deqf          fz_ws.l(deqf.o)
    0x08007eac   0x08007eac   0x0000005a   Code   RO          626    x$fpl$dfixu         fz_ws.l(dfixu.o)
    0x08007f06   0x08007f06   0x0000002e   Code   RO          631    x$fpl$dflt          fz_ws.l(dflt_clz.o)
    0x08007f34   0x08007f34   0x00000026   Code   RO          630    x$fpl$dfltu         fz_ws.l(dflt_clz.o)
    0x08007f5a   0x08007f5a   0x00000002   PAD
    0x08007f5c   0x08007f5c   0x00000078   Code   RO          690    x$fpl$dleqf         fz_ws.l(dleqf.o)
    0x08007fd4   0x08007fd4   0x00000154   Code   RO          636    x$fpl$dmul          fz_ws.l(dmul.o)
    0x08008128   0x08008128   0x0000009c   Code   RO          692    x$fpl$dnaninf       fz_ws.l(dnaninf.o)
    0x080081c4   0x080081c4   0x0000000c   Code   RO          694    x$fpl$dretinf       fz_ws.l(dretinf.o)
    0x080081d0   0x080081d0   0x0000006c   Code   RO          638    x$fpl$drleqf        fz_ws.l(drleqf.o)
    0x0800823c   0x0800823c   0x000001d4   Code   RO          618    x$fpl$dsub          fz_ws.l(daddsub_clz.o)
    0x08008410   0x08008410   0x00000056   Code   RO          640    x$fpl$f2d           fz_ws.l(f2d.o)
    0x08008466   0x08008466   0x00000002   PAD
    0x08008468   0x08008468   0x000000c4   Code   RO          642    x$fpl$fadd          fz_ws.l(faddsub_clz.o)
    0x0800852c   0x0800852c   0x00000018   Code   RO          696    x$fpl$fcmpinf       fz_ws.l(fcmpi.o)
    0x08008544   0x08008544   0x00000068   Code   RO          648    x$fpl$feqf          fz_ws.l(feqf.o)
    0x080085ac   0x080085ac   0x00000036   Code   RO          650    x$fpl$ffix          fz_ws.l(ffix.o)
    0x080085e2   0x080085e2   0x00000002   PAD
    0x080085e4   0x080085e4   0x00000030   Code   RO          655    x$fpl$fflt          fz_ws.l(fflt_clz.o)
    0x08008614   0x08008614   0x00000026   Code   RO          654    x$fpl$ffltu         fz_ws.l(fflt_clz.o)
    0x0800863a   0x0800863a   0x00000002   PAD
    0x0800863c   0x0800863c   0x00000068   Code   RO          660    x$fpl$fleqf         fz_ws.l(fleqf.o)
    0x080086a4   0x080086a4   0x00000102   Code   RO          662    x$fpl$fmul          fz_ws.l(fmul.o)
    0x080087a6   0x080087a6   0x0000008c   Code   RO          698    x$fpl$fnaninf       fz_ws.l(fnaninf.o)
    0x08008832   0x08008832   0x0000000a   Code   RO          700    x$fpl$fretinf       fz_ws.l(fretinf.o)
    0x0800883c   0x0800883c   0x00000062   Code   RO          664    x$fpl$frleqf        fz_ws.l(frleqf.o)
    0x0800889e   0x0800889e   0x00000002   PAD
    0x080088a0   0x080088a0   0x000000ea   Code   RO          644    x$fpl$fsub          fz_ws.l(faddsub_clz.o)
    0x0800898a   0x0800898a   0x00000006   Code   RO          772    x$fpl$ieeestatus    fz_ws.l(istatus.o)
    0x08008990   0x08008990   0x00000004   Code   RO          666    x$fpl$printf1       fz_ws.l(printf1.o)
    0x08008994   0x08008994   0x00000064   Code   RO          963    x$fpl$retnan        fz_ws.l(retnan.o)
    0x080089f8   0x080089f8   0x0000005c   Code   RO          903    x$fpl$scalbn        fz_ws.l(scalbn.o)
    0x08008a54   0x08008a54   0x00000004   Code   RO          774    x$fpl$scanf1        fz_ws.l(scanf1.o)
    0x08008a58   0x08008a58   0x00000008   Code   RO          855    x$fpl$scanf2        fz_ws.l(scanf2.o)
    0x08008a60   0x08008a60   0x00000030   Code   RO          969    x$fpl$trapveneer    fz_ws.l(trapv.o)
    0x08008a90   0x08008a90   0x00000000   Code   RO          702    x$fpl$usenofp       fz_ws.l(usenofp.o)
    0x08008a90   0x08008a90   0x00001274   Data   RO          242    .constdata          gui.o
    0x08009d04   0x08009d04   0x00000094   Data   RO          739    .constdata          c_w.l(bigflt0.o)
    0x08009d98   0x08009d98   0x00000020   Data   RO          987    Region$$Table       anon$$obj.o
    0x08009db8   0x08009db8   0x00000008   Data   RO          849    c$$dinf             fz_ws.l(fpconst.o)
    0x08009dc0   0x08009dc0   0x00000008   Data   RO          852    c$$dmax             fz_ws.l(fpconst.o)
    0x08009dc8   0x08009dc8   0x0000001c   Data   RO          767    locale$$data        c_w.l(lc_numeric_c.o)
    0x08009de4   0x08009de4   0x00000110   Data   RO          844    locale$$data        c_w.l(lc_ctype_c.o)


    Execution Region RW_IRAM1 (Exec base: 0x20000000, Load base: 0x08009ef4, Size: 0x00000998, Max: 0x00005000, ABSOLUTE, COMPRESSED[0x0000015c])

    Exec Addr    Load Addr    Size         Type   Attr      Idx    E Section Name        Object

    0x20000000   COMPRESSED   0x00000014   Data   RW            3    .data               main.o
    0x20000014   COMPRESSED   0x00000014   Data   RW          193    .data               system_stm32f10x.o
    0x20000028   COMPRESSED   0x00000006   Data   RW          224    .data               lcd.o
    0x2000002e   COMPRESSED   0x00000001   Data   RW          268    .data               rs485.o
    0x2000002f   COMPRESSED   0x00000001   Data   RW          286    .data               exti.o
    0x20000030   COMPRESSED   0x00000001   Data   RW          319    .data               key.o
    0x20000031   COMPRESSED   0x00000003   PAD
    0x20000034   COMPRESSED   0x00000011   Data   RW          332    .data               time.o
    0x20000045   COMPRESSED   0x00000003   PAD
    0x20000048   COMPRESSED   0x00000188   Data   RW          352    .data               pid.o
    0x200001d0   COMPRESSED   0x00000004   Data   RW          391    .data               delay.o
    0x200001d4   COMPRESSED   0x00000006   Data   RW          423    .data               usart.o
    0x200001da   COMPRESSED   0x00000014   Data   RW          474    .data               stm32f10x_rcc.o
    0x200001ee   COMPRESSED   0x00000002   PAD
    0x200001f0        -       0x0000000e   Zero   RW          223    .bss                lcd.o
    0x200001fe        -       0x00000040   Zero   RW          267    .bss                rs485.o
    0x2000023e   COMPRESSED   0x00000002   PAD
    0x20000240        -       0x0000002c   Zero   RW          351    .bss                pid.o
    0x2000026c        -       0x000000c8   Zero   RW          422    .bss                usart.o
    0x20000334        -       0x00000060   Zero   RW          779    .bss                c_w.l(libspace.o)
    0x20000394   COMPRESSED   0x00000004   PAD
    0x20000398        -       0x00000200   Zero   RW          455    HEAP                startup_stm32f10x_md.o
    0x20000598        -       0x00000400   Zero   RW          454    STACK               startup_stm32f10x_md.o


==============================================================================

Image component sizes


      Code (inc. data)   RO Data    RW Data    ZI Data      Debug   Object Name

       232          8          0          0          0       1111   adc.o
       212         18          0          4          0       1071   delay.o
       260         26          0          1          0       1820   exti.o
        84          0          0          0          0        982   gp8202.o
      3176        100       4724          0          0      12103   gui.o
       152         10          0          1          0        792   key.o
      1368         30          0          6         14       6414   lcd.o
      2480        258          0         20          0     273710   main.o
       220         22          0          0          0       1825   misc.o
       892         12          0          0          0       2578   myiic.o
       656         80          0        392         44       2359   pid.o
       420         22          0          1         64       2238   rs485.o
        64         26        236          0       1536        796   startup_stm32f10x_md.o
      1102         26          0          0          0      11069   stm32f10x_adc.o
       284         10          0          0          0       2283   stm32f10x_exti.o
       860         38          0          0          0       5761   stm32f10x_gpio.o
        26          0          0          0          0       1194   stm32f10x_it.o
       932         36          0         20          0       8956   stm32f10x_rcc.o
       780         14          0          0          0       6642   stm32f10x_spi.o
      3610         88          0          0          0      22868   stm32f10x_tim.o
      1032         22          0          0          0       8484   stm32f10x_usart.o
         0          0          0          0          0         32   sys.o
       480         38          0         20          0       1779   system_stm32f10x.o
      2568        128          0         17          0       5349   time.o
       320         18          0          6        200       3174   usart.o

    ----------------------------------------------------------------------
     22214       1030       4992        496       1860     385390   Object Totals
         0          0         32          0          0          0   (incl. Generated)
         4          0          0          8          2          0   (incl. Padding)

    ----------------------------------------------------------------------

      Code (inc. data)   RO Data    RW Data    ZI Data      Debug   Library Member Name

        90          0          0          0          0          0   __dczerorl2.o
         8          0          0          0          0         68   __main.o
       284          0          0          0          0        156   __printf_wp.o
         0          0          0          0          0          0   __rtentry.o
        12          0          0          0          0          0   __rtentry2.o
         6          0          0          0          0          0   __rtentry4.o
        52          8          0          0          0          0   __scatter.o
        28          0          0          0          0          0   __scatter_zi.o
        28          0          0          0          0         68   _chval.o
        48          6          0          0          0         96   _printf_char_common.o
        36          4          0          0          0         80   _printf_char_file.o
         6          0          0          0          0          0   _printf_d.o
       120         16          0          0          0         92   _printf_dec.o
         6          0          0          0          0          0   _printf_f.o
      1054          0          0          0          0        216   _printf_fp_dec.o
       128         16          0          0          0         84   _printf_fp_infnan.o
       178          0          0          0          0         88   _printf_intcommon.o
         0          0          0          0          0          0   _printf_percent.o
         4          0          0          0          0          0   _printf_percent_end.o
        22          0          0          0          0        100   _rserrno.o
        64          0          0          0          0         84   _sgetc.o
        10          0          0          0          0         68   _sputc.o
       228          4        148          0          0         96   bigflt0.o
      2152        136          0          0          0        960   btod.o
        18          0          0          0          0         80   exit.o
         8          0          0          0          0         68   ferror.o
         6          0          0          0          0        152   heapauxi.o
        18          0          0          0          0         76   isspace.o
        44         10        272          0          0         76   lc_ctype_c.o
        44         10         28          0          0         76   lc_numeric_c.o
         2          0          0          0          0          0   libinit.o
        30          0          0          0          0          0   libinit2.o
         2          0          0          0          0          0   libshutdown.o
         2          0          0          0          0          0   libshutdown2.o
         8          4          0          0         96         68   libspace.o
        38          0          0          0          0         68   llshl.o
       138          0          0          0          0         80   lludiv10.o
        24          4          0          0          0         84   noretval__2printf.o
        40          6          0          0          0         84   noretval__2sprintf.o
        16          4          0          0          0         76   rt_ctype_table.o
         8          4          0          0          0         68   rt_errno_addr_intlibspace.o
         8          4          0          0          0         68   rt_locale_intlibspace.o
        78          0          0          0          0         80   rt_memclr_w.o
       100          0          0          0          0         80   rt_memcpy_w.o
         2          0          0          0          0          0   rtexit.o
        10          0          0          0          0          0   rtexit2.o
      1272         16          0          0          0        168   scanf_fp.o
       800         14          0          0          0        100   scanf_hexfp.o
       308         16          0          0          0        100   scanf_infnan.o
        24          0          0          0          0         68   strcat.o
        20          0          0          0          0         68   strchr.o
       128          0          0          0          0         68   strcmpv7m.o
        72          0          0          0          0         80   strcpy.o
        62          0          0          0          0         76   strlen.o
       164         14          0          0          0        120   strtod.o
        74          0          0          0          0         80   sys_stackheap_outer.o
         2          0          0          0          0         68   use_no_semi.o
         2          0          0          0          0         68   use_no_semi_2.o
        98          4          0          0          0         92   d2f.o
       804         16          0          0          0        272   daddsub_clz.o
        16          4          0          0          0         68   dcheck1.o
        24          0          0          0          0         68   dcmpi.o
       688        140          0          0          0        208   ddiv.o
       120          4          0          0          0         92   deqf.o
        90          4          0          0          0         92   dfixu.o
        84          0          0          0          0        136   dflt_clz.o
       120          4          0          0          0         92   dleqf.o
       340         12          0          0          0        104   dmul.o
       156          4          0          0          0         92   dnaninf.o
        12          0          0          0          0         68   dretinf.o
       108          0          0          0          0         80   drleqf.o
        86          4          0          0          0         84   f2d.o
       430          8          0          0          0        168   faddsub_clz.o
        24          0          0          0          0         68   fcmpi.o
       104          4          0          0          0         84   feqf.o
        54          4          0          0          0         84   ffix.o
        86          0          0          0          0        136   fflt_clz.o
       104          4          0          0          0         84   fleqf.o
       258          4          0          0          0         84   fmul.o
       140          4          0          0          0         84   fnaninf.o
         0          0         16          0          0          0   fpconst.o
        10          0          0          0          0         68   fretinf.o
        98          0          0          0          0         68   frleqf.o
         6          0          0          0          0         68   istatus.o
         4          0          0          0          0         68   printf1.o
       100          0          0          0          0         68   retnan.o
        92          0          0          0          0         68   scalbn.o
         4          0          0          0          0         68   scanf1.o
         8          0          0          0          0         84   scanf2.o
        48          0          0          0          0         68   trapv.o
         0          0          0          0          0          0   usenofp.o
        42          0          0          0          0         84   atof.o
        30          6          0          0          0        136   dunder.o
        40          0          0          0          0         68   fpclassify.o
        88          8          0          0          0         76   frexp.o
       138          0          0          0          0        160   ldexp.o
       204          4          0          0          0        168   narrow.o

    ----------------------------------------------------------------------
     13022        540        464          0        100       8264   Library Totals
        28          2          0          0          4          0   (incl. Padding)

    ----------------------------------------------------------------------

      Code (inc. data)   RO Data    RW Data    ZI Data      Debug   Library Name

      8136        296        448          0         96       4604   c_w.l
      4316        224         16          0          0       2968   fz_ws.l
       542         18          0          0          0        692   m_ws.l

    ----------------------------------------------------------------------
     13022        540        464          0        100       8264   Library Totals

    ----------------------------------------------------------------------

==============================================================================


      Code (inc. data)   RO Data    RW Data    ZI Data      Debug   

     35236       1570       5456        496       1960     386838   Grand Totals
     35236       1570       5456        348       1960     386838   ELF Image Totals (compressed)
     35236       1570       5456        348          0          0   ROM Totals

==============================================================================

    Total RO  Size (Code + RO Data)                40692 (  39.74kB)
    Total RW  Size (RW Data + ZI Data)              2456 (   2.40kB)
    Total ROM Size (Code + RO Data + RW Data)      41040 (  40.08kB)

==============================================================================

