<html>
<body>
<pre>
<h1>礦ision Build Log</h1>
<h2>Tool Versions:</h2>
IDE-Version: μVision V5.14.0.0
Copyright (C) 2015 ARM Ltd and ARM Germany GmbH. All rights reserved.
License Information: n nn, n, LIC=V85FW-QNTB4-AWW2F-63I4P-8XHRG-77U79
 
Tool Versions:
Toolchain:       MDK-ARM Professional  Version: 5.14.0.0
Toolchain Path:  D:\keil5\ARM\ARMCC\Bin
C Compiler:      Armcc.exe V5.05 update 1 (build 106)
Assembler:       Armasm.exe V5.05 update 1 (build 106)
Linker/Locator:  ArmLink.exe V5.05 update 1 (build 106)
Library Manager: ArmAr.exe V5.05 update 1 (build 106)
Hex Converter:   FromElf.exe V5.05 update 1 (build 106)
CPU DLL:         SARMCM3.DLL V5.14.0.0
Dialog DLL:      DARMSTM.DLL V1.65.0.0
Target DLL:      STLink\ST-LINKIII-KEIL_SWO.dll V2.0.14.0_KEIL
Dialog DLL:      TARMSTM.DLL V1.64.0.0
 
<h2>Project:</h2>
C:\Users\VULCAN\Desktop\平衡车\MiniBalanceV5.0【Mini版】平衡小车寄存器版平衡小车源码\MiniBalanceV5.0【Mini版】平衡小车源码（精简入门版）\USER\Minibalance.uvprojx
Project File Date:  06/14/2019

<h2>Output:</h2>
Build target 'Target 1'
assembling startup_stm32f10x_md.s...
compiling Minibalance.c...
compiling delay.c...
compiling sys.c...
compiling usart.c...
compiling LED.C...
compiling oled.c...
compiling motor.c...
compiling encoder.c...
compiling IOI2C.c...
compiling exti.c...
compiling control.c...
compiling inv_mpu.c...
compiling inv_mpu_dmp_motion_driver.c...
compiling MPU6050.c...
compiling show.c...
linking...
Program Size: Code=31014 RO-data=6570 RW-data=172 ZI-data=2820  
FromELF: creating hex file...
"..\OBJ\Minibalance.axf" - 0 Error(s), 0 Warning(s).

<h2>Collection of Component include folders:</h2>
  C:\Users\VULCAN\Desktop\平衡车\MiniBalanceV5.0【Mini版】平衡小车寄存器版平衡小车源码\MiniBalanceV5.0【Mini版】平衡小车源码（精简入门版）\USER\RTE
  D:\keil5\pdk\Keil\STM32F1xx_DFP\1.0.5\Device\Include

<h2>Collection of Component Files used:</h2>
</pre>
</body>
</html>
