Component: ARM Compiler 5.06 update 7 (build 960) Tool: armlink [4d3601]

==============================================================================

Section Cross References

    main.o(.text) refers to _printf_percent.o(.ARM.Collect$$_printf_percent$$00000000) for _printf_percent
    main.o(.text) refers to _printf_f.o(.ARM.Collect$$_printf_percent$$00000003) for _printf_f
    main.o(.text) refers to printf1.o(x$fpl$printf1) for _printf_fp_dec
    main.o(.text) refers to rt_memclr_w.o(.text) for __aeabi_memclr4
    main.o(.text) refers to delay.o(.text) for delay_init
    main.o(.text) refers to misc.o(.text) for NVIC_PriorityGroupConfig
    main.o(.text) refers to exti.o(.text) for EXTIX_Init
    main.o(.text) refers to lcd.o(.text) for LCD_Init
    main.o(.text) refers to adc.o(.text) for Adc_Init
    main.o(.text) refers to pid.o(.text) for PID_init
    main.o(.text) refers to gp8202.o(.text) for GP8202_Init
    main.o(.text) refers to time.o(.text) for TIM4_Init
    main.o(.text) refers to rs485.o(.text) for RS485_Init
    main.o(.text) refers to gui.o(.text) for Show_Str
    main.o(.text) refers to noretval__2sprintf.o(.text) for __2sprintf
    main.o(.text) refers to strcat.o(.text) for strcat
    main.o(.text) refers to dflt_clz.o(x$fpl$dfltu) for __aeabi_ui2d
    main.o(.text) refers to dmul.o(x$fpl$dmul) for __aeabi_dmul
    main.o(.text) refers to dflt_clz.o(x$fpl$dflt) for __aeabi_i2d
    main.o(.text) refers to daddsub_clz.o(x$fpl$dadd) for __aeabi_dadd
    main.o(.text) refers to lcd.o(.data) for BACK_COLOR
    main.o(.text) refers to main.o(.data) for set_flowvalue
    main.o(.text) refers to modbus.o(.text) for MODBUS_Service
    main.o(.text) refers to daddsub_clz.o(x$fpl$dsub) for __aeabi_dsub
    main.o(.text) refers to ddiv.o(x$fpl$ddiv) for __aeabi_ddiv
    main.o(.text) refers to drleqf.o(x$fpl$drleqf) for __aeabi_cdrcmple
    main.o(.text) refers to dfixu.o(x$fpl$dfixu) for __aeabi_d2uiz
    main.o(.text) refers to dleqf.o(x$fpl$dleqf) for __aeabi_cdcmple
    system_stm32f10x.o(.text) refers to system_stm32f10x.o(.data) for SystemCoreClock
    adc.o(.text) refers to stm32f10x_rcc.o(.text) for RCC_APB2PeriphClockCmd
    adc.o(.text) refers to stm32f10x_gpio.o(.text) for GPIO_Init
    adc.o(.text) refers to stm32f10x_adc.o(.text) for ADC_DeInit
    adc.o(.text) refers to delay.o(.text) for delay_ms
    lcd.o(.text) refers to stm32f10x_rcc.o(.text) for RCC_APB2PeriphClockCmd
    lcd.o(.text) refers to stm32f10x_gpio.o(.text) for GPIO_Init
    lcd.o(.text) refers to stm32f10x_spi.o(.text) for SPI_Init
    lcd.o(.text) refers to delay.o(.text) for delay_ms
    lcd.o(.text) refers to lcd.o(.bss) for lcddev
    lcd.o(.text) refers to lcd.o(.data) for POINT_COLOR
    gui.o(.text) refers to _printf_percent.o(.ARM.Collect$$_printf_percent$$00000000) for _printf_percent
    gui.o(.text) refers to _printf_f.o(.ARM.Collect$$_printf_percent$$00000003) for _printf_f
    gui.o(.text) refers to printf1.o(x$fpl$printf1) for _printf_fp_dec
    gui.o(.text) refers to lcd.o(.text) for LCD_SetCursor
    gui.o(.text) refers to lcd.o(.bss) for lcddev
    gui.o(.text) refers to lcd.o(.data) for POINT_COLOR
    gui.o(.text) refers to gui.o(.constdata) for asc2_1206
    gui.o(.text) refers to strlen.o(.text) for strlen
    gui.o(.text) refers to dflt_clz.o(x$fpl$dfltu) for __aeabi_ui2d
    gui.o(.text) refers to dmul.o(x$fpl$dmul) for __aeabi_dmul
    gui.o(.text) refers to noretval__2sprintf.o(.text) for __2sprintf
    gui.o(.text) refers to strcat.o(.text) for strcat
    gui.o(.text) refers to pid.o(.text) for VoltagetoFlow
    gui.o(.text) refers to daddsub_clz.o(x$fpl$dsub) for __aeabi_dsub
    gui.o(.text) refers to drleqf.o(x$fpl$drleqf) for __aeabi_cdrcmple
    gui.o(.text) refers to dleqf.o(x$fpl$dleqf) for __aeabi_cdcmple
    rs485.o(.text) refers to stm32f10x_usart.o(.text) for USART_GetITStatus
    rs485.o(.text) refers to stm32f10x_tim.o(.text) for TIM_ClearITPendingBit
    rs485.o(.text) refers to stm32f10x_rcc.o(.text) for RCC_APB2PeriphClockCmd
    rs485.o(.text) refers to stm32f10x_gpio.o(.text) for GPIO_Init
    rs485.o(.text) refers to misc.o(.text) for NVIC_Init
    rs485.o(.text) refers to delay.o(.text) for delay_ms
    rs485.o(.text) refers to rs485.o(.data) for RS485_RX_CNT
    rs485.o(.text) refers to rs485.o(.bss) for RS485_RX_BUFF
    exti.o(.text) refers to key.o(.text) for KEY_Init
    exti.o(.text) refers to stm32f10x_rcc.o(.text) for RCC_APB2PeriphClockCmd
    exti.o(.text) refers to stm32f10x_gpio.o(.text) for GPIO_EXTILineConfig
    exti.o(.text) refers to stm32f10x_exti.o(.text) for EXTI_Init
    exti.o(.text) refers to misc.o(.text) for NVIC_Init
    exti.o(.text) refers to delay.o(.text) for delay_ms
    exti.o(.text) refers to stm32f10x_tim.o(.text) for TIM_Cmd
    exti.o(.text) refers to exti.o(.data) for key1_pressed
    exti.o(.text) refers to time.o(.data) for key_up_fall_flag
    key.o(.text) refers to stm32f10x_rcc.o(.text) for RCC_APB2PeriphClockCmd
[...]
    _get_lc_time                              - Undefined Weak Reference
    _getenv_init                              - Undefined Weak Reference
    _handle_redirection                       - Undefined Weak Reference
    _init_alloc                               - Undefined Weak Reference
    _init_user_alloc                          - Undefined Weak Reference
    _initio                                   - Undefined Weak Reference
    _printf_post_padding                      - Undefined Weak Reference
    _printf_pre_padding                       - Undefined Weak Reference
    _rand_init                                - Undefined Weak Reference
    _signal_finish                            - Undefined Weak Reference
    _signal_init                              - Undefined Weak Reference
    _terminate_alloc                          - Undefined Weak Reference
    _terminate_user_alloc                     - Undefined Weak Reference
    _terminateio                              - Undefined Weak Reference
    __Vectors_Size                           0x000000ec   Number         0  startup_stm32f10x_md.o ABSOLUTE
    __Vectors                                0x08000000   Data           4  startup_stm32f10x_md.o(RESET)
    __Vectors_End                            0x080000ec   Data           0  startup_stm32f10x_md.o(RESET)
    __main                                   0x080000ed   Thumb Code     8  __main.o(!!!main)
    __scatterload                            0x080000f5   Thumb Code     0  __scatter.o(!!!scatter)
    __scatterload_rt2                        0x080000f5   Thumb Code    44  __scatter.o(!!!scatter)
    __scatterload_rt2_thumb_only             0x080000f5   Thumb Code     0  __scatter.o(!!!scatter)
    __scatterload_null                       0x08000103   Thumb Code     0  __scatter.o(!!!scatter)
    __decompress                             0x08000129   Thumb Code   100  __dclz77c.o(!!dclz77c)
    __decompress2                            0x08000129   Thumb Code     0  __dclz77c.o(!!dclz77c)
    __scatterload_zeroinit                   0x0800018d   Thumb Code    28  __scatter_zi.o(!!handler_zi)
    _printf_f                                0x080001a9   Thumb Code     0  _printf_f.o(.ARM.Collect$$_printf_percent$$00000003)
    _printf_percent                          0x080001a9   Thumb Code     0  _printf_percent.o(.ARM.Collect$$_printf_percent$$00000000)
    _printf_percent_end                      0x080001af   Thumb Code     0  _printf_percent_end.o(.ARM.Collect$$_printf_percent$$00000017)
    __rt_lib_init                            0x080001b3   Thumb Code     0  libinit.o(.ARM.Collect$$libinit$$00000000)
    __rt_lib_init_fp_1                       0x080001b5   Thumb Code     0  libinit2.o(.ARM.Collect$$libinit$$00000002)
    __rt_lib_init_heap_1                     0x080001b5   Thumb Code     0  libinit2.o(.ARM.Collect$$libinit$$0000000A)
    __rt_lib_init_lc_common                  0x080001b5   Thumb Code     0  libinit2.o(.ARM.Collect$$libinit$$0000000F)
    __rt_lib_init_preinit_1                  0x080001b5   Thumb Code     0  libinit2.o(.ARM.Collect$$libinit$$00000004)
    __rt_lib_init_rand_1                     0x080001b5   Thumb Code     0  libinit2.o(.ARM.Collect$$libinit$$0000000E)
    __rt_lib_init_user_alloc_1               0x080001b5   Thumb Code     0  libinit2.o(.ARM.Collect$$libinit$$0000000C)
    __rt_lib_init_lc_collate_1               0x080001bb   Thumb Code     0  libinit2.o(.ARM.Collect$$libinit$$00000011)
    __rt_lib_init_lc_ctype_2                 0x080001bb   Thumb Code     0  libinit2.o(.ARM.Collect$$libinit$$00000012)
    __rt_lib_init_lc_ctype_1                 0x080001c7   Thumb Code     0  libinit2.o(.ARM.Collect$$libinit$$00000013)
    __rt_lib_init_lc_monetary_1              0x080001c7   Thumb Code     0  libinit2.o(.ARM.Collect$$libinit$$00000015)
    __rt_lib_init_lc_numeric_2               0x080001c7   Thumb Code     0  libinit2.o(.ARM.Collect$$libinit$$00000016)
    __rt_lib_init_alloca_1                   0x080001d1   Thumb Code     0  libinit2.o(.ARM.Collect$$libinit$$0000002E)
    __rt_lib_init_argv_1                     0x080001d1   Thumb Code     0  libinit2.o(.ARM.Collect$$libinit$$0000002C)
    __rt_lib_init_atexit_1                   0x080001d1   Thumb Code     0  libinit2.o(.ARM.Collect$$libinit$$0000001B)
    __rt_lib_init_clock_1                    0x080001d1   Thumb Code     0  libinit2.o(.ARM.Collect$$libinit$$00000021)
    __rt_lib_init_cpp_1                      0x080001d1   Thumb Code     0  libinit2.o(.ARM.Collect$$libinit$$00000032)
    __rt_lib_init_exceptions_1               0x080001d1   Thumb Code     0  libinit2.o(.ARM.Collect$$libinit$$00000030)
    __rt_lib_init_fp_trap_1                  0x080001d1   Thumb Code     0  libinit2.o(.ARM.Collect$$libinit$$0000001F)
    __rt_lib_init_getenv_1                   0x080001d1   Thumb Code     0  libinit2.o(.ARM.Collect$$libinit$$00000023)
    __rt_lib_init_lc_numeric_1               0x080001d1   Thumb Code     0  libinit2.o(.ARM.Collect$$libinit$$00000017)
    __rt_lib_init_lc_time_1                  0x080001d1   Thumb Code     0  libinit2.o(.ARM.Collect$$libinit$$00000019)
    __rt_lib_init_return                     0x080001d1   Thumb Code     0  libinit2.o(.ARM.Collect$$libinit$$00000033)
    __rt_lib_init_signal_1                   0x080001d1   Thumb Code     0  libinit2.o(.ARM.Collect$$libinit$$0000001D)
    __rt_lib_init_stdio_1                    0x080001d1   Thumb Code     0  libinit2.o(.ARM.Collect$$libinit$$00000025)
    __rt_lib_shutdown                        0x080001d3   Thumb Code     0  libshutdown.o(.ARM.Collect$$libshutdown$$00000000)
    __rt_lib_shutdown_cpp_1                  0x080001d5   Thumb Code     0  libshutdown2.o(.ARM.Collect$$libshutdown$$00000004)
    __rt_lib_shutdown_fini_1                 0x080001d5   Thumb Code     0  libshutdown2.o(.ARM.Collect$$libshutdown$$00000002)
    __rt_lib_shutdown_fp_trap_1              0x080001d5   Thumb Code     0  libshutdown2.o(.ARM.Collect$$libshutdown$$00000009)
    __rt_lib_shutdown_heap_1                 0x080001d5   Thumb Code     0  libshutdown2.o(.ARM.Collect$$libshutdown$$00000011)
    __rt_lib_shutdown_return                 0x080001d5   Thumb Code     0  libshutdown2.o(.ARM.Collect$$libshutdown$$00000012)
    __rt_lib_shutdown_signal_1               0x080001d5   Thumb Code     0  libshutdown2.o(.ARM.Collect$$libshutdown$$0000000C)
    __rt_lib_shutdown_stdio_1                0x080001d5   Thumb Code     0  libshutdown2.o(.ARM.Collect$$libshutdown$$00000006)
    __rt_lib_shutdown_user_alloc_1           0x080001d5   Thumb Code     0  libshutdown2.o(.ARM.Collect$$libshutdown$$0000000E)
    __rt_entry                               0x080001d7   Thumb Code     0  __rtentry.o(.ARM.Collect$$rtentry$$00000000)
    __rt_entry_presh_1                       0x080001d7   Thumb Code     0  __rtentry2.o(.ARM.Collect$$rtentry$$00000002)
    __rt_entry_sh                            0x080001d7   Thumb Code     0  __rtentry4.o(.ARM.Collect$$rtentry$$00000004)
    __rt_entry_li                            0x080001dd   Thumb Code     0  __rtentry2.o(.ARM.Collect$$rtentry$$0000000A)
    __rt_entry_postsh_1                      0x080001dd   Thumb Code     0  __rtentry2.o(.ARM.Collect$$rtentry$$00000009)
    __rt_entry_main                          0x080001e1   Thumb Code     0  __rtentry2.o(.ARM.Collect$$rtentry$$0000000D)
    __rt_entry_postli_1                      0x080001e1   Thumb Code     0  __rtentry2.o(.ARM.Collect$$rtentry$$0000000C)
    __rt_exit                                0x080001e9   Thumb Code     0  rtexit.o(.ARM.Collect$$rtexit$$00000000)
    __rt_exit_ls                             0x080001eb   Thumb Code     0  rtexit2.o(.ARM.Collect$$rtexit$$00000003)
    __rt_exit_prels_1                        0x080001eb   Thumb Code     0  rtexit2.o(.ARM.Collect$$rtexit$$00000002)
    __rt_exit_exit                           0x080001ef   Thumb Code     0  rtexit2.o(.ARM.Collect$$rtexit$$00000004)
    main                                     0x080001f5   Thumb Code  1600  main.o(.text)
    NMI_Handler                              0x08000889   Thumb Code     2  stm32f10x_it.o(.text)
    HardFault_Handler                        0x0800088b   Thumb Code     4  stm32f10x_it.o(.text)
    MemManage_Handler                        0x0800088f   Thumb Code     4  stm32f10x_it.o(.text)
    BusFault_Handler                         0x08000893   Thumb Code     4  stm32f10x_it.o(.text)
    UsageFault_Handler                       0x08000897   Thumb Code     4  stm32f10x_it.o(.text)
    SVC_Handler                              0x0800089b   Thumb Code     2  stm32f10x_it.o(.text)
    DebugMon_Handler                         0x0800089d   Thumb Code     2  stm32f10x_it.o(.text)
    PendSV_Handler                           0x0800089f   Thumb Code     2  stm32f10x_it.o(.text)
    SysTick_Handler                          0x080008a1   Thumb Code     2  stm32f10x_it.o(.text)
    SystemInit                               0x08000983   Thumb Code    78  system_stm32f10x.o(.text)
    SystemCoreClockUpdate                    0x080009d1   Thumb Code   142  system_stm32f10x.o(.text)
    Adc_Init                                 0x08000a85   Thumb Code   132  adc.o(.text)
    Get_Adc                                  0x08000b09   Thumb Code    46  adc.o(.text)
    Get_Adc_Average                          0x08000b37   Thumb Code    46  adc.o(.text)
    SPIv_WriteData                           0x08000b6d   Thumb Code    54  lcd.o(.text)
    SPI_WriteByte                            0x08000ba3   Thumb Code    34  lcd.o(.text)
    SPI_SetSpeed                             0x08000bc5   Thumb Code    38  lcd.o(.text)
    SPI2_Init                                0x08000beb   Thumb Code   194  lcd.o(.text)
    LCD_WR_REG                               0x08000cad   Thumb Code    36  lcd.o(.text)
    LCD_WR_DATA                              0x08000cd1   Thumb Code    38  lcd.o(.text)
    LCD_WR_DATA_16Bit                        0x08000cf7   Thumb Code    44  lcd.o(.text)
    LCD_WriteReg                             0x08000d23   Thumb Code    20  lcd.o(.text)
    LCD_WriteRAM_Prepare                     0x08000d37   Thumb Code    12  lcd.o(.text)
    LCD_SetWindows                           0x08000d43   Thumb Code    88  lcd.o(.text)
    LCD_SetCursor                            0x08000d9b   Thumb Code    20  lcd.o(.text)
    LCD_DrawPoint                            0x08000daf   Thumb Code    24  lcd.o(.text)
    LCD_GPIOInit                             0x08000dc7   Thumb Code    56  lcd.o(.text)
    LCD_RESET                                0x08000dff   Thumb Code    16  lcd.o(.text)
    LCD_SetParam                             0x08000e0f   Thumb Code    36  lcd.o(.text)
    LCD_Init                                 0x08000e33   Thumb Code   580  lcd.o(.text)
    LCD_Clear                                0x08001077   Thumb Code    68  lcd.o(.text)
    GUI_DrawPoint                            0x080010c5   Thumb Code    24  gui.o(.text)
    LCD_Fill                                 0x080010dd   Thumb Code   114  gui.o(.text)
    LCD_DrawLine                             0x0800114f   Thumb Code   176  gui.o(.text)
    LCD_DrawRectangle                        0x080011ff   Thumb Code    64  gui.o(.text)
    LCD_DrawFillRectangle                    0x0800123f   Thumb Code    30  gui.o(.text)
    _draw_circle_8                           0x0800125d   Thumb Code   132  gui.o(.text)
    gui_circle                               0x080012e1   Thumb Code   154  gui.o(.text)
    LCD_ShowChar                             0x0800137b   Thumb Code   280  gui.o(.text)
    LCD_ShowNum2412                          0x08001493   Thumb Code   244  gui.o(.text)
    LCD_ShowString                           0x08001587   Thumb Code    94  gui.o(.text)
    mypow                                    0x080015e5   Thumb Code    22  gui.o(.text)
    LCD_ShowNum                              0x080015fb   Thumb Code   168  gui.o(.text)
    GUI_DrawFont16                           0x080016a3   Thumb Code   252  gui.o(.text)
    GUI_DrawFont24                           0x0800179f   Thumb Code   268  gui.o(.text)
    GUI_DrawFont32                           0x080018ab   Thumb Code   276  gui.o(.text)
    Show_Str                                 0x080019bf   Thumb Code   268  gui.o(.text)
    Gui_StrCenter                            0x08001acb   Thumb Code    68  gui.o(.text)
    Gui_Drawbmp16                            0x08001b0f   Thumb Code    90  gui.o(.text)
    Show_Adc_Average                         0x08001b69   Thumb Code   438  gui.o(.text)
    USART2_IRQHandler                        0x08001d59   Thumb Code    92  rs485.o(.text)
    RS485_Init                               0x08001db5   Thumb Code   232  rs485.o(.text)
    RS485_SendData                           0x08001e9d   Thumb Code    62  rs485.o(.text)
    RS485_Receive_Data                       0x08001edb   Thumb Code    68  rs485.o(.text)
    EXTIX_Init                               0x08001f39   Thumb Code   134  exti.o(.text)
    EXTI2_IRQHandler                         0x08001fbf   Thumb Code    62  exti.o(.text)
    EXTI3_IRQHandler                         0x08001ffd   Thumb Code    38  exti.o(.text)
    KEY_Init                                 0x0800203d   Thumb Code    32  key.o(.text)
    KEY_Scan                                 0x0800205d   Thumb Code   110  key.o(.text)
    Float_to_Bit                             0x080020d5   Thumb Code   342  time.o(.text)
    K_UP_sacnf_func                          0x0800222b   Thumb Code  1606  time.o(.text)
    TIM4_Init                                0x08002871   Thumb Code    88  time.o(.text)
    TIM3_Init                                0x080028c9   Thumb Code   120  time.o(.text)
    TIM3_IRQHandler                          0x08002941   Thumb Code    40  time.o(.text)
    TIM4_IRQHandler                          0x08002969   Thumb Code   242  time.o(.text)
    PID_init                                 0x08002a95   Thumb Code    66  pid.o(.text)
    BinarySearch                             0x08002ad7   Thumb Code  2780  pid.o(.text)
    VoltagetoFlow                            0x080035b3   Thumb Code    18  pid.o(.text)
    FlowtoVoltage                            0x080035c5   Thumb Code    18  pid.o(.text)
    PID_realize                              0x080035d7   Thumb Code   480  pid.o(.text)
    GP8202_Init                              0x08003821   Thumb Code     8  gp8202.o(.text)
    GP8202_WriteOneByte                      0x08003829   Thumb Code    58  gp8202.o(.text)
    GP8202_SendDate                          0x08003863   Thumb Code    18  gp8202.o(.text)
    IIC_Init                                 0x08003875   Thumb Code    46  myiic.o(.text)
    IIC_Start                                0x080038a3   Thumb Code    72  myiic.o(.text)
    IIC_Stop                                 0x080038eb   Thumb Code    58  myiic.o(.text)
    IIC_Wait_Ack                             0x08003925   Thumb Code    98  myiic.o(.text)
    IIC_Ack                                  0x08003987   Thumb Code    80  myiic.o(.text)
    IIC_NAck                                 0x080039d7   Thumb Code    68  myiic.o(.text)
    IIC_Send_Byte                            0x08003a1b   Thumb Code    94  myiic.o(.text)
    IIC_Read_Byte                            0x08003a79   Thumb Code   106  myiic.o(.text)
    W_Byte1                                  0x08003ae3   Thumb Code    94  myiic.o(.text)
    IIC_RdAck                                0x08003b41   Thumb Code    96  myiic.o(.text)
    change_data                              0x08003ba1   Thumb Code    68  myiic.o(.text)
    Modbus_03_Solve                          0x08003bf1   Thumb Code   210  modbus.o(.text)
    Modbus_04_Solve                          0x08003cc3   Thumb Code   210  modbus.o(.text)
    Modbus_06_Solve                          0x08003d95   Thumb Code   160  modbus.o(.text)
    Modbus_17_Solve                          0x08003e35   Thumb Code   822  modbus.o(.text)
    Modbus_18_Solve                          0x0800416b   Thumb Code   178  modbus.o(.text)
    MODBUS_Service                           0x0800421d   Thumb Code   312  modbus.o(.text)
    CRC16_Compute                            0x08004385   Thumb Code    62  crc.o(.text)
    delay_init                               0x080043cd   Thumb Code    50  delay.o(.text)
    delay_us                                 0x080043ff   Thumb Code    72  delay.o(.text)
    delay_ms                                 0x08004447   Thumb Code    72  delay.o(.text)
    _sys_exit                                0x080044a1   Thumb Code     4  usart.o(.text)
    fputc                                    0x080044a5   Thumb Code    24  usart.o(.text)
    uart_init                                0x080044bd   Thumb Code   152  usart.o(.text)
    USART1_IRQHandler                        0x08004555   Thumb Code   122  usart.o(.text)
    Reset_Handler                            0x080045e1   Thumb Code     8  startup_stm32f10x_md.o(.text)
    ADC1_2_IRQHandler                        0x080045fb   Thumb Code     0  startup_stm32f10x_md.o(.text)
    CAN1_RX1_IRQHandler                      0x080045fb   Thumb Code     0  startup_stm32f10x_md.o(.text)
    CAN1_SCE_IRQHandler                      0x080045fb   Thumb Code     0  startup_stm32f10x_md.o(.text)
    DMA1_Channel1_IRQHandler                 0x080045fb   Thumb Code     0  startup_stm32f10x_md.o(.text)
    DMA1_Channel2_IRQHandler                 0x080045fb   Thumb Code     0  startup_stm32f10x_md.o(.text)
    DMA1_Channel3_IRQHandler                 0x080045fb   Thumb Code     0  startup_stm32f10x_md.o(.text)
    DMA1_Channel4_IRQHandler                 0x080045fb   Thumb Code     0  startup_stm32f10x_md.o(.text)
    DMA1_Channel5_IRQHandler                 0x080045fb   Thumb Code     0  startup_stm32f10x_md.o(.text)
    DMA1_Channel6_IRQHandler                 0x080045fb   Thumb Code     0  startup_stm32f10x_md.o(.text)
    DMA1_Channel7_IRQHandler                 0x080045fb   Thumb Code     0  startup_stm32f10x_md.o(.text)
    EXTI0_IRQHandler                         0x080045fb   Thumb Code     0  startup_stm32f10x_md.o(.text)
    EXTI15_10_IRQHandler                     0x080045fb   Thumb Code     0  startup_stm32f10x_md.o(.text)
    EXTI1_IRQHandler                         0x080045fb   Thumb Code     0  startup_stm32f10x_md.o(.text)
    EXTI4_IRQHandler                         0x080045fb   Thumb Code     0  startup_stm32f10x_md.o(.text)
    EXTI9_5_IRQHandler                       0x080045fb   Thumb Code     0  startup_stm32f10x_md.o(.text)
    FLASH_IRQHandler                         0x080045fb   Thumb Code     0  startup_stm32f10x_md.o(.text)
    I2C1_ER_IRQHandler                       0x080045fb   Thumb Code     0  startup_stm32f10x_md.o(.text)
    I2C1_EV_IRQHandler                       0x080045fb   Thumb Code     0  startup_stm32f10x_md.o(.text)
    I2C2_ER_IRQHandler                       0x080045fb   Thumb Code     0  startup_stm32f10x_md.o(.text)
    I2C2_EV_IRQHandler                       0x080045fb   Thumb Code     0  startup_stm32f10x_md.o(.text)
    PVD_IRQHandler                           0x080045fb   Thumb Code     0  startup_stm32f10x_md.o(.text)
    RCC_IRQHandler                           0x080045fb   Thumb Code     0  startup_stm32f10x_md.o(.text)
    RTCAlarm_IRQHandler                      0x080045fb   Thumb Code     0  startup_stm32f10x_md.o(.text)
    RTC_IRQHandler                           0x080045fb   Thumb Code     0  startup_stm32f10x_md.o(.text)
    SPI1_IRQHandler                          0x080045fb   Thumb Code     0  startup_stm32f10x_md.o(.text)
    SPI2_IRQHandler                          0x080045fb   Thumb Code     0  startup_stm32f10x_md.o(.text)
    TAMPER_IRQHandler                        0x080045fb   Thumb Code     0  startup_stm32f10x_md.o(.text)
    TIM1_BRK_IRQHandler                      0x080045fb   Thumb Code     0  startup_stm32f10x_md.o(.text)
    TIM1_CC_IRQHandler                       0x080045fb   Thumb Code     0  startup_stm32f10x_md.o(.text)
    TIM1_TRG_COM_IRQHandler                  0x080045fb   Thumb Code     0  startup_stm32f10x_md.o(.text)
    TIM1_UP_IRQHandler                       0x080045fb   Thumb Code     0  startup_stm32f10x_md.o(.text)
    TIM2_IRQHandler                          0x080045fb   Thumb Code     0  startup_stm32f10x_md.o(.text)
    USART3_IRQHandler                        0x080045fb   Thumb Code     0  startup_stm32f10x_md.o(.text)
    USBWakeUp_IRQHandler                     0x080045fb   Thumb Code     0  startup_stm32f10x_md.o(.text)
    USB_HP_CAN1_TX_IRQHandler                0x080045fb   Thumb Code     0  startup_stm32f10x_md.o(.text)
    USB_LP_CAN1_RX0_IRQHandler               0x080045fb   Thumb Code     0  startup_stm32f10x_md.o(.text)
    WWDG_IRQHandler                          0x080045fb   Thumb Code     0  startup_stm32f10x_md.o(.text)
    __user_initial_stackheap                 0x080045fd   Thumb Code     0  startup_stm32f10x_md.o(.text)
    GPIO_DeInit                              0x08004621   Thumb Code   172  stm32f10x_gpio.o(.text)
    GPIO_AFIODeInit                          0x080046cd   Thumb Code    20  stm32f10x_gpio.o(.text)
    GPIO_Init                                0x080046e1   Thumb Code   278  stm32f10x_gpio.o(.text)
    GPIO_StructInit                          0x080047f7   Thumb Code    16  stm32f10x_gpio.o(.text)
    GPIO_ReadInputDataBit                    0x08004807   Thumb Code    18  stm32f10x_gpio.o(.text)
    GPIO_ReadInputData                       0x08004819   Thumb Code     8  stm32f10x_gpio.o(.text)
    GPIO_ReadOutputDataBit                   0x08004821   Thumb Code    18  stm32f10x_gpio.o(.text)
    GPIO_ReadOutputData                      0x08004833   Thumb Code     8  stm32f10x_gpio.o(.text)
    GPIO_SetBits                             0x0800483b   Thumb Code     4  stm32f10x_gpio.o(.text)
    GPIO_ResetBits                           0x0800483f   Thumb Code     4  stm32f10x_gpio.o(.text)
    GPIO_WriteBit                            0x08004843   Thumb Code    10  stm32f10x_gpio.o(.text)
    GPIO_Write                               0x0800484d   Thumb Code     4  stm32f10x_gpio.o(.text)
    GPIO_PinLockConfig                       0x08004851   Thumb Code    18  stm32f10x_gpio.o(.text)
    GPIO_EventOutputConfig                   0x08004863   Thumb Code    26  stm32f10x_gpio.o(.text)
    GPIO_EventOutputCmd                      0x0800487d   Thumb Code     6  stm32f10x_gpio.o(.text)
    GPIO_PinRemapConfig                      0x08004883   Thumb Code   138  stm32f10x_gpio.o(.text)
    GPIO_EXTILineConfig                      0x0800490d   Thumb Code    66  stm32f10x_gpio.o(.text)
    GPIO_ETH_MediaInterfaceConfig            0x0800494f   Thumb Code     8  stm32f10x_gpio.o(.text)
    RCC_DeInit                               0x0800497d   Thumb Code    64  stm32f10x_rcc.o(.text)
    RCC_HSEConfig                            0x080049bd   Thumb Code    70  stm32f10x_rcc.o(.text)
    RCC_GetFlagStatus                        0x08004a03   Thumb Code    56  stm32f10x_rcc.o(.text)
    RCC_WaitForHSEStartUp                    0x08004a3b   Thumb Code    56  stm32f10x_rcc.o(.text)
    RCC_AdjustHSICalibrationValue            0x08004a73   Thumb Code    20  stm32f10x_rcc.o(.text)
    RCC_HSICmd                               0x08004a87   Thumb Code     6  stm32f10x_rcc.o(.text)
    RCC_PLLConfig                            0x08004a8d   Thumb Code    24  stm32f10x_rcc.o(.text)
    RCC_PLLCmd                               0x08004aa5   Thumb Code     6  stm32f10x_rcc.o(.text)
    RCC_SYSCLKConfig                         0x08004aab   Thumb Code    18  stm32f10x_rcc.o(.text)
    RCC_GetSYSCLKSource                      0x08004abd   Thumb Code    10  stm32f10x_rcc.o(.text)
    RCC_HCLKConfig                           0x08004ac7   Thumb Code    18  stm32f10x_rcc.o(.text)
    RCC_PCLK1Config                          0x08004ad9   Thumb Code    18  stm32f10x_rcc.o(.text)
    RCC_PCLK2Config                          0x08004aeb   Thumb Code    20  stm32f10x_rcc.o(.text)
    RCC_ITConfig                             0x08004aff   Thumb Code    26  stm32f10x_rcc.o(.text)
    RCC_USBCLKConfig                         0x08004b19   Thumb Code     8  stm32f10x_rcc.o(.text)
    RCC_ADCCLKConfig                         0x08004b21   Thumb Code    18  stm32f10x_rcc.o(.text)
    RCC_LSEConfig                            0x08004b33   Thumb Code    50  stm32f10x_rcc.o(.text)
    RCC_LSICmd                               0x08004b65   Thumb Code     6  stm32f10x_rcc.o(.text)
    RCC_RTCCLKConfig                         0x08004b6b   Thumb Code    12  stm32f10x_rcc.o(.text)
    RCC_RTCCLKCmd                            0x08004b77   Thumb Code     8  stm32f10x_rcc.o(.text)
    RCC_GetClocksFreq                        0x08004b7f   Thumb Code   192  stm32f10x_rcc.o(.text)
    RCC_AHBPeriphClockCmd                    0x08004c3f   Thumb Code    26  stm32f10x_rcc.o(.text)
    RCC_APB2PeriphClockCmd                   0x08004c59   Thumb Code    26  stm32f10x_rcc.o(.text)
    RCC_APB1PeriphClockCmd                   0x08004c73   Thumb Code    26  stm32f10x_rcc.o(.text)
    RCC_APB2PeriphResetCmd                   0x08004c8d   Thumb Code    26  stm32f10x_rcc.o(.text)
    RCC_APB1PeriphResetCmd                   0x08004ca7   Thumb Code    26  stm32f10x_rcc.o(.text)
    RCC_BackupResetCmd                       0x08004cc1   Thumb Code     8  stm32f10x_rcc.o(.text)
    RCC_ClockSecuritySystemCmd               0x08004cc9   Thumb Code     6  stm32f10x_rcc.o(.text)
    RCC_MCOConfig                            0x08004ccf   Thumb Code     6  stm32f10x_rcc.o(.text)
    RCC_ClearFlag                            0x08004cd5   Thumb Code    14  stm32f10x_rcc.o(.text)
    RCC_GetITStatus                          0x08004ce3   Thumb Code    20  stm32f10x_rcc.o(.text)
    RCC_ClearITPendingBit                    0x08004cf7   Thumb Code     6  stm32f10x_rcc.o(.text)
    USART_DeInit                             0x08004d21   Thumb Code   134  stm32f10x_usart.o(.text)
    USART_Init                               0x08004da7   Thumb Code   210  stm32f10x_usart.o(.text)
    USART_StructInit                         0x08004e79   Thumb Code    24  stm32f10x_usart.o(.text)
    USART_ClockInit                          0x08004e91   Thumb Code    34  stm32f10x_usart.o(.text)
    USART_ClockStructInit                    0x08004eb3   Thumb Code    12  stm32f10x_usart.o(.text)
    USART_Cmd                                0x08004ebf   Thumb Code    24  stm32f10x_usart.o(.text)
    USART_ITConfig                           0x08004ed7   Thumb Code    74  stm32f10x_usart.o(.text)
    USART_DMACmd                             0x08004f21   Thumb Code    18  stm32f10x_usart.o(.text)
    USART_SetAddress                         0x08004f33   Thumb Code    18  stm32f10x_usart.o(.text)
    USART_WakeUpConfig                       0x08004f45   Thumb Code    18  stm32f10x_usart.o(.text)
    USART_ReceiverWakeUpCmd                  0x08004f57   Thumb Code    24  stm32f10x_usart.o(.text)
    USART_LINBreakDetectLengthConfig         0x08004f6f   Thumb Code    18  stm32f10x_usart.o(.text)
    USART_LINCmd                             0x08004f81   Thumb Code    24  stm32f10x_usart.o(.text)
    USART_SendData                           0x08004f99   Thumb Code     8  stm32f10x_usart.o(.text)
    USART_ReceiveData                        0x08004fa1   Thumb Code    10  stm32f10x_usart.o(.text)
    USART_SendBreak                          0x08004fab   Thumb Code    10  stm32f10x_usart.o(.text)
    USART_SetGuardTime                       0x08004fb5   Thumb Code    16  stm32f10x_usart.o(.text)
    USART_SetPrescaler                       0x08004fc5   Thumb Code    16  stm32f10x_usart.o(.text)
    USART_SmartCardCmd                       0x08004fd5   Thumb Code    24  stm32f10x_usart.o(.text)
    USART_SmartCardNACKCmd                   0x08004fed   Thumb Code    24  stm32f10x_usart.o(.text)
    USART_HalfDuplexCmd                      0x08005005   Thumb Code    24  stm32f10x_usart.o(.text)
    USART_OverSampling8Cmd                   0x0800501d   Thumb Code    22  stm32f10x_usart.o(.text)
    USART_OneBitMethodCmd                    0x08005033   Thumb Code    24  stm32f10x_usart.o(.text)
    USART_IrDAConfig                         0x0800504b   Thumb Code    18  stm32f10x_usart.o(.text)
    USART_IrDACmd                            0x0800505d   Thumb Code    24  stm32f10x_usart.o(.text)
    USART_GetFlagStatus                      0x08005075   Thumb Code    26  stm32f10x_usart.o(.text)
    USART_ClearFlag                          0x0800508f   Thumb Code    18  stm32f10x_usart.o(.text)
    USART_GetITStatus                        0x080050a1   Thumb Code    84  stm32f10x_usart.o(.text)
    USART_ClearITPendingBit                  0x080050f5   Thumb Code    52  stm32f10x_usart.o(.text)
    NVIC_PriorityGroupConfig                 0x08005129   Thumb Code    10  misc.o(.text)
    NVIC_Init                                0x08005133   Thumb Code   100  misc.o(.text)
    NVIC_SetVectorTable                      0x08005197   Thumb Code    14  misc.o(.text)
    NVIC_SystemLPConfig                      0x080051a5   Thumb Code    34  misc.o(.text)
    SysTick_CLKSourceConfig                  0x080051c7   Thumb Code    40  misc.o(.text)
    ADC_DeInit                               0x08005205   Thumb Code    78  stm32f10x_adc.o(.text)
    ADC_Init                                 0x08005253   Thumb Code    70  stm32f10x_adc.o(.text)
    ADC_StructInit                           0x08005299   Thumb Code    18  stm32f10x_adc.o(.text)
    ADC_Cmd                                  0x080052ab   Thumb Code    22  stm32f10x_adc.o(.text)
    ADC_DMACmd                               0x080052c1   Thumb Code    22  stm32f10x_adc.o(.text)
    ADC_ITConfig                             0x080052d7   Thumb Code    24  stm32f10x_adc.o(.text)
    ADC_ResetCalibration                     0x080052ef   Thumb Code    10  stm32f10x_adc.o(.text)
    ADC_GetResetCalibrationStatus            0x080052f9   Thumb Code    20  stm32f10x_adc.o(.text)
    ADC_StartCalibration                     0x0800530d   Thumb Code    10  stm32f10x_adc.o(.text)
    ADC_GetCalibrationStatus                 0x08005317   Thumb Code    20  stm32f10x_adc.o(.text)
    ADC_SoftwareStartConvCmd                 0x0800532b   Thumb Code    22  stm32f10x_adc.o(.text)
    ADC_GetSoftwareStartConvStatus           0x08005341   Thumb Code    20  stm32f10x_adc.o(.text)
    ADC_DiscModeChannelCountConfig           0x08005355   Thumb Code    24  stm32f10x_adc.o(.text)
    ADC_DiscModeCmd                          0x0800536d   Thumb Code    22  stm32f10x_adc.o(.text)
    ADC_RegularChannelConfig                 0x08005383   Thumb Code   184  stm32f10x_adc.o(.text)
    ADC_ExternalTrigConvCmd                  0x0800543b   Thumb Code    22  stm32f10x_adc.o(.text)
    ADC_GetConversionValue                   0x08005451   Thumb Code     8  stm32f10x_adc.o(.text)
    ADC_GetDualModeConversionValue           0x08005459   Thumb Code     8  stm32f10x_adc.o(.text)
    ADC_AutoInjectedConvCmd                  0x08005461   Thumb Code    22  stm32f10x_adc.o(.text)
    ADC_InjectedDiscModeCmd                  0x08005477   Thumb Code    22  stm32f10x_adc.o(.text)
    ADC_ExternalTrigInjectedConvConfig       0x0800548d   Thumb Code    16  stm32f10x_adc.o(.text)
    ADC_ExternalTrigInjectedConvCmd          0x0800549d   Thumb Code    22  stm32f10x_adc.o(.text)
    ADC_SoftwareStartInjectedConvCmd         0x080054b3   Thumb Code    22  stm32f10x_adc.o(.text)
    ADC_GetSoftwareStartInjectedConvCmdStatus 0x080054c9   Thumb Code    20  stm32f10x_adc.o(.text)
    ADC_InjectedChannelConfig                0x080054dd   Thumb Code   130  stm32f10x_adc.o(.text)
    ADC_InjectedSequencerLengthConfig        0x0800555f   Thumb Code    24  stm32f10x_adc.o(.text)
    ADC_SetInjectedOffset                    0x08005577   Thumb Code    20  stm32f10x_adc.o(.text)
    ADC_GetInjectedConversionValue           0x0800558b   Thumb Code    28  stm32f10x_adc.o(.text)
    ADC_AnalogWatchdogCmd                    0x080055a7   Thumb Code    16  stm32f10x_adc.o(.text)
    ADC_AnalogWatchdogThresholdsConfig       0x080055b7   Thumb Code     6  stm32f10x_adc.o(.text)
    ADC_AnalogWatchdogSingleChannelConfig    0x080055bd   Thumb Code    16  stm32f10x_adc.o(.text)
    ADC_TempSensorVrefintCmd                 0x080055cd   Thumb Code    64  stm32f10x_adc.o(.text)
    ADC_GetFlagStatus                        0x0800560d   Thumb Code    18  stm32f10x_adc.o(.text)
    ADC_ClearFlag                            0x0800561f   Thumb Code     6  stm32f10x_adc.o(.text)
    ADC_GetITStatus                          0x08005625   Thumb Code    36  stm32f10x_adc.o(.text)
    ADC_ClearITPendingBit                    0x08005649   Thumb Code    10  stm32f10x_adc.o(.text)
    SPI_I2S_DeInit                           0x08005655   Thumb Code    76  stm32f10x_spi.o(.text)
    SPI_Init                                 0x080056a1   Thumb Code    60  stm32f10x_spi.o(.text)
    I2S_Init                                 0x080056dd   Thumb Code   226  stm32f10x_spi.o(.text)
    SPI_StructInit                           0x080057bf   Thumb Code    24  stm32f10x_spi.o(.text)
    I2S_StructInit                           0x080057d7   Thumb Code    20  stm32f10x_spi.o(.text)
    SPI_Cmd                                  0x080057eb   Thumb Code    24  stm32f10x_spi.o(.text)
    I2S_Cmd                                  0x08005803   Thumb Code    24  stm32f10x_spi.o(.text)
    SPI_I2S_ITConfig                         0x0800581b   Thumb Code    32  stm32f10x_spi.o(.text)
    SPI_I2S_DMACmd                           0x0800583b   Thumb Code    18  stm32f10x_spi.o(.text)
    SPI_I2S_SendData                         0x0800584d   Thumb Code     4  stm32f10x_spi.o(.text)
    SPI_I2S_ReceiveData                      0x08005851   Thumb Code     6  stm32f10x_spi.o(.text)
    SPI_NSSInternalSoftwareConfig            0x08005857   Thumb Code    30  stm32f10x_spi.o(.text)
    SPI_SSOutputCmd                          0x08005875   Thumb Code    24  stm32f10x_spi.o(.text)
    SPI_DataSizeConfig                       0x0800588d   Thumb Code    18  stm32f10x_spi.o(.text)
    SPI_TransmitCRC                          0x0800589f   Thumb Code    10  stm32f10x_spi.o(.text)
    SPI_CalculateCRC                         0x080058a9   Thumb Code    24  stm32f10x_spi.o(.text)
    SPI_GetCRC                               0x080058c1   Thumb Code    16  stm32f10x_spi.o(.text)
    SPI_GetCRCPolynomial                     0x080058d1   Thumb Code     6  stm32f10x_spi.o(.text)
    SPI_BiDirectionalLineConfig              0x080058d7   Thumb Code    28  stm32f10x_spi.o(.text)
    SPI_I2S_GetFlagStatus                    0x080058f3   Thumb Code    18  stm32f10x_spi.o(.text)
    SPI_I2S_ClearFlag                        0x08005905   Thumb Code     6  stm32f10x_spi.o(.text)
    SPI_I2S_GetITStatus                      0x0800590b   Thumb Code    52  stm32f10x_spi.o(.text)
    SPI_I2S_ClearITPendingBit                0x0800593f   Thumb Code    20  stm32f10x_spi.o(.text)
    EXTI_DeInit                              0x08005961   Thumb Code    28  stm32f10x_exti.o(.text)
    EXTI_Init                                0x0800597d   Thumb Code   142  stm32f10x_exti.o(.text)
    EXTI_StructInit                          0x08005a0b   Thumb Code    16  stm32f10x_exti.o(.text)
    EXTI_GenerateSWInterrupt                 0x08005a1b   Thumb Code    16  stm32f10x_exti.o(.text)
    EXTI_GetFlagStatus                       0x08005a2b   Thumb Code    22  stm32f10x_exti.o(.text)
    EXTI_ClearFlag                           0x08005a41   Thumb Code     8  stm32f10x_exti.o(.text)
    EXTI_GetITStatus                         0x08005a49   Thumb Code    34  stm32f10x_exti.o(.text)
    EXTI_ClearITPendingBit                   0x08005a6b   Thumb Code     8  stm32f10x_exti.o(.text)
    TIM_DeInit                               0x08005a7d   Thumb Code   424  stm32f10x_tim.o(.text)
    TIM_TimeBaseInit                         0x08005c25   Thumb Code   122  stm32f10x_tim.o(.text)
    TIM_OC1Init                              0x08005c9f   Thumb Code   132  stm32f10x_tim.o(.text)
    TIM_OC2Init                              0x08005d23   Thumb Code   154  stm32f10x_tim.o(.text)
    TIM_OC3Init                              0x08005dbd   Thumb Code   150  stm32f10x_tim.o(.text)
    TIM_OC4Init                              0x08005e53   Thumb Code   182  stm32f10x_tim.o(.text)
    TIM_SetIC4Prescaler                      0x08005f09   Thumb Code    26  stm32f10x_tim.o(.text)
    TIM_SetIC3Prescaler                      0x08005fa5   Thumb Code    18  stm32f10x_tim.o(.text)
    TIM_SetIC2Prescaler                      0x08006031   Thumb Code    26  stm32f10x_tim.o(.text)
    TIM_SetIC1Prescaler                      0x080060cd   Thumb Code    18  stm32f10x_tim.o(.text)
    TIM_ICInit                               0x0800614b   Thumb Code   150  stm32f10x_tim.o(.text)
    TIM_PWMIConfig                           0x080061e1   Thumb Code   124  stm32f10x_tim.o(.text)
    TIM_BDTRConfig                           0x0800625d   Thumb Code    32  stm32f10x_tim.o(.text)
    TIM_TimeBaseStructInit                   0x0800627d   Thumb Code    18  stm32f10x_tim.o(.text)
    TIM_OCStructInit                         0x0800628f   Thumb Code    20  stm32f10x_tim.o(.text)
    TIM_ICStructInit                         0x080062a3   Thumb Code    18  stm32f10x_tim.o(.text)
    TIM_BDTRStructInit                       0x080062b5   Thumb Code    40  stm32f10x_tim.o(.text)
    TIM_Cmd                                  0x080062dd   Thumb Code    24  stm32f10x_tim.o(.text)
    TIM_CtrlPWMOutputs                       0x080062f5   Thumb Code    30  stm32f10x_tim.o(.text)
    TIM_ITConfig                             0x08006313   Thumb Code    18  stm32f10x_tim.o(.text)
    TIM_GenerateEvent                        0x08006325   Thumb Code     4  stm32f10x_tim.o(.text)
    TIM_DMAConfig                            0x08006329   Thumb Code    10  stm32f10x_tim.o(.text)
    TIM_DMACmd                               0x08006333   Thumb Code    18  stm32f10x_tim.o(.text)
    TIM_InternalClockConfig                  0x08006345   Thumb Code    12  stm32f10x_tim.o(.text)
    TIM_SelectInputTrigger                   0x08006351   Thumb Code    18  stm32f10x_tim.o(.text)
    TIM_ITRxExternalClockConfig              0x08006363   Thumb Code    24  stm32f10x_tim.o(.text)
    TIM_TIxExternalClockConfig               0x0800637b   Thumb Code    62  stm32f10x_tim.o(.text)
    TIM_ETRConfig                            0x080063b9   Thumb Code    28  stm32f10x_tim.o(.text)
    TIM_ETRClockMode1Config                  0x080063d5   Thumb Code    54  stm32f10x_tim.o(.text)
    TIM_ETRClockMode2Config                  0x0800640b   Thumb Code    32  stm32f10x_tim.o(.text)
    TIM_PrescalerConfig                      0x0800642b   Thumb Code     6  stm32f10x_tim.o(.text)
    TIM_CounterModeConfig                    0x08006431   Thumb Code    18  stm32f10x_tim.o(.text)
    TIM_EncoderInterfaceConfig               0x08006443   Thumb Code    66  stm32f10x_tim.o(.text)
    TIM_ForcedOC1Config                      0x08006485   Thumb Code    18  stm32f10x_tim.o(.text)
    TIM_ForcedOC2Config                      0x08006497   Thumb Code    26  stm32f10x_tim.o(.text)
    TIM_ForcedOC3Config                      0x080064b1   Thumb Code    18  stm32f10x_tim.o(.text)
    TIM_ForcedOC4Config                      0x080064c3   Thumb Code    26  stm32f10x_tim.o(.text)
    TIM_ARRPreloadConfig                     0x080064dd   Thumb Code    24  stm32f10x_tim.o(.text)
    TIM_SelectCOM                            0x080064f5   Thumb Code    24  stm32f10x_tim.o(.text)
    TIM_SelectCCDMA                          0x0800650d   Thumb Code    24  stm32f10x_tim.o(.text)
    TIM_CCPreloadControl                     0x08006525   Thumb Code    24  stm32f10x_tim.o(.text)
    TIM_OC1PreloadConfig                     0x0800653d   Thumb Code    18  stm32f10x_tim.o(.text)
    TIM_OC2PreloadConfig                     0x0800654f   Thumb Code    26  stm32f10x_tim.o(.text)
    TIM_OC3PreloadConfig                     0x08006569   Thumb Code    18  stm32f10x_tim.o(.text)
    TIM_OC4PreloadConfig                     0x0800657b   Thumb Code    26  stm32f10x_tim.o(.text)
    TIM_OC1FastConfig                        0x08006595   Thumb Code    18  stm32f10x_tim.o(.text)
    TIM_OC2FastConfig                        0x080065a7   Thumb Code    26  stm32f10x_tim.o(.text)
    TIM_OC3FastConfig                        0x080065c1   Thumb Code    18  stm32f10x_tim.o(.text)
    TIM_OC4FastConfig                        0x080065d3   Thumb Code    26  stm32f10x_tim.o(.text)
    TIM_ClearOC1Ref                          0x080065ed   Thumb Code    18  stm32f10x_tim.o(.text)
    TIM_ClearOC2Ref                          0x080065ff   Thumb Code    24  stm32f10x_tim.o(.text)
    TIM_ClearOC3Ref                          0x08006617   Thumb Code    18  stm32f10x_tim.o(.text)
    TIM_ClearOC4Ref                          0x08006629   Thumb Code    24  stm32f10x_tim.o(.text)
    TIM_OC1PolarityConfig                    0x08006641   Thumb Code    18  stm32f10x_tim.o(.text)
    TIM_OC1NPolarityConfig                   0x08006653   Thumb Code    18  stm32f10x_tim.o(.text)
    TIM_OC2PolarityConfig                    0x08006665   Thumb Code    26  stm32f10x_tim.o(.text)
    TIM_OC2NPolarityConfig                   0x0800667f   Thumb Code    26  stm32f10x_tim.o(.text)
    TIM_OC3PolarityConfig                    0x08006699   Thumb Code    26  stm32f10x_tim.o(.text)
    TIM_OC3NPolarityConfig                   0x080066b3   Thumb Code    26  stm32f10x_tim.o(.text)
    TIM_OC4PolarityConfig                    0x080066cd   Thumb Code    26  stm32f10x_tim.o(.text)
    TIM_CCxCmd                               0x080066e7   Thumb Code    30  stm32f10x_tim.o(.text)
    TIM_CCxNCmd                              0x08006705   Thumb Code    30  stm32f10x_tim.o(.text)
    TIM_SelectOCxM                           0x08006723   Thumb Code    82  stm32f10x_tim.o(.text)
    TIM_UpdateDisableConfig                  0x08006775   Thumb Code    24  stm32f10x_tim.o(.text)
    TIM_UpdateRequestConfig                  0x0800678d   Thumb Code    24  stm32f10x_tim.o(.text)
    TIM_SelectHallSensor                     0x080067a5   Thumb Code    24  stm32f10x_tim.o(.text)
    TIM_SelectOnePulseMode                   0x080067bd   Thumb Code    18  stm32f10x_tim.o(.text)
    TIM_SelectOutputTrigger                  0x080067cf   Thumb Code    18  stm32f10x_tim.o(.text)
    TIM_SelectSlaveMode                      0x080067e1   Thumb Code    18  stm32f10x_tim.o(.text)
    TIM_SelectMasterSlaveMode                0x080067f3   Thumb Code    18  stm32f10x_tim.o(.text)
    TIM_SetCounter                           0x08006805   Thumb Code     4  stm32f10x_tim.o(.text)
    TIM_SetAutoreload                        0x08006809   Thumb Code     4  stm32f10x_tim.o(.text)
    TIM_SetCompare1                          0x0800680d   Thumb Code     4  stm32f10x_tim.o(.text)
    TIM_SetCompare2                          0x08006811   Thumb Code     4  stm32f10x_tim.o(.text)
    TIM_SetCompare3                          0x08006815   Thumb Code     4  stm32f10x_tim.o(.text)
    TIM_SetCompare4                          0x08006819   Thumb Code     6  stm32f10x_tim.o(.text)
    TIM_SetClockDivision                     0x0800681f   Thumb Code    18  stm32f10x_tim.o(.text)
    TIM_GetCapture1                          0x08006831   Thumb Code     6  stm32f10x_tim.o(.text)
    TIM_GetCapture2                          0x08006837   Thumb Code     6  stm32f10x_tim.o(.text)
    TIM_GetCapture3                          0x0800683d   Thumb Code     6  stm32f10x_tim.o(.text)
    TIM_GetCapture4                          0x08006843   Thumb Code     8  stm32f10x_tim.o(.text)
    TIM_GetCounter                           0x0800684b   Thumb Code     6  stm32f10x_tim.o(.text)
    TIM_GetPrescaler                         0x08006851   Thumb Code     6  stm32f10x_tim.o(.text)
    TIM_GetFlagStatus                        0x08006857   Thumb Code    18  stm32f10x_tim.o(.text)
    TIM_ClearFlag                            0x08006869   Thumb Code     6  stm32f10x_tim.o(.text)
    TIM_GetITStatus                          0x0800686f   Thumb Code    34  stm32f10x_tim.o(.text)
    TIM_ClearITPendingBit                    0x08006891   Thumb Code     6  stm32f10x_tim.o(.text)
    __use_no_semihosting                     0x08006897   Thumb Code     2  use_no_semi_2.o(.text)
    __2sprintf                               0x08006899   Thumb Code    34  noretval__2sprintf.o(.text)
    __printf                                 0x080068c1   Thumb Code   270  __printf_wp.o(.text)
    strchr                                   0x080069cf   Thumb Code    20  strchr.o(.text)
    strlen                                   0x080069e3   Thumb Code    62  strlen.o(.text)
    strcat                                   0x08006a21   Thumb Code    24  strcat.o(.text)
    __aeabi_memclr4                          0x08006a39   Thumb Code     0  rt_memclr_w.o(.text)
    __aeabi_memclr8                          0x08006a39   Thumb Code     0  rt_memclr_w.o(.text)
    __rt_memclr_w                            0x08006a39   Thumb Code    78  rt_memclr_w.o(.text)
    _memset_w                                0x08006a3d   Thumb Code     0  rt_memclr_w.o(.text)
    strncpy                                  0x08006a87   Thumb Code    86  strncpy.o(.text)
    __use_two_region_memory                  0x08006add   Thumb Code     2  heapauxi.o(.text)
    __rt_heap_escrow$2region                 0x08006adf   Thumb Code     2  heapauxi.o(.text)
    __rt_heap_expand$2region                 0x08006ae1   Thumb Code     2  heapauxi.o(.text)
    __I$use$semihosting                      0x08006ae3   Thumb Code     0  use_no_semi.o(.text)
    __use_no_semihosting_swi                 0x08006ae3   Thumb Code     2  use_no_semi.o(.text)
    __read_errno                             0x08006ae5   Thumb Code    10  _rserrno.o(.text)
    __set_errno                              0x08006aef   Thumb Code    12  _rserrno.o(.text)
    __lib_sel_fp_printf                      0x08006afb   Thumb Code     2  _printf_fp_dec.o(.text)
    _printf_fp_dec_real                      0x08006cad   Thumb Code   620  _printf_fp_dec.o(.text)
    _printf_char_common                      0x08006f23   Thumb Code    32  _printf_char_common.o(.text)
    _sputc                                   0x08006f49   Thumb Code    10  _sputc.o(.text)
    __strtod_int                             0x08006f91   Thumb Code    90  strtod.o(.text)
    __aeabi_memclr                           0x08006ff9   Thumb Code     0  rt_memclr.o(.text)
    __rt_memclr                              0x08006ff9   Thumb Code    68  rt_memclr.o(.text)
    _memset                                  0x08006ffd   Thumb Code     0  rt_memclr.o(.text)
    __rt_locale                              0x0800703d   Thumb Code     8  rt_locale_intlibspace.o(.text)
    __aeabi_errno_addr                       0x08007045   Thumb Code     8  rt_errno_addr_intlibspace.o(.text)
    __errno$intlibspace                      0x08007045   Thumb Code     0  rt_errno_addr_intlibspace.o(.text)
    __rt_errno_addr$intlibspace              0x08007045   Thumb Code     0  rt_errno_addr_intlibspace.o(.text)
    _ll_udiv10                               0x0800704d   Thumb Code   138  lludiv10.o(.text)
    isspace                                  0x080070d7   Thumb Code    18  isspace.o(.text)
    _printf_fp_infnan                        0x080070e9   Thumb Code   112  _printf_fp_infnan.o(.text)
    _sgetc                                   0x08007169   Thumb Code    30  _sgetc.o(.text)
    _sbackspace                              0x08007187   Thumb Code    34  _sgetc.o(.text)
    _btod_etento                             0x080071a9   Thumb Code   224  bigflt0.o(.text)
    __user_libspace                          0x0800728d   Thumb Code     8  libspace.o(.text)
    __user_perproc_libspace                  0x0800728d   Thumb Code     0  libspace.o(.text)
    __user_perthread_libspace                0x0800728d   Thumb Code     0  libspace.o(.text)
    __user_setup_stackheap                   0x08007295   Thumb Code    74  sys_stackheap_outer.o(.text)
    __rt_ctype_table                         0x080072e1   Thumb Code    16  rt_ctype_table.o(.text)
    _scanf_really_real                       0x0800753d   Thumb Code   684  scanf_fp.o(.text)
    exit                                     0x080077e9   Thumb Code    18  exit.o(.text)
    strcmp                                   0x080077fd   Thumb Code   128  strcmpv7m.o(.text)
    _scanf_really_hex_real                   0x0800787d   Thumb Code   786  scanf_hexfp.o(.text)
    _scanf_really_infnan                     0x08007b9d   Thumb Code   292  scanf_infnan.o(.text)
    __aeabi_llsl                             0x08007cd1   Thumb Code     0  llshl.o(.text)
    _ll_shift_l                              0x08007cd1   Thumb Code    38  llshl.o(.text)
    _chval                                   0x08007cf7   Thumb Code    28  _chval.o(.text)
    _btod_d2e                                0x08007d13   Thumb Code    62  btod.o(CL$$btod_d2e)
    _d2e_denorm_low                          0x08007d51   Thumb Code    70  btod.o(CL$$btod_d2e_denorm_low)
    _d2e_norm_op1                            0x08007d97   Thumb Code    96  btod.o(CL$$btod_d2e_norm_op1)
    __btod_div_common                        0x08007df7   Thumb Code   696  btod.o(CL$$btod_div_common)
    _e2d                                     0x08008131   Thumb Code   122  btod.o(CL$$btod_e2d)
    _e2e                                     0x080081b5   Thumb Code   220  btod.o(CL$$btod_e2e)
    _btod_ediv                               0x08008291   Thumb Code    42  btod.o(CL$$btod_ediv)
    _btod_edivd                              0x080082bb   Thumb Code    42  btod.o(CL$$btod_edivd)
    _btod_emul                               0x080082e5   Thumb Code    42  btod.o(CL$$btod_emul)
    _btod_emuld                              0x0800830f   Thumb Code    42  btod.o(CL$$btod_emuld)
    __btod_mult_common                       0x08008339   Thumb Code   580  btod.o(CL$$btod_mult_common)
    __ARM_fpclassify                         0x0800857d   Thumb Code    40  fpclassify.o(i.__ARM_fpclassify)
    __mathlib_dbl_overflow                   0x080085a5   Thumb Code    14  dunder.o(i.__mathlib_dbl_overflow)
    __mathlib_dbl_underflow                  0x080085b5   Thumb Code    10  dunder.o(i.__mathlib_dbl_underflow)
    __mathlib_narrow                         0x080085c5   Thumb Code    16  narrow.o(i.__mathlib_narrow)
    __mathlib_tofloat                        0x080085d5   Thumb Code   184  narrow.o(i.__mathlib_tofloat)
    __support_ldexp                          0x08008691   Thumb Code    22  ldexp.o(i.__support_ldexp)
    _is_digit                                0x080086a7   Thumb Code    14  __printf_wp.o(i._is_digit)
    atof                                     0x080086b5   Thumb Code    42  atof.o(i.atof)
    frexp                                    0x080086e1   Thumb Code    80  frexp.o(i.frexp)
    ldexp                                    0x08008739   Thumb Code   116  ldexp.o(i.ldexp)
    _get_lc_numeric                          0x080087ad   Thumb Code    44  lc_numeric_c.o(locale$$code)
    _get_lc_ctype                            0x080087d9   Thumb Code    44  lc_ctype_c.o(locale$$code)
    __aeabi_d2f                              0x08008805   Thumb Code     0  d2f.o(x$fpl$d2f)
    _d2f                                     0x08008805   Thumb Code    98  d2f.o(x$fpl$d2f)
    __aeabi_dadd                             0x08008869   Thumb Code     0  daddsub_clz.o(x$fpl$dadd)
    _dadd                                    0x08008869   Thumb Code   332  daddsub_clz.o(x$fpl$dadd)
    __fpl_dcheck_NaN1                        0x080089b9   Thumb Code    10  dcheck1.o(x$fpl$dcheck1)
    __fpl_dcmp_Inf                           0x080089c9   Thumb Code    24  dcmpi.o(x$fpl$dcmpinf)
    __aeabi_ddiv                             0x080089e1   Thumb Code     0  ddiv.o(x$fpl$ddiv)
    _ddiv                                    0x080089e1   Thumb Code   552  ddiv.o(x$fpl$ddiv)
    __aeabi_cdcmpeq                          0x08008c91   Thumb Code     0  deqf.o(x$fpl$deqf)
    _dcmpeq                                  0x08008c91   Thumb Code   120  deqf.o(x$fpl$deqf)
    __aeabi_d2uiz                            0x08008d09   Thumb Code     0  dfixu.o(x$fpl$dfixu)
    _dfixu                                   0x08008d09   Thumb Code    90  dfixu.o(x$fpl$dfixu)
    __aeabi_i2d                              0x08008d63   Thumb Code     0  dflt_clz.o(x$fpl$dflt)
    _dflt                                    0x08008d63   Thumb Code    46  dflt_clz.o(x$fpl$dflt)
    __aeabi_ui2d                             0x08008d91   Thumb Code     0  dflt_clz.o(x$fpl$dfltu)
    _dfltu                                   0x08008d91   Thumb Code    38  dflt_clz.o(x$fpl$dfltu)
    __aeabi_cdcmple                          0x08008db9   Thumb Code     0  dleqf.o(x$fpl$dleqf)
    _dcmple                                  0x08008db9   Thumb Code   120  dleqf.o(x$fpl$dleqf)
    __fpl_dcmple_InfNaN                      0x08008e1b   Thumb Code     0  dleqf.o(x$fpl$dleqf)
    __aeabi_dmul                             0x08008e31   Thumb Code     0  dmul.o(x$fpl$dmul)
    _dmul                                    0x08008e31   Thumb Code   332  dmul.o(x$fpl$dmul)
    __fpl_dnaninf                            0x08008f85   Thumb Code   156  dnaninf.o(x$fpl$dnaninf)
    __fpl_dretinf                            0x08009021   Thumb Code    12  dretinf.o(x$fpl$dretinf)
    __aeabi_cdrcmple                         0x0800902d   Thumb Code     0  drleqf.o(x$fpl$drleqf)
    _drcmple                                 0x0800902d   Thumb Code   108  drleqf.o(x$fpl$drleqf)
    __aeabi_drsub                            0x08009099   Thumb Code     0  daddsub_clz.o(x$fpl$drsb)
    _drsb                                    0x08009099   Thumb Code    22  daddsub_clz.o(x$fpl$drsb)
    __aeabi_dsub                             0x080090b1   Thumb Code     0  daddsub_clz.o(x$fpl$dsub)
    _dsub                                    0x080090b1   Thumb Code   464  daddsub_clz.o(x$fpl$dsub)
    __fpl_fretinf                            0x08009285   Thumb Code    10  fretinf.o(x$fpl$fretinf)
    __ieee_status                            0x0800928f   Thumb Code     6  istatus.o(x$fpl$ieeestatus)
    _printf_fp_dec                           0x08009295   Thumb Code     4  printf1.o(x$fpl$printf1)
    __fpl_return_NaN                         0x08009299   Thumb Code   100  retnan.o(x$fpl$retnan)
    __ARM_scalbn                             0x080092fd   Thumb Code    92  scalbn.o(x$fpl$scalbn)
    _scanf_real                              0x08009359   Thumb Code     4  scanf1.o(x$fpl$scanf1)
    _scanf_hex_real                          0x0800935d   Thumb Code     4  scanf2.o(x$fpl$scanf2)
    _scanf_infnan                            0x08009361   Thumb Code     4  scanf2.o(x$fpl$scanf2)
    __fpl_cmpreturn                          0x08009365   Thumb Code    48  trapv.o(x$fpl$trapveneer)
    __I$use$fp                               0x08009394   Number         0  usenofp.o(x$fpl$usenofp)
    asc2_1206                                0x08009394   Data        1140  gui.o(.constdata)
    asc2_1608                                0x08009808   Data        1520  gui.o(.constdata)
    asc2_2412                                0x08009df8   Data         576  gui.o(.constdata)
    tfont16                                  0x0800a038   Data         544  gui.o(.constdata)
    tfont24                                  0x0800a258   Data         814  gui.o(.constdata)
    tfont32                                  0x0800a586   Data         130  gui.o(.constdata)
    CRC16HiTable                             0x0800a608   Data         256  crc.o(.constdata)
    CRC16LoTable                             0x0800a708   Data         256  crc.o(.constdata)
    Region$$Table$$Base                      0x0800a89c   Number         0  anon$$obj.o(Region$$Table)
    Region$$Table$$Limit                     0x0800a8bc   Number         0  anon$$obj.o(Region$$Table)
    __aeabi_HUGE_VAL                         0x0800a8bc   Data           0  fpconst.o(c$$dinf)
    __aeabi_HUGE_VALL                        0x0800a8bc   Data           0  fpconst.o(c$$dinf)
    __aeabi_INFINITY                         0x0800a8bc   Data           0  fpconst.o(c$$dinf)
    __dInf                                   0x0800a8bc   Data           0  fpconst.o(c$$dinf)
    __huge_val                               0x0800a8bc   Data           0  fpconst.o(c$$dinf)
    __dbl_max                                0x0800a8c4   Data           0  fpconst.o(c$$dmax)
    __ctype                                  0x0800a8f5   Data           0  lc_ctype_c.o(locale$$data)
    set_flowvalue                            0x20000000   Data           8  main.o(.data)
    set_voltagevalue                         0x20000008   Data           8  main.o(.data)
    adcx                                     0x20000010   Data           2  main.o(.data)
    Input_value                              0x20000012   Data           2  main.o(.data)
    thousand                                 0x20000014   Data           1  main.o(.data)
    hundred                                  0x20000015   Data           1  main.o(.data)
    ten                                      0x20000016   Data           1  main.o(.data)
    unit                                     0x20000017   Data           1  main.o(.data)
    tenths                                   0x20000018   Data           1  main.o(.data)
    percentile                               0x20000019   Data           1  main.o(.data)
    thousandth                               0x2000001a   Data           1  main.o(.data)
    set_flag                                 0x2000001b   Data           1  main.o(.data)
    pid_set                                  0x2000001c   Data           1  main.o(.data)
    len                                      0x2000001d   Data           1  main.o(.data)
    input_8202                               0x2000001e   Data           2  main.o(.data)
    voltage_pid                              0x20000020   Data           8  main.o(.data)
    change_value                             0x20000028   Data           8  main.o(.data)
    actual_value                             0x20000030   Data           8  main.o(.data)
    pid_up                                   0x20000038   Data           1  main.o(.data)
    change_percentage                        0x20000040   Data           8  main.o(.data)
    SystemCoreClock                          0x20000048   Data           4  system_stm32f10x.o(.data)
    AHBPrescTable                            0x2000004c   Data          16  system_stm32f10x.o(.data)
    POINT_COLOR                              0x2000005c   Data           2  lcd.o(.data)
    BACK_COLOR                               0x2000005e   Data           2  lcd.o(.data)
    DeviceCode                               0x20000060   Data           2  lcd.o(.data)
    RS485_RX_CNT                             0x20000062   Data           2  rs485.o(.data)
    RS485_TX_CNT                             0x20000064   Data           2  rs485.o(.data)
    key1_pressed                             0x20000066   Data           1  exti.o(.data)
    key_up_fall_flag                         0x20000068   Data           1  time.o(.data)
    key_down_fall_flag                       0x20000069   Data           1  time.o(.data)
    key_up_up_flag                           0x2000006a   Data           1  time.o(.data)
    K_UP_status                              0x2000006b   Data           1  time.o(.data)
    K_DOWN_status                            0x2000006c   Data           1  time.o(.data)
    key                                      0x2000006d   Data           1  time.o(.data)
    data                                     0x2000006e   Data           2  time.o(.data)
    tmp                                      0x20000070   Data           1  time.o(.data)
    RS485_FrameFlag                          0x20000073   Data           1  time.o(.data)
    Flow_Convert_Voltage                     0x20000080   Data         784  pid.o(.data)
    voltage_arr                              0x20000390   Data         392  pid.o(.data)
    flow_arr                                 0x20000518   Data         392  pid.o(.data)
    startRegAddr                             0x200006a0   Data           2  modbus.o(.data)
    RS485_Addr                               0x200006a2   Data           1  modbus.o(.data)
    calCRC                                   0x200006a4   Data           2  modbus.o(.data)
    RegNum                                   0x200006a6   Data           2  modbus.o(.data)
    __stdout                                 0x200006ac   Data           4  usart.o(.data)
    USART_RX_STA                             0x200006b0   Data           2  usart.o(.data)
    lcddev                                   0x200006c8   Data          14  lcd.o(.bss)
    RS485_RX_BUFF                            0x200006d6   Data          64  rs485.o(.bss)
    RS485_TX_BUFF                            0x20000716   Data          64  rs485.o(.bss)
    display_buf                              0x20000758   Data          50  pid.o(.bss)
    pid                                      0x20000790   Data          88  pid.o(.bss)
    USART_RX_BUF                             0x200007e8   Data         200  usart.o(.bss)
    __libspace_start                         0x200008b0   Data          96  libspace.o(.bss)
    __temporary_stack_top$libspace           0x20000910   Data           0  libspace.o(.bss)



==============================================================================

Memory Map of the image

  Image Entry point : 0x080000ed

  Load Region LR_IROM1 (Base: 0x08000000, Size: 0x0000b0c0, Max: 0x00020000, ABSOLUTE, COMPRESSED[0x0000acd8])

    Execution Region ER_IROM1 (Exec base: 0x08000000, Load base: 0x08000000, Size: 0x0000a9f8, Max: 0x00020000, ABSOLUTE)

    Exec Addr    Load Addr    Size         Type   Attr      Idx    E Section Name        Object

    0x08000000   0x08000000   0x000000ec   Data   RO          505    RESET               startup_stm32f10x_md.o
    0x080000ec   0x080000ec   0x00000008   Code   RO          652  * !!!main             c_w.l(__main.o)
    0x080000f4   0x080000f4   0x00000034   Code   RO          995    !!!scatter          c_w.l(__scatter.o)
    0x08000128   0x08000128   0x00000064   Code   RO          993    !!dclz77c           c_w.l(__dclz77c.o)
    0x0800018c   0x0800018c   0x0000001c   Code   RO          997    !!handler_zi        c_w.l(__scatter_zi.o)
    0x080001a8   0x080001a8   0x00000000   Code   RO          639    .ARM.Collect$$_printf_percent$$00000000  c_w.l(_printf_percent.o)
    0x080001a8   0x080001a8   0x00000006   Code   RO          638    .ARM.Collect$$_printf_percent$$00000003  c_w.l(_printf_f.o)
    0x080001ae   0x080001ae   0x00000004   Code   RO          697    .ARM.Collect$$_printf_percent$$00000017  c_w.l(_printf_percent_end.o)
    0x080001b2   0x080001b2   0x00000002   Code   RO          796    .ARM.Collect$$libinit$$00000000  c_w.l(libinit.o)
    0x080001b4   0x080001b4   0x00000000   Code   RO          798    .ARM.Collect$$libinit$$00000002  c_w.l(libinit2.o)
    0x080001b4   0x080001b4   0x00000000   Code   RO          800    .ARM.Collect$$libinit$$00000004  c_w.l(libinit2.o)
    0x080001b4   0x080001b4   0x00000000   Code   RO          803    .ARM.Collect$$libinit$$0000000A  c_w.l(libinit2.o)
    0x080001b4   0x080001b4   0x00000000   Code   RO          805    .ARM.Collect$$libinit$$0000000C  c_w.l(libinit2.o)
    0x080001b4   0x080001b4   0x00000000   Code   RO          807    .ARM.Collect$$libinit$$0000000E  c_w.l(libinit2.o)
    0x080001b4   0x080001b4   0x00000006   Code   RO          808    .ARM.Collect$$libinit$$0000000F  c_w.l(libinit2.o)
    0x080001ba   0x080001ba   0x00000000   Code   RO          810    .ARM.Collect$$libinit$$00000011  c_w.l(libinit2.o)
    0x080001ba   0x080001ba   0x0000000c   Code   RO          811    .ARM.Collect$$libinit$$00000012  c_w.l(libinit2.o)
    0x080001c6   0x080001c6   0x00000000   Code   RO          812    .ARM.Collect$$libinit$$00000013  c_w.l(libinit2.o)
    0x080001c6   0x080001c6   0x00000000   Code   RO          814    .ARM.Collect$$libinit$$00000015  c_w.l(libinit2.o)
    0x080001c6   0x080001c6   0x0000000a   Code   RO          815    .ARM.Collect$$libinit$$00000016  c_w.l(libinit2.o)
    0x080001d0   0x080001d0   0x00000000   Code   RO          816    .ARM.Collect$$libinit$$00000017  c_w.l(libinit2.o)
    0x080001d0   0x080001d0   0x00000000   Code   RO          818    .ARM.Collect$$libinit$$00000019  c_w.l(libinit2.o)
    0x080001d0   0x080001d0   0x00000000   Code   RO          820    .ARM.Collect$$libinit$$0000001B  c_w.l(libinit2.o)
    0x080001d0   0x080001d0   0x00000000   Code   RO          822    .ARM.Collect$$libinit$$0000001D  c_w.l(libinit2.o)
    0x080001d0   0x080001d0   0x00000000   Code   RO          824    .ARM.Collect$$libinit$$0000001F  c_w.l(libinit2.o)
    0x080001d0   0x080001d0   0x00000000   Code   RO          826    .ARM.Collect$$libinit$$00000021  c_w.l(libinit2.o)
    0x080001d0   0x080001d0   0x00000000   Code   RO          828    .ARM.Collect$$libinit$$00000023  c_w.l(libinit2.o)
    0x080001d0   0x080001d0   0x00000000   Code   RO          830    .ARM.Collect$$libinit$$00000025  c_w.l(libinit2.o)
    0x080001d0   0x080001d0   0x00000000   Code   RO          834    .ARM.Collect$$libinit$$0000002C  c_w.l(libinit2.o)
    0x080001d0   0x080001d0   0x00000000   Code   RO          836    .ARM.Collect$$libinit$$0000002E  c_w.l(libinit2.o)
    0x080001d0   0x080001d0   0x00000000   Code   RO          838    .ARM.Collect$$libinit$$00000030  c_w.l(libinit2.o)
    0x080001d0   0x080001d0   0x00000000   Code   RO          840    .ARM.Collect$$libinit$$00000032  c_w.l(libinit2.o)
    0x080001d0   0x080001d0   0x00000002   Code   RO          841    .ARM.Collect$$libinit$$00000033  c_w.l(libinit2.o)
    0x080001d2   0x080001d2   0x00000002   Code   RO          904    .ARM.Collect$$libshutdown$$00000000  c_w.l(libshutdown.o)
    0x080001d4   0x080001d4   0x00000000   Code   RO          929    .ARM.Collect$$libshutdown$$00000002  c_w.l(libshutdown2.o)
    0x080001d4   0x080001d4   0x00000000   Code   RO          931    .ARM.Collect$$libshutdown$$00000004  c_w.l(libshutdown2.o)
    0x080001d4   0x080001d4   0x00000000   Code   RO          933    .ARM.Collect$$libshutdown$$00000006  c_w.l(libshutdown2.o)
    0x080001d4   0x080001d4   0x00000000   Code   RO          936    .ARM.Collect$$libshutdown$$00000009  c_w.l(libshutdown2.o)
    0x080001d4   0x080001d4   0x00000000   Code   RO          939    .ARM.Collect$$libshutdown$$0000000C  c_w.l(libshutdown2.o)
    0x080001d4   0x080001d4   0x00000000   Code   RO          941    .ARM.Collect$$libshutdown$$0000000E  c_w.l(libshutdown2.o)
    0x080001d4   0x080001d4   0x00000000   Code   RO          944    .ARM.Collect$$libshutdown$$00000011  c_w.l(libshutdown2.o)
    0x080001d4   0x080001d4   0x00000002   Code   RO          945    .ARM.Collect$$libshutdown$$00000012  c_w.l(libshutdown2.o)
    0x080001d6   0x080001d6   0x00000000   Code   RO          688    .ARM.Collect$$rtentry$$00000000  c_w.l(__rtentry.o)
    0x080001d6   0x080001d6   0x00000000   Code   RO          710    .ARM.Collect$$rtentry$$00000002  c_w.l(__rtentry2.o)
    0x080001d6   0x080001d6   0x00000006   Code   RO          722    .ARM.Collect$$rtentry$$00000004  c_w.l(__rtentry4.o)
    0x080001dc   0x080001dc   0x00000000   Code   RO          712    .ARM.Collect$$rtentry$$00000009  c_w.l(__rtentry2.o)
    0x080001dc   0x080001dc   0x00000004   Code   RO          713    .ARM.Collect$$rtentry$$0000000A  c_w.l(__rtentry2.o)
    0x080001e0   0x080001e0   0x00000000   Code   RO          715    .ARM.Collect$$rtentry$$0000000C  c_w.l(__rtentry2.o)
    0x080001e0   0x080001e0   0x00000008   Code   RO          716    .ARM.Collect$$rtentry$$0000000D  c_w.l(__rtentry2.o)
    0x080001e8   0x080001e8   0x00000002   Code   RO          842    .ARM.Collect$$rtexit$$00000000  c_w.l(rtexit.o)
    0x080001ea   0x080001ea   0x00000000   Code   RO          868    .ARM.Collect$$rtexit$$00000002  c_w.l(rtexit2.o)
    0x080001ea   0x080001ea   0x00000004   Code   RO          869    .ARM.Collect$$rtexit$$00000003  c_w.l(rtexit2.o)
    0x080001ee   0x080001ee   0x00000006   Code   RO          870    .ARM.Collect$$rtexit$$00000004  c_w.l(rtexit2.o)
    0x080001f4   0x080001f4   0x00000694   Code   RO            1    .text               main.o
    0x08000888   0x08000888   0x0000001a   Code   RO          162    .text               stm32f10x_it.o
    0x080008a2   0x080008a2   0x00000002   PAD
    0x080008a4   0x080008a4   0x000001e0   Code   RO          203    .text               system_stm32f10x.o
    0x08000a84   0x08000a84   0x000000e8   Code   RO          221    .text               adc.o
    0x08000b6c   0x08000b6c   0x00000558   Code   RO          233    .text               lcd.o
    0x080010c4   0x080010c4   0x00000c94   Code   RO          252    .text               gui.o
    0x08001d58   0x08001d58   0x000001e0   Code   RO          277    .text               rs485.o
    0x08001f38   0x08001f38   0x00000104   Code   RO          297    .text               exti.o
    0x0800203c   0x0800203c   0x00000098   Code   RO          330    .text               key.o
    0x080020d4   0x080020d4   0x000009c0   Code   RO          343    .text               time.o
    0x08002a94   0x08002a94   0x00000d8c   Code   RO          366    .text               pid.o
    0x08003820   0x08003820   0x00000054   Code   RO          382    .text               gp8202.o
    0x08003874   0x08003874   0x0000037c   Code   RO          394    .text               myiic.o
    0x08003bf0   0x08003bf0   0x00000794   Code   RO          406    .text               modbus.o
    0x08004384   0x08004384   0x00000048   Code   RO          424    .text               crc.o
    0x080043cc   0x080043cc   0x000000d4   Code   RO          439    .text               delay.o
    0x080044a0   0x080044a0   0x00000140   Code   RO          470    .text               usart.o
    0x080045e0   0x080045e0   0x00000040   Code   RO          506    .text               startup_stm32f10x_md.o
    0x08004620   0x08004620   0x0000035c   Code   RO          510    .text               stm32f10x_gpio.o
    0x0800497c   0x0800497c   0x000003a4   Code   RO          522    .text               stm32f10x_rcc.o
    0x08004d20   0x08004d20   0x00000408   Code   RO          536    .text               stm32f10x_usart.o
    0x08005128   0x08005128   0x000000dc   Code   RO          548    .text               misc.o
    0x08005204   0x08005204   0x0000044e   Code   RO          560    .text               stm32f10x_adc.o
    0x08005652   0x08005652   0x00000002   PAD
    0x08005654   0x08005654   0x0000030c   Code   RO          572    .text               stm32f10x_spi.o
    0x08005960   0x08005960   0x0000011c   Code   RO          584    .text               stm32f10x_exti.o
    0x08005a7c   0x08005a7c   0x00000e1a   Code   RO          596    .text               stm32f10x_tim.o
    0x08006896   0x08006896   0x00000002   Code   RO          610    .text               c_w.l(use_no_semi_2.o)
    0x08006898   0x08006898   0x00000028   Code   RO          614    .text               c_w.l(noretval__2sprintf.o)
    0x080068c0   0x080068c0   0x0000010e   Code   RO          626    .text               c_w.l(__printf_wp.o)
    0x080069ce   0x080069ce   0x00000014   Code   RO          640    .text               c_w.l(strchr.o)
    0x080069e2   0x080069e2   0x0000003e   Code   RO          642    .text               c_w.l(strlen.o)
    0x08006a20   0x08006a20   0x00000018   Code   RO          644    .text               c_w.l(strcat.o)
    0x08006a38   0x08006a38   0x0000004e   Code   RO          646    .text               c_w.l(rt_memclr_w.o)
    0x08006a86   0x08006a86   0x00000056   Code   RO          648    .text               c_w.l(strncpy.o)
    0x08006adc   0x08006adc   0x00000006   Code   RO          650    .text               c_w.l(heapauxi.o)
    0x08006ae2   0x08006ae2   0x00000002   Code   RO          686    .text               c_w.l(use_no_semi.o)
    0x08006ae4   0x08006ae4   0x00000016   Code   RO          689    .text               c_w.l(_rserrno.o)
    0x08006afa   0x08006afa   0x0000041e   Code   RO          691    .text               c_w.l(_printf_fp_dec.o)
    0x08006f18   0x08006f18   0x00000030   Code   RO          693    .text               c_w.l(_printf_char_common.o)
    0x08006f48   0x08006f48   0x0000000a   Code   RO          695    .text               c_w.l(_sputc.o)
    0x08006f52   0x08006f52   0x00000002   PAD
    0x08006f54   0x08006f54   0x000000a4   Code   RO          698    .text               c_w.l(strtod.o)
    0x08006ff8   0x08006ff8   0x00000044   Code   RO          700    .text               c_w.l(rt_memclr.o)
    0x0800703c   0x0800703c   0x00000008   Code   RO          727    .text               c_w.l(rt_locale_intlibspace.o)
    0x08007044   0x08007044   0x00000008   Code   RO          732    .text               c_w.l(rt_errno_addr_intlibspace.o)
    0x0800704c   0x0800704c   0x0000008a   Code   RO          734    .text               c_w.l(lludiv10.o)
    0x080070d6   0x080070d6   0x00000012   Code   RO          736    .text               c_w.l(isspace.o)
    0x080070e8   0x080070e8   0x00000080   Code   RO          738    .text               c_w.l(_printf_fp_infnan.o)
    0x08007168   0x08007168   0x00000040   Code   RO          742    .text               c_w.l(_sgetc.o)
    0x080071a8   0x080071a8   0x000000e4   Code   RO          744    .text               c_w.l(bigflt0.o)
    0x0800728c   0x0800728c   0x00000008   Code   RO          778    .text               c_w.l(libspace.o)
    0x08007294   0x08007294   0x0000004a   Code   RO          781    .text               c_w.l(sys_stackheap_outer.o)
    0x080072de   0x080072de   0x00000002   PAD
    0x080072e0   0x080072e0   0x00000010   Code   RO          783    .text               c_w.l(rt_ctype_table.o)
    0x080072f0   0x080072f0   0x000004f8   Code   RO          785    .text               c_w.l(scanf_fp.o)
    0x080077e8   0x080077e8   0x00000012   Code   RO          787    .text               c_w.l(exit.o)
    0x080077fa   0x080077fa   0x00000002   PAD
    0x080077fc   0x080077fc   0x00000080   Code   RO          789    .text               c_w.l(strcmpv7m.o)
    0x0800787c   0x0800787c   0x00000320   Code   RO          874    .text               c_w.l(scanf_hexfp.o)
    0x08007b9c   0x08007b9c   0x00000134   Code   RO          876    .text               c_w.l(scanf_infnan.o)
    0x08007cd0   0x08007cd0   0x00000026   Code   RO          894    .text               c_w.l(llshl.o)
    0x08007cf6   0x08007cf6   0x0000001c   Code   RO          896    .text               c_w.l(_chval.o)
    0x08007d12   0x08007d12   0x0000003e   Code   RO          747    CL$$btod_d2e        c_w.l(btod.o)
    0x08007d50   0x08007d50   0x00000046   Code   RO          749    CL$$btod_d2e_denorm_low  c_w.l(btod.o)
    0x08007d96   0x08007d96   0x00000060   Code   RO          748    CL$$btod_d2e_norm_op1  c_w.l(btod.o)
    0x08007df6   0x08007df6   0x00000338   Code   RO          757    CL$$btod_div_common  c_w.l(btod.o)
    0x0800812e   0x0800812e   0x00000002   PAD
    0x08008130   0x08008130   0x00000084   Code   RO          755    CL$$btod_e2d        c_w.l(btod.o)
    0x080081b4   0x080081b4   0x000000dc   Code   RO          754    CL$$btod_e2e        c_w.l(btod.o)
    0x08008290   0x08008290   0x0000002a   Code   RO          751    CL$$btod_ediv       c_w.l(btod.o)
    0x080082ba   0x080082ba   0x0000002a   Code   RO          753    CL$$btod_edivd      c_w.l(btod.o)
    0x080082e4   0x080082e4   0x0000002a   Code   RO          750    CL$$btod_emul       c_w.l(btod.o)
    0x0800830e   0x0800830e   0x0000002a   Code   RO          752    CL$$btod_emuld      c_w.l(btod.o)
    0x08008338   0x08008338   0x00000244   Code   RO          756    CL$$btod_mult_common  c_w.l(btod.o)
    0x0800857c   0x0800857c   0x00000028   Code   RO          776    i.__ARM_fpclassify  m_ws.l(fpclassify.o)
    0x080085a4   0x080085a4   0x0000000e   Code   RO          952    i.__mathlib_dbl_overflow  m_ws.l(dunder.o)
    0x080085b2   0x080085b2   0x00000002   PAD
    0x080085b4   0x080085b4   0x00000010   Code   RO          954    i.__mathlib_dbl_underflow  m_ws.l(dunder.o)
    0x080085c4   0x080085c4   0x00000010   Code   RO          861    i.__mathlib_narrow  m_ws.l(narrow.o)
    0x080085d4   0x080085d4   0x000000bc   Code   RO          862    i.__mathlib_tofloat  m_ws.l(narrow.o)
    0x08008690   0x08008690   0x00000016   Code   RO          910    i.__support_ldexp   m_ws.l(ldexp.o)
    0x080086a6   0x080086a6   0x0000000e   Code   RO          628    i._is_digit         c_w.l(__printf_wp.o)
    0x080086b4   0x080086b4   0x0000002a   Code   RO          683    i.atof              m_ws.l(atof.o)
    0x080086de   0x080086de   0x00000002   PAD
    0x080086e0   0x080086e0   0x00000058   Code   RO          887    i.frexp             m_ws.l(frexp.o)
    0x08008738   0x08008738   0x00000074   Code   RO          911    i.ldexp             m_ws.l(ldexp.o)
    0x080087ac   0x080087ac   0x0000002c   Code   RO          770    locale$$code        c_w.l(lc_numeric_c.o)
    0x080087d8   0x080087d8   0x0000002c   Code   RO          845    locale$$code        c_w.l(lc_ctype_c.o)
    0x08008804   0x08008804   0x00000062   Code   RO          882    x$fpl$d2f           fz_ws.l(d2f.o)
    0x08008866   0x08008866   0x00000002   PAD
    0x08008868   0x08008868   0x00000150   Code   RO          654    x$fpl$dadd          fz_ws.l(daddsub_clz.o)
    0x080089b8   0x080089b8   0x00000010   Code   RO          946    x$fpl$dcheck1       fz_ws.l(dcheck1.o)
    0x080089c8   0x080089c8   0x00000018   Code   RO          702    x$fpl$dcmpinf       fz_ws.l(dcmpi.o)
    0x080089e0   0x080089e0   0x000002b0   Code   RO          661    x$fpl$ddiv          fz_ws.l(ddiv.o)
    0x08008c90   0x08008c90   0x00000078   Code   RO          884    x$fpl$deqf          fz_ws.l(deqf.o)
    0x08008d08   0x08008d08   0x0000005a   Code   RO          664    x$fpl$dfixu         fz_ws.l(dfixu.o)
    0x08008d62   0x08008d62   0x0000002e   Code   RO          669    x$fpl$dflt          fz_ws.l(dflt_clz.o)
    0x08008d90   0x08008d90   0x00000026   Code   RO          668    x$fpl$dfltu         fz_ws.l(dflt_clz.o)
    0x08008db6   0x08008db6   0x00000002   PAD
    0x08008db8   0x08008db8   0x00000078   Code   RO          674    x$fpl$dleqf         fz_ws.l(dleqf.o)
    0x08008e30   0x08008e30   0x00000154   Code   RO          676    x$fpl$dmul          fz_ws.l(dmul.o)
    0x08008f84   0x08008f84   0x0000009c   Code   RO          704    x$fpl$dnaninf       fz_ws.l(dnaninf.o)
    0x08009020   0x08009020   0x0000000c   Code   RO          706    x$fpl$dretinf       fz_ws.l(dretinf.o)
    0x0800902c   0x0800902c   0x0000006c   Code   RO          678    x$fpl$drleqf        fz_ws.l(drleqf.o)
    0x08009098   0x08009098   0x00000016   Code   RO          655    x$fpl$drsb          fz_ws.l(daddsub_clz.o)
    0x080090ae   0x080090ae   0x00000002   PAD
    0x080090b0   0x080090b0   0x000001d4   Code   RO          656    x$fpl$dsub          fz_ws.l(daddsub_clz.o)
    0x08009284   0x08009284   0x0000000a   Code   RO          905    x$fpl$fretinf       fz_ws.l(fretinf.o)
    0x0800928e   0x0800928e   0x00000006   Code   RO          772    x$fpl$ieeestatus    fz_ws.l(istatus.o)
    0x08009294   0x08009294   0x00000004   Code   RO          680    x$fpl$printf1       fz_ws.l(printf1.o)
    0x08009298   0x08009298   0x00000064   Code   RO          967    x$fpl$retnan        fz_ws.l(retnan.o)
    0x080092fc   0x080092fc   0x0000005c   Code   RO          907    x$fpl$scalbn        fz_ws.l(scalbn.o)
    0x08009358   0x08009358   0x00000004   Code   RO          774    x$fpl$scanf1        fz_ws.l(scanf1.o)
    0x0800935c   0x0800935c   0x00000008   Code   RO          855    x$fpl$scanf2        fz_ws.l(scanf2.o)
    0x08009364   0x08009364   0x00000030   Code   RO          973    x$fpl$trapveneer    fz_ws.l(trapv.o)
    0x08009394   0x08009394   0x00000000   Code   RO          708    x$fpl$usenofp       fz_ws.l(usenofp.o)
    0x08009394   0x08009394   0x00001274   Data   RO          253    .constdata          gui.o
    0x0800a608   0x0800a608   0x00000200   Data   RO          425    .constdata          crc.o
    0x0800a808   0x0800a808   0x00000094   Data   RO          745    .constdata          c_w.l(bigflt0.o)
    0x0800a89c   0x0800a89c   0x00000020   Data   RO          991    Region$$Table       anon$$obj.o
    0x0800a8bc   0x0800a8bc   0x00000008   Data   RO          849    c$$dinf             fz_ws.l(fpconst.o)
    0x0800a8c4   0x0800a8c4   0x00000008   Data   RO          852    c$$dmax             fz_ws.l(fpconst.o)
    0x0800a8cc   0x0800a8cc   0x0000001c   Data   RO          769    locale$$data        c_w.l(lc_numeric_c.o)
    0x0800a8e8   0x0800a8e8   0x00000110   Data   RO          844    locale$$data        c_w.l(lc_ctype_c.o)


    Execution Region RW_IRAM1 (Exec base: 0x20000000, Load base: 0x0800a9f8, Size: 0x00000f10, Max: 0x00005000, ABSOLUTE, COMPRESSED[0x000002e0])

    Exec Addr    Load Addr    Size         Type   Attr      Idx    E Section Name        Object

    0x20000000   COMPRESSED   0x00000048   Data   RW            3    .data               main.o
    0x20000048   COMPRESSED   0x00000014   Data   RW          204    .data               system_stm32f10x.o
    0x2000005c   COMPRESSED   0x00000006   Data   RW          235    .data               lcd.o
    0x20000062   COMPRESSED   0x00000004   Data   RW          279    .data               rs485.o
    0x20000066   COMPRESSED   0x00000001   Data   RW          298    .data               exti.o
    0x20000067   COMPRESSED   0x00000001   Data   RW          331    .data               key.o
    0x20000068   COMPRESSED   0x00000011   Data   RW          344    .data               time.o
    0x20000079   COMPRESSED   0x00000007   PAD
    0x20000080   COMPRESSED   0x00000620   Data   RW          368    .data               pid.o
    0x200006a0   COMPRESSED   0x00000008   Data   RW          407    .data               modbus.o
    0x200006a8   COMPRESSED   0x00000004   Data   RW          440    .data               delay.o
    0x200006ac   COMPRESSED   0x00000006   Data   RW          472    .data               usart.o
    0x200006b2   COMPRESSED   0x00000014   Data   RW          523    .data               stm32f10x_rcc.o
    0x200006c6   COMPRESSED   0x00000002   PAD
    0x200006c8        -       0x0000000e   Zero   RW          234    .bss                lcd.o
    0x200006d6        -       0x00000080   Zero   RW          278    .bss                rs485.o
    0x20000756   COMPRESSED   0x00000002   PAD
    0x20000758        -       0x00000090   Zero   RW          367    .bss                pid.o
    0x200007e8        -       0x000000c8   Zero   RW          471    .bss                usart.o
    0x200008b0        -       0x00000060   Zero   RW          779    .bss                c_w.l(libspace.o)
    0x20000910        -       0x00000200   Zero   RW          504    HEAP                startup_stm32f10x_md.o
    0x20000b10        -       0x00000400   Zero   RW          503    STACK               startup_stm32f10x_md.o


==============================================================================

Image component sizes


      Code (inc. data)   RO Data    RW Data    ZI Data      Debug   Object Name

       232          8          0          0          0       1119   adc.o
        72         10        512          0          0       1324   crc.o
       212         18          0          4          0       1079   delay.o
       260         26          0          1          0       1836   exti.o
        84          0          0          0          0        986   gp8202.o
      3220        102       4724          0          0      12167   gui.o
       152         10          0          1          0        796   key.o
      1368         30          0          6         14       6438   lcd.o
      1684        220          0         72          0     272475   main.o
       220         22          0          0          0       1841   misc.o
      1940        156          0          8          0       2677   modbus.o
       892         12          0          0          0       2586   myiic.o
      3468        652          0       1568        144       3284   pid.o
       480         26          0          4        128       2457   rs485.o
        64         26        236          0       1536        804   startup_stm32f10x_md.o
      1102         26          0          0          0      11081   stm32f10x_adc.o
       284         10          0          0          0       2295   stm32f10x_exti.o
       860         38          0          0          0       5773   stm32f10x_gpio.o
        26          0          0          0          0       1198   stm32f10x_it.o
       932         36          0         20          0       8968   stm32f10x_rcc.o
       780         14          0          0          0       6654   stm32f10x_spi.o
      3610         88          0          0          0      22880   stm32f10x_tim.o
      1032         22          0          0          0       8496   stm32f10x_usart.o
         0          0          0          0          0         32   sys.o
       480         38          0         20          0       1799   system_stm32f10x.o
      2496        132          0         17          0       5586   time.o
       320         18          0          6        200       3190   usart.o

    ----------------------------------------------------------------------
     26274       1740       5504       1736       2024     389821   Object Totals
         0          0         32          0          0          0   (incl. Generated)
         4          0          0          9          2          0   (incl. Padding)

    ----------------------------------------------------------------------

      Code (inc. data)   RO Data    RW Data    ZI Data      Debug   Library Member Name

       100          0          0          0          0          0   __dclz77c.o
         8          0          0          0          0         68   __main.o
       284          0          0          0          0        156   __printf_wp.o
         0          0          0          0          0          0   __rtentry.o
        12          0          0          0          0          0   __rtentry2.o
         6          0          0          0          0          0   __rtentry4.o
        52          8          0          0          0          0   __scatter.o
        28          0          0          0          0          0   __scatter_zi.o
        28          0          0          0          0         68   _chval.o
        48          6          0          0          0         96   _printf_char_common.o
         6          0          0          0          0          0   _printf_f.o
      1054          0          0          0          0        216   _printf_fp_dec.o
       128         16          0          0          0         84   _printf_fp_infnan.o
         0          0          0          0          0          0   _printf_percent.o
         4          0          0          0          0          0   _printf_percent_end.o
        22          0          0          0          0        100   _rserrno.o
        64          0          0          0          0         84   _sgetc.o
        10          0          0          0          0         68   _sputc.o
       228          4        148          0          0         96   bigflt0.o
      2152        136          0          0          0        960   btod.o
        18          0          0          0          0         80   exit.o
         6          0          0          0          0        152   heapauxi.o
        18          0          0          0          0         76   isspace.o
        44         10        272          0          0         76   lc_ctype_c.o
        44         10         28          0          0         76   lc_numeric_c.o
         2          0          0          0          0          0   libinit.o
        30          0          0          0          0          0   libinit2.o
         2          0          0          0          0          0   libshutdown.o
         2          0          0          0          0          0   libshutdown2.o
         8          4          0          0         96         68   libspace.o
        38          0          0          0          0         68   llshl.o
       138          0          0          0          0         80   lludiv10.o
        40          6          0          0          0         84   noretval__2sprintf.o
        16          4          0          0          0         76   rt_ctype_table.o
         8          4          0          0          0         68   rt_errno_addr_intlibspace.o
         8          4          0          0          0         68   rt_locale_intlibspace.o
        68          0          0          0          0         68   rt_memclr.o
        78          0          0          0          0         80   rt_memclr_w.o
         2          0          0          0          0          0   rtexit.o
        10          0          0          0          0          0   rtexit2.o
      1272         16          0          0          0        168   scanf_fp.o
       800         14          0          0          0        100   scanf_hexfp.o
       308         16          0          0          0        100   scanf_infnan.o
        24          0          0          0          0         68   strcat.o
        20          0          0          0          0         68   strchr.o
       128          0          0          0          0         68   strcmpv7m.o
        62          0          0          0          0         76   strlen.o
        86          0          0          0          0         76   strncpy.o
       164         14          0          0          0        120   strtod.o
        74          0          0          0          0         80   sys_stackheap_outer.o
         2          0          0          0          0         68   use_no_semi.o
         2          0          0          0          0         68   use_no_semi_2.o
        98          4          0          0          0         92   d2f.o
       826         16          0          0          0        348   daddsub_clz.o
        16          4          0          0          0         68   dcheck1.o
        24          0          0          0          0         68   dcmpi.o
       688        140          0          0          0        208   ddiv.o
       120          4          0          0          0         92   deqf.o
        90          4          0          0          0         92   dfixu.o
        84          0          0          0          0        136   dflt_clz.o
       120          4          0          0          0         92   dleqf.o
       340         12          0          0          0        104   dmul.o
       156          4          0          0          0         92   dnaninf.o
        12          0          0          0          0         68   dretinf.o
       108          0          0          0          0         80   drleqf.o
         0          0         16          0          0          0   fpconst.o
        10          0          0          0          0         68   fretinf.o
         6          0          0          0          0         68   istatus.o
         4          0          0          0          0         68   printf1.o
       100          0          0          0          0         68   retnan.o
        92          0          0          0          0         68   scalbn.o
         4          0          0          0          0         68   scanf1.o
         8          0          0          0          0         84   scanf2.o
        48          0          0          0          0         68   trapv.o
         0          0          0          0          0          0   usenofp.o
        42          0          0          0          0         84   atof.o
        30          6          0          0          0        136   dunder.o
        40          0          0          0          0         68   fpclassify.o
        88          8          0          0          0         76   frexp.o
       138          0          0          0          0        160   ldexp.o
       204          4          0          0          0        168   narrow.o

    ----------------------------------------------------------------------
     11270        484        464          0         96       6968   Library Totals
        18          2          0          0          0          0   (incl. Padding)

    ----------------------------------------------------------------------

      Code (inc. data)   RO Data    RW Data    ZI Data      Debug   Library Name

      7756        272        448          0         96       4176   c_w.l
      2954        192         16          0          0       2100   fz_ws.l
       542         18          0          0          0        692   m_ws.l

    ----------------------------------------------------------------------
     11270        484        464          0         96       6968   Library Totals

    ----------------------------------------------------------------------

==============================================================================


      Code (inc. data)   RO Data    RW Data    ZI Data      Debug   

     37544       2224       5968       1736       2120     390649   Grand Totals
     37544       2224       5968        736       2120     390649   ELF Image Totals (compressed)
     37544       2224       5968        736          0          0   ROM Totals

==============================================================================

    Total RO  Size (Code + RO Data)                43512 (  42.49kB)
    Total RW  Size (RW Data + ZI Data)              3856 (   3.77kB)
    Total ROM Size (Code + RO Data + RW Data)      44248 (  43.21kB)

==============================================================================

