<html>
<body>
<pre>
<h1>礦ision Build Log</h1>
<h2>Project:</h2>
D:\1.Work\MiniBalanceV5.0\MiniBalanceV5.0【Mini版】平衡小车附送资料\MiniBalanceV5.0【Mini版】平衡小车库函数版平衡小车源码\MiniBalanceV5.0【Mini版】平衡小车库函数版源码（互补滤波）\USER\MiniBalance.uvproj
Project File Date:  02/21/2017

<h2>Output:</h2>
Build target 'MiniBalance'
compiling MiniBalance.c...
linking...
Program Size: Code=45274 RO-data=6534 RW-data=456 ZI-data=2936  
FromELF: creating hex file...
"..\OBJ\MiniBalance.axf" - 0 Error(s), 0 Warning(s).
</pre>
</body>
</html>
