Component: ARM Compiler 5.06 update 7 (build 960) Tool: armlink [4d3601]

==============================================================================

Section Cross References

    main.o(.text) refers to _printf_percent.o(.ARM.Collect$$_printf_percent$$00000000) for _printf_percent
    main.o(.text) refers to _printf_f.o(.ARM.Collect$$_printf_percent$$00000003) for _printf_f
    main.o(.text) refers to printf1.o(x$fpl$printf1) for _printf_fp_dec
    main.o(.text) refers to _printf_d.o(.ARM.Collect$$_printf_percent$$00000009) for _printf_d
    main.o(.text) refers to _printf_dec.o(.text) for _printf_int_dec
    main.o(.text) refers to strchr.o(.text) for strchr
    main.o(.text) refers to rt_memcpy_w.o(.text) for __aeabi_memcpy4
    main.o(.text) refers to strcpy.o(.text) for strcpy
    main.o(.text) refers to rt_memclr_w.o(.text) for __aeabi_memclr4
    main.o(.text) refers to delay.o(.text) for delay_init
    main.o(.text) refers to misc.o(.text) for NVIC_PriorityGroupConfig
    main.o(.text) refers to exti.o(.text) for EXTIX_Init
    main.o(.text) refers to lcd.o(.text) for LCD_Init
    main.o(.text) refers to adc.o(.text) for Adc_Init
    main.o(.text) refers to pid.o(.text) for PID_init
    main.o(.text) refers to gp8202.o(.text) for GP8202_Init
    main.o(.text) refers to time.o(.text) for TIM4_Init
    main.o(.text) refers to rs485.o(.text) for RS485_Init
    main.o(.text) refers to gui.o(.text) for Show_Str
    main.o(.text) refers to noretval__2sprintf.o(.text) for __2sprintf
    main.o(.text) refers to strcat.o(.text) for strcat
    main.o(.text) refers to dmul.o(x$fpl$dmul) for __aeabi_dmul
    main.o(.text) refers to dfixu.o(x$fpl$dfixu) for __aeabi_d2uiz
    main.o(.text) refers to strlen.o(.text) for strlen
    main.o(.text) refers to dflt_clz.o(x$fpl$dfltu) for __aeabi_ui2d
    main.o(.text) refers to lcd.o(.data) for BACK_COLOR
    main.o(.text) refers to main.o(.data) for set_flowvalue
    main.o(.text) refers to dflt_clz.o(x$fpl$dflt) for __aeabi_i2d
    main.o(.text) refers to daddsub_clz.o(x$fpl$dadd) for __aeabi_dadd
    main.o(.text) refers to atof.o(i.atof) for atof
    main.o(.text) refers to daddsub_clz.o(x$fpl$dsub) for __aeabi_dsub
    main.o(.text) refers to ddiv.o(x$fpl$ddiv) for __aeabi_ddiv
    main.o(.text) refers to drleqf.o(x$fpl$drleqf) for __aeabi_cdrcmple
    main.o(.text) refers to dleqf.o(x$fpl$dleqf) for __aeabi_cdcmple
    system_stm32f10x.o(.text) refers to system_stm32f10x.o(.data) for SystemCoreClock
    adc.o(.text) refers to stm32f10x_rcc.o(.text) for RCC_APB2PeriphClockCmd
    adc.o(.text) refers to stm32f10x_gpio.o(.text) for GPIO_Init
    adc.o(.text) refers to stm32f10x_adc.o(.text) for ADC_DeInit
    adc.o(.text) refers to delay.o(.text) for delay_ms
    lcd.o(.text) refers to stm32f10x_rcc.o(.text) for RCC_APB2PeriphClockCmd
    lcd.o(.text) refers to stm32f10x_gpio.o(.text) for GPIO_Init
    lcd.o(.text) refers to stm32f10x_spi.o(.text) for SPI_Init
    lcd.o(.text) refers to delay.o(.text) for delay_ms
    lcd.o(.text) refers to lcd.o(.bss) for lcddev
    lcd.o(.text) refers to lcd.o(.data) for POINT_COLOR
    gui.o(.text) refers to _printf_percent.o(.ARM.Collect$$_printf_percent$$00000000) for _printf_percent
    gui.o(.text) refers to _printf_f.o(.ARM.Collect$$_printf_percent$$00000003) for _printf_f
    gui.o(.text) refers to printf1.o(x$fpl$printf1) for _printf_fp_dec
    gui.o(.text) refers to lcd.o(.text) for LCD_SetCursor
    gui.o(.text) refers to lcd.o(.bss) for lcddev
    gui.o(.text) refers to lcd.o(.data) for POINT_COLOR
    gui.o(.text) refers to gui.o(.constdata) for asc2_1206
    gui.o(.text) refers to strlen.o(.text) for strlen
    gui.o(.text) refers to dflt_clz.o(x$fpl$dfltu) for __aeabi_ui2d
    gui.o(.text) refers to dmul.o(x$fpl$dmul) for __aeabi_dmul
    gui.o(.text) refers to noretval__2sprintf.o(.text) for __2sprintf
    gui.o(.text) refers to strcat.o(.text) for strcat
    gui.o(.text) refers to pid.o(.text) for VoltagetoFlow
    gui.o(.text) refers to daddsub_clz.o(x$fpl$dsub) for __aeabi_dsub
    gui.o(.text) refers to drleqf.o(x$fpl$drleqf) for __aeabi_cdrcmple
    gui.o(.text) refers to dleqf.o(x$fpl$dleqf) for __aeabi_cdcmple
    rs485.o(.text) refers to stm32f10x_usart.o(.text) for USART_GetITStatus
    rs485.o(.text) refers to stm32f10x_rcc.o(.text) for RCC_APB2PeriphClockCmd
    rs485.o(.text) refers to stm32f10x_gpio.o(.text) for GPIO_Init
    rs485.o(.text) refers to misc.o(.text) for NVIC_Init
    rs485.o(.text) refers to delay.o(.text) for delay_ms
    rs485.o(.text) refers to rs485.o(.data) for RS485_RX_CNT
    rs485.o(.text) refers to rs485.o(.bss) for RS485_RX_BUF
    exti.o(.text) refers to key.o(.text) for KEY_Init
    exti.o(.text) refers to stm32f10x_rcc.o(.text) for RCC_APB2PeriphClockCmd
    exti.o(.text) refers to stm32f10x_gpio.o(.text) for GPIO_EXTILineConfig
    exti.o(.text) refers to stm32f10x_exti.o(.text) for EXTI_Init
    exti.o(.text) refers to misc.o(.text) for NVIC_Init
[...]
    __ARM_exceptions_init                     - Undefined Weak Reference
    __alloca_initialize                       - Undefined Weak Reference
    __arm_fini_                               - Undefined Weak Reference
    __arm_preinit_                            - Undefined Weak Reference
    __cpp_initialize__aeabi_                  - Undefined Weak Reference
    __cxa_finalize                            - Undefined Weak Reference
    __sigvec_lookup                           - Undefined Weak Reference
    _atexit_init                              - Undefined Weak Reference
    _call_atexit_fns                          - Undefined Weak Reference
    _clock_init                               - Undefined Weak Reference
    _fp_trap_init                             - Undefined Weak Reference
    _fp_trap_shutdown                         - Undefined Weak Reference
    _get_lc_collate                           - Undefined Weak Reference
    _get_lc_monetary                          - Undefined Weak Reference
    _get_lc_time                              - Undefined Weak Reference
    _getenv_init                              - Undefined Weak Reference
    _handle_redirection                       - Undefined Weak Reference
    _init_alloc                               - Undefined Weak Reference
    _init_user_alloc                          - Undefined Weak Reference
    _initio                                   - Undefined Weak Reference
    _printf_post_padding                      - Undefined Weak Reference
    _printf_pre_padding                       - Undefined Weak Reference
    _printf_truncate_signed                   - Undefined Weak Reference
    _printf_truncate_unsigned                 - Undefined Weak Reference
    _rand_init                                - Undefined Weak Reference
    _signal_finish                            - Undefined Weak Reference
    _signal_init                              - Undefined Weak Reference
    _terminate_alloc                          - Undefined Weak Reference
    _terminate_user_alloc                     - Undefined Weak Reference
    _terminateio                              - Undefined Weak Reference
    __Vectors_Size                           0x000000ec   Number         0  startup_stm32f10x_md.o ABSOLUTE
    __Vectors                                0x08000000   Data           4  startup_stm32f10x_md.o(RESET)
    __Vectors_End                            0x080000ec   Data           0  startup_stm32f10x_md.o(RESET)
    __main                                   0x080000ed   Thumb Code     8  __main.o(!!!main)
    __scatterload                            0x080000f5   Thumb Code     0  __scatter.o(!!!scatter)
    __scatterload_rt2                        0x080000f5   Thumb Code    44  __scatter.o(!!!scatter)
    __scatterload_rt2_thumb_only             0x080000f5   Thumb Code     0  __scatter.o(!!!scatter)
    __scatterload_null                       0x08000103   Thumb Code     0  __scatter.o(!!!scatter)
    __decompress                             0x08000129   Thumb Code   100  __dclz77c.o(!!dclz77c)
    __decompress2                            0x08000129   Thumb Code     0  __dclz77c.o(!!dclz77c)
    __scatterload_zeroinit                   0x0800018d   Thumb Code    28  __scatter_zi.o(!!handler_zi)
    _printf_f                                0x080001a9   Thumb Code     0  _printf_f.o(.ARM.Collect$$_printf_percent$$00000003)
    _printf_percent                          0x080001a9   Thumb Code     0  _printf_percent.o(.ARM.Collect$$_printf_percent$$00000000)
    _printf_d                                0x080001af   Thumb Code     0  _printf_d.o(.ARM.Collect$$_printf_percent$$00000009)
    _printf_percent_end                      0x080001b5   Thumb Code     0  _printf_percent_end.o(.ARM.Collect$$_printf_percent$$00000017)
    __rt_lib_init                            0x080001b9   Thumb Code     0  libinit.o(.ARM.Collect$$libinit$$00000000)
    __rt_lib_init_fp_1                       0x080001bb   Thumb Code     0  libinit2.o(.ARM.Collect$$libinit$$00000002)
    __rt_lib_init_heap_1                     0x080001bb   Thumb Code     0  libinit2.o(.ARM.Collect$$libinit$$0000000A)
    __rt_lib_init_lc_common                  0x080001bb   Thumb Code     0  libinit2.o(.ARM.Collect$$libinit$$0000000F)
    __rt_lib_init_preinit_1                  0x080001bb   Thumb Code     0  libinit2.o(.ARM.Collect$$libinit$$00000004)
    __rt_lib_init_rand_1                     0x080001bb   Thumb Code     0  libinit2.o(.ARM.Collect$$libinit$$0000000E)
    __rt_lib_init_user_alloc_1               0x080001bb   Thumb Code     0  libinit2.o(.ARM.Collect$$libinit$$0000000C)
    __rt_lib_init_lc_collate_1               0x080001c1   Thumb Code     0  libinit2.o(.ARM.Collect$$libinit$$00000011)
    __rt_lib_init_lc_ctype_2                 0x080001c1   Thumb Code     0  libinit2.o(.ARM.Collect$$libinit$$00000012)
    __rt_lib_init_lc_ctype_1                 0x080001cd   Thumb Code     0  libinit2.o(.ARM.Collect$$libinit$$00000013)
    __rt_lib_init_lc_monetary_1              0x080001cd   Thumb Code     0  libinit2.o(.ARM.Collect$$libinit$$00000015)
    __rt_lib_init_lc_numeric_2               0x080001cd   Thumb Code     0  libinit2.o(.ARM.Collect$$libinit$$00000016)
    __rt_lib_init_alloca_1                   0x080001d7   Thumb Code     0  libinit2.o(.ARM.Collect$$libinit$$0000002E)
    __rt_lib_init_argv_1                     0x080001d7   Thumb Code     0  libinit2.o(.ARM.Collect$$libinit$$0000002C)
    __rt_lib_init_atexit_1                   0x080001d7   Thumb Code     0  libinit2.o(.ARM.Collect$$libinit$$0000001B)
    __rt_lib_init_clock_1                    0x080001d7   Thumb Code     0  libinit2.o(.ARM.Collect$$libinit$$00000021)
    __rt_lib_init_cpp_1                      0x080001d7   Thumb Code     0  libinit2.o(.ARM.Collect$$libinit$$00000032)
    __rt_lib_init_exceptions_1               0x080001d7   Thumb Code     0  libinit2.o(.ARM.Collect$$libinit$$00000030)
    __rt_lib_init_fp_trap_1                  0x080001d7   Thumb Code     0  libinit2.o(.ARM.Collect$$libinit$$0000001F)
    __rt_lib_init_getenv_1                   0x080001d7   Thumb Code     0  libinit2.o(.ARM.Collect$$libinit$$00000023)
    __rt_lib_init_lc_numeric_1               0x080001d7   Thumb Code     0  libinit2.o(.ARM.Collect$$libinit$$00000017)
    __rt_lib_init_lc_time_1                  0x080001d7   Thumb Code     0  libinit2.o(.ARM.Collect$$libinit$$00000019)
    __rt_lib_init_return                     0x080001d7   Thumb Code     0  libinit2.o(.ARM.Collect$$libinit$$00000033)
    __rt_lib_init_signal_1                   0x080001d7   Thumb Code     0  libinit2.o(.ARM.Collect$$libinit$$0000001D)
    __rt_lib_init_stdio_1                    0x080001d7   Thumb Code     0  libinit2.o(.ARM.Collect$$libinit$$00000025)
    __rt_lib_shutdown                        0x080001d9   Thumb Code     0  libshutdown.o(.ARM.Collect$$libshutdown$$00000000)
    __rt_lib_shutdown_cpp_1                  0x080001db   Thumb Code     0  libshutdown2.o(.ARM.Collect$$libshutdown$$00000004)
    __rt_lib_shutdown_fini_1                 0x080001db   Thumb Code     0  libshutdown2.o(.ARM.Collect$$libshutdown$$00000002)
    __rt_lib_shutdown_fp_trap_1              0x080001db   Thumb Code     0  libshutdown2.o(.ARM.Collect$$libshutdown$$00000009)
    __rt_lib_shutdown_heap_1                 0x080001db   Thumb Code     0  libshutdown2.o(.ARM.Collect$$libshutdown$$00000011)
    __rt_lib_shutdown_return                 0x080001db   Thumb Code     0  libshutdown2.o(.ARM.Collect$$libshutdown$$00000012)
    __rt_lib_shutdown_signal_1               0x080001db   Thumb Code     0  libshutdown2.o(.ARM.Collect$$libshutdown$$0000000C)
    __rt_lib_shutdown_stdio_1                0x080001db   Thumb Code     0  libshutdown2.o(.ARM.Collect$$libshutdown$$00000006)
    __rt_lib_shutdown_user_alloc_1           0x080001db   Thumb Code     0  libshutdown2.o(.ARM.Collect$$libshutdown$$0000000E)
    __rt_entry                               0x080001dd   Thumb Code     0  __rtentry.o(.ARM.Collect$$rtentry$$00000000)
    __rt_entry_presh_1                       0x080001dd   Thumb Code     0  __rtentry2.o(.ARM.Collect$$rtentry$$00000002)
    __rt_entry_sh                            0x080001dd   Thumb Code     0  __rtentry4.o(.ARM.Collect$$rtentry$$00000004)
    __rt_entry_li                            0x080001e3   Thumb Code     0  __rtentry2.o(.ARM.Collect$$rtentry$$0000000A)
    __rt_entry_postsh_1                      0x080001e3   Thumb Code     0  __rtentry2.o(.ARM.Collect$$rtentry$$00000009)
    __rt_entry_main                          0x080001e7   Thumb Code     0  __rtentry2.o(.ARM.Collect$$rtentry$$0000000D)
    __rt_entry_postli_1                      0x080001e7   Thumb Code     0  __rtentry2.o(.ARM.Collect$$rtentry$$0000000C)
    __rt_exit                                0x080001ef   Thumb Code     0  rtexit.o(.ARM.Collect$$rtexit$$00000000)
    __rt_exit_ls                             0x080001f1   Thumb Code     0  rtexit2.o(.ARM.Collect$$rtexit$$00000003)
    __rt_exit_prels_1                        0x080001f1   Thumb Code     0  rtexit2.o(.ARM.Collect$$rtexit$$00000002)
    __rt_exit_exit                           0x080001f5   Thumb Code     0  rtexit2.o(.ARM.Collect$$rtexit$$00000004)
    Find_dot                                 0x080001fd   Thumb Code    32  main.o(.text)
    add_bit                                  0x0800021d   Thumb Code    46  main.o(.text)
    reversestr                               0x0800024b   Thumb Code    28  main.o(.text)
    tohex                                    0x08000267   Thumb Code    74  main.o(.text)
    hextou16                                 0x080002b1   Thumb Code   248  main.o(.text)
    main                                     0x080003a9   Thumb Code  2396  main.o(.text)
    NMI_Handler                              0x08000d41   Thumb Code     2  stm32f10x_it.o(.text)
    HardFault_Handler                        0x08000d43   Thumb Code     4  stm32f10x_it.o(.text)
    MemManage_Handler                        0x08000d47   Thumb Code     4  stm32f10x_it.o(.text)
    BusFault_Handler                         0x08000d4b   Thumb Code     4  stm32f10x_it.o(.text)
    UsageFault_Handler                       0x08000d4f   Thumb Code     4  stm32f10x_it.o(.text)
    SVC_Handler                              0x08000d53   Thumb Code     2  stm32f10x_it.o(.text)
    DebugMon_Handler                         0x08000d55   Thumb Code     2  stm32f10x_it.o(.text)
    PendSV_Handler                           0x08000d57   Thumb Code     2  stm32f10x_it.o(.text)
    SysTick_Handler                          0x08000d59   Thumb Code     2  stm32f10x_it.o(.text)
    SystemInit                               0x08000e3b   Thumb Code    78  system_stm32f10x.o(.text)
    SystemCoreClockUpdate                    0x08000e89   Thumb Code   142  system_stm32f10x.o(.text)
    Adc_Init                                 0x08000f3d   Thumb Code   132  adc.o(.text)
    Get_Adc                                  0x08000fc1   Thumb Code    46  adc.o(.text)
    Get_Adc_Average                          0x08000fef   Thumb Code    46  adc.o(.text)
    SPIv_WriteData                           0x08001025   Thumb Code    54  lcd.o(.text)
    SPI_WriteByte                            0x0800105b   Thumb Code    34  lcd.o(.text)
    SPI_SetSpeed                             0x0800107d   Thumb Code    38  lcd.o(.text)
    SPI2_Init                                0x080010a3   Thumb Code   194  lcd.o(.text)
    LCD_WR_REG                               0x08001165   Thumb Code    36  lcd.o(.text)
    LCD_WR_DATA                              0x08001189   Thumb Code    38  lcd.o(.text)
    LCD_WR_DATA_16Bit                        0x080011af   Thumb Code    44  lcd.o(.text)
    LCD_WriteReg                             0x080011db   Thumb Code    20  lcd.o(.text)
    LCD_WriteRAM_Prepare                     0x080011ef   Thumb Code    12  lcd.o(.text)
    LCD_SetWindows                           0x080011fb   Thumb Code    88  lcd.o(.text)
    LCD_SetCursor                            0x08001253   Thumb Code    20  lcd.o(.text)
    LCD_DrawPoint                            0x08001267   Thumb Code    24  lcd.o(.text)
    LCD_GPIOInit                             0x0800127f   Thumb Code    56  lcd.o(.text)
    LCD_RESET                                0x080012b7   Thumb Code    16  lcd.o(.text)
    LCD_SetParam                             0x080012c7   Thumb Code    36  lcd.o(.text)
    LCD_Init                                 0x080012eb   Thumb Code   580  lcd.o(.text)
    LCD_Clear                                0x0800152f   Thumb Code    68  lcd.o(.text)
    GUI_DrawPoint                            0x0800157d   Thumb Code    24  gui.o(.text)
    LCD_Fill                                 0x08001595   Thumb Code   114  gui.o(.text)
    LCD_DrawLine                             0x08001607   Thumb Code   176  gui.o(.text)
    LCD_DrawRectangle                        0x080016b7   Thumb Code    64  gui.o(.text)
    LCD_DrawFillRectangle                    0x080016f7   Thumb Code    30  gui.o(.text)
    _draw_circle_8                           0x08001715   Thumb Code   132  gui.o(.text)
    gui_circle                               0x08001799   Thumb Code   154  gui.o(.text)
    LCD_ShowChar                             0x08001833   Thumb Code   280  gui.o(.text)
    LCD_ShowNum2412                          0x0800194b   Thumb Code   244  gui.o(.text)
    LCD_ShowString                           0x08001a3f   Thumb Code    94  gui.o(.text)
    mypow                                    0x08001a9d   Thumb Code    22  gui.o(.text)
    LCD_ShowNum                              0x08001ab3   Thumb Code   168  gui.o(.text)
    GUI_DrawFont16                           0x08001b5b   Thumb Code   252  gui.o(.text)
    GUI_DrawFont24                           0x08001c57   Thumb Code   268  gui.o(.text)
    GUI_DrawFont32                           0x08001d63   Thumb Code   276  gui.o(.text)
    Show_Str                                 0x08001e77   Thumb Code   268  gui.o(.text)
    Gui_StrCenter                            0x08001f83   Thumb Code    68  gui.o(.text)
    Gui_Drawbmp16                            0x08001fc7   Thumb Code    90  gui.o(.text)
    Show_Adc_Average                         0x08002021   Thumb Code   438  gui.o(.text)
    USART2_IRQHandler                        0x08002211   Thumb Code    50  rs485.o(.text)
    RS485_Init                               0x08002243   Thumb Code   208  rs485.o(.text)
    RS485_Send_Data                          0x08002313   Thumb Code    72  rs485.o(.text)
    RS485_Receive_Data                       0x0800235b   Thumb Code    68  rs485.o(.text)
    EXTIX_Init                               0x080023b5   Thumb Code   134  exti.o(.text)
    EXTI2_IRQHandler                         0x0800243b   Thumb Code    62  exti.o(.text)
    EXTI3_IRQHandler                         0x08002479   Thumb Code    38  exti.o(.text)
    KEY_Init                                 0x080024b9   Thumb Code    32  key.o(.text)
    KEY_Scan                                 0x080024d9   Thumb Code   110  key.o(.text)
    Float_to_Bit                             0x08002551   Thumb Code   344  time.o(.text)
    K_UP_sacnf_func                          0x080026a9   Thumb Code  1606  time.o(.text)
    TIM4_Init                                0x08002cef   Thumb Code    88  time.o(.text)
    TIM3_Init                                0x08002d47   Thumb Code   128  time.o(.text)
    TIM3_IRQHandler                          0x08002dc7   Thumb Code    74  time.o(.text)
    TIM4_IRQHandler                          0x08002e11   Thumb Code   250  time.o(.text)
    PID_init                                 0x08002f45   Thumb Code    66  pid.o(.text)
    BinarySearch                             0x08002f87   Thumb Code  2780  pid.o(.text)
    VoltagetoFlow                            0x08003a63   Thumb Code    18  pid.o(.text)
    FlowtoVoltage                            0x08003a75   Thumb Code    18  pid.o(.text)
    PID_realize                              0x08003a87   Thumb Code   608  pid.o(.text)
    GP8202_Init                              0x08003d8d   Thumb Code     8  gp8202.o(.text)
    GP8202_WriteOneByte                      0x08003d95   Thumb Code    58  gp8202.o(.text)
    GP8202_SendDate                          0x08003dcf   Thumb Code    18  gp8202.o(.text)
    IIC_Init                                 0x08003de1   Thumb Code    46  myiic.o(.text)
    IIC_Start                                0x08003e0f   Thumb Code    72  myiic.o(.text)
    IIC_Stop                                 0x08003e57   Thumb Code    58  myiic.o(.text)
    IIC_Wait_Ack                             0x08003e91   Thumb Code    98  myiic.o(.text)
    IIC_Ack                                  0x08003ef3   Thumb Code    80  myiic.o(.text)
    IIC_NAck                                 0x08003f43   Thumb Code    68  myiic.o(.text)
    IIC_Send_Byte                            0x08003f87   Thumb Code    94  myiic.o(.text)
    IIC_Read_Byte                            0x08003fe5   Thumb Code   106  myiic.o(.text)
    W_Byte1                                  0x0800404f   Thumb Code    94  myiic.o(.text)
    IIC_RdAck                                0x080040ad   Thumb Code    96  myiic.o(.text)
    change_data                              0x0800410d   Thumb Code    68  myiic.o(.text)
    delay_init                               0x0800415d   Thumb Code    50  delay.o(.text)
    delay_us                                 0x0800418f   Thumb Code    72  delay.o(.text)
    delay_ms                                 0x080041d7   Thumb Code    72  delay.o(.text)
    _sys_exit                                0x08004231   Thumb Code     4  usart.o(.text)
    fputc                                    0x08004235   Thumb Code    24  usart.o(.text)
    uart_init                                0x0800424d   Thumb Code   152  usart.o(.text)
    USART1_IRQHandler                        0x080042e5   Thumb Code   122  usart.o(.text)
    Reset_Handler                            0x08004371   Thumb Code     8  startup_stm32f10x_md.o(.text)
    ADC1_2_IRQHandler                        0x0800438b   Thumb Code     0  startup_stm32f10x_md.o(.text)
    CAN1_RX1_IRQHandler                      0x0800438b   Thumb Code     0  startup_stm32f10x_md.o(.text)
    CAN1_SCE_IRQHandler                      0x0800438b   Thumb Code     0  startup_stm32f10x_md.o(.text)
    DMA1_Channel1_IRQHandler                 0x0800438b   Thumb Code     0  startup_stm32f10x_md.o(.text)
    DMA1_Channel2_IRQHandler                 0x0800438b   Thumb Code     0  startup_stm32f10x_md.o(.text)
    DMA1_Channel3_IRQHandler                 0x0800438b   Thumb Code     0  startup_stm32f10x_md.o(.text)
    DMA1_Channel4_IRQHandler                 0x0800438b   Thumb Code     0  startup_stm32f10x_md.o(.text)
    DMA1_Channel5_IRQHandler                 0x0800438b   Thumb Code     0  startup_stm32f10x_md.o(.text)
    DMA1_Channel6_IRQHandler                 0x0800438b   Thumb Code     0  startup_stm32f10x_md.o(.text)
    DMA1_Channel7_IRQHandler                 0x0800438b   Thumb Code     0  startup_stm32f10x_md.o(.text)
    EXTI0_IRQHandler                         0x0800438b   Thumb Code     0  startup_stm32f10x_md.o(.text)
    EXTI15_10_IRQHandler                     0x0800438b   Thumb Code     0  startup_stm32f10x_md.o(.text)
    EXTI1_IRQHandler                         0x0800438b   Thumb Code     0  startup_stm32f10x_md.o(.text)
    EXTI4_IRQHandler                         0x0800438b   Thumb Code     0  startup_stm32f10x_md.o(.text)
    EXTI9_5_IRQHandler                       0x0800438b   Thumb Code     0  startup_stm32f10x_md.o(.text)
    FLASH_IRQHandler                         0x0800438b   Thumb Code     0  startup_stm32f10x_md.o(.text)
    I2C1_ER_IRQHandler                       0x0800438b   Thumb Code     0  startup_stm32f10x_md.o(.text)
    I2C1_EV_IRQHandler                       0x0800438b   Thumb Code     0  startup_stm32f10x_md.o(.text)
    I2C2_ER_IRQHandler                       0x0800438b   Thumb Code     0  startup_stm32f10x_md.o(.text)
    I2C2_EV_IRQHandler                       0x0800438b   Thumb Code     0  startup_stm32f10x_md.o(.text)
    PVD_IRQHandler                           0x0800438b   Thumb Code     0  startup_stm32f10x_md.o(.text)
    RCC_IRQHandler                           0x0800438b   Thumb Code     0  startup_stm32f10x_md.o(.text)
    RTCAlarm_IRQHandler                      0x0800438b   Thumb Code     0  startup_stm32f10x_md.o(.text)
    RTC_IRQHandler                           0x0800438b   Thumb Code     0  startup_stm32f10x_md.o(.text)
    SPI1_IRQHandler                          0x0800438b   Thumb Code     0  startup_stm32f10x_md.o(.text)
    SPI2_IRQHandler                          0x0800438b   Thumb Code     0  startup_stm32f10x_md.o(.text)
    TAMPER_IRQHandler                        0x0800438b   Thumb Code     0  startup_stm32f10x_md.o(.text)
    TIM1_BRK_IRQHandler                      0x0800438b   Thumb Code     0  startup_stm32f10x_md.o(.text)
    TIM1_CC_IRQHandler                       0x0800438b   Thumb Code     0  startup_stm32f10x_md.o(.text)
    TIM1_TRG_COM_IRQHandler                  0x0800438b   Thumb Code     0  startup_stm32f10x_md.o(.text)
    TIM1_UP_IRQHandler                       0x0800438b   Thumb Code     0  startup_stm32f10x_md.o(.text)
    TIM2_IRQHandler                          0x0800438b   Thumb Code     0  startup_stm32f10x_md.o(.text)
    USART3_IRQHandler                        0x0800438b   Thumb Code     0  startup_stm32f10x_md.o(.text)
    USBWakeUp_IRQHandler                     0x0800438b   Thumb Code     0  startup_stm32f10x_md.o(.text)
    USB_HP_CAN1_TX_IRQHandler                0x0800438b   Thumb Code     0  startup_stm32f10x_md.o(.text)
    USB_LP_CAN1_RX0_IRQHandler               0x0800438b   Thumb Code     0  startup_stm32f10x_md.o(.text)
    WWDG_IRQHandler                          0x0800438b   Thumb Code     0  startup_stm32f10x_md.o(.text)
    __user_initial_stackheap                 0x0800438d   Thumb Code     0  startup_stm32f10x_md.o(.text)
    GPIO_DeInit                              0x080043b1   Thumb Code   172  stm32f10x_gpio.o(.text)
    GPIO_AFIODeInit                          0x0800445d   Thumb Code    20  stm32f10x_gpio.o(.text)
    GPIO_Init                                0x08004471   Thumb Code   278  stm32f10x_gpio.o(.text)
    GPIO_StructInit                          0x08004587   Thumb Code    16  stm32f10x_gpio.o(.text)
    GPIO_ReadInputDataBit                    0x08004597   Thumb Code    18  stm32f10x_gpio.o(.text)
    GPIO_ReadInputData                       0x080045a9   Thumb Code     8  stm32f10x_gpio.o(.text)
    GPIO_ReadOutputDataBit                   0x080045b1   Thumb Code    18  stm32f10x_gpio.o(.text)
    GPIO_ReadOutputData                      0x080045c3   Thumb Code     8  stm32f10x_gpio.o(.text)
    GPIO_SetBits                             0x080045cb   Thumb Code     4  stm32f10x_gpio.o(.text)
    GPIO_ResetBits                           0x080045cf   Thumb Code     4  stm32f10x_gpio.o(.text)
    GPIO_WriteBit                            0x080045d3   Thumb Code    10  stm32f10x_gpio.o(.text)
    GPIO_Write                               0x080045dd   Thumb Code     4  stm32f10x_gpio.o(.text)
    GPIO_PinLockConfig                       0x080045e1   Thumb Code    18  stm32f10x_gpio.o(.text)
    GPIO_EventOutputConfig                   0x080045f3   Thumb Code    26  stm32f10x_gpio.o(.text)
    GPIO_EventOutputCmd                      0x0800460d   Thumb Code     6  stm32f10x_gpio.o(.text)
    GPIO_PinRemapConfig                      0x08004613   Thumb Code   138  stm32f10x_gpio.o(.text)
    GPIO_EXTILineConfig                      0x0800469d   Thumb Code    66  stm32f10x_gpio.o(.text)
    GPIO_ETH_MediaInterfaceConfig            0x080046df   Thumb Code     8  stm32f10x_gpio.o(.text)
    RCC_DeInit                               0x0800470d   Thumb Code    64  stm32f10x_rcc.o(.text)
    RCC_HSEConfig                            0x0800474d   Thumb Code    70  stm32f10x_rcc.o(.text)
    RCC_GetFlagStatus                        0x08004793   Thumb Code    56  stm32f10x_rcc.o(.text)
    RCC_WaitForHSEStartUp                    0x080047cb   Thumb Code    56  stm32f10x_rcc.o(.text)
    RCC_AdjustHSICalibrationValue            0x08004803   Thumb Code    20  stm32f10x_rcc.o(.text)
    RCC_HSICmd                               0x08004817   Thumb Code     6  stm32f10x_rcc.o(.text)
    RCC_PLLConfig                            0x0800481d   Thumb Code    24  stm32f10x_rcc.o(.text)
    RCC_PLLCmd                               0x08004835   Thumb Code     6  stm32f10x_rcc.o(.text)
    RCC_SYSCLKConfig                         0x0800483b   Thumb Code    18  stm32f10x_rcc.o(.text)
    RCC_GetSYSCLKSource                      0x0800484d   Thumb Code    10  stm32f10x_rcc.o(.text)
    RCC_HCLKConfig                           0x08004857   Thumb Code    18  stm32f10x_rcc.o(.text)
    RCC_PCLK1Config                          0x08004869   Thumb Code    18  stm32f10x_rcc.o(.text)
    RCC_PCLK2Config                          0x0800487b   Thumb Code    20  stm32f10x_rcc.o(.text)
    RCC_ITConfig                             0x0800488f   Thumb Code    26  stm32f10x_rcc.o(.text)
    RCC_USBCLKConfig                         0x080048a9   Thumb Code     8  stm32f10x_rcc.o(.text)
    RCC_ADCCLKConfig                         0x080048b1   Thumb Code    18  stm32f10x_rcc.o(.text)
    RCC_LSEConfig                            0x080048c3   Thumb Code    50  stm32f10x_rcc.o(.text)
    RCC_LSICmd                               0x080048f5   Thumb Code     6  stm32f10x_rcc.o(.text)
    RCC_RTCCLKConfig                         0x080048fb   Thumb Code    12  stm32f10x_rcc.o(.text)
    RCC_RTCCLKCmd                            0x08004907   Thumb Code     8  stm32f10x_rcc.o(.text)
    RCC_GetClocksFreq                        0x0800490f   Thumb Code   192  stm32f10x_rcc.o(.text)
    RCC_AHBPeriphClockCmd                    0x080049cf   Thumb Code    26  stm32f10x_rcc.o(.text)
    RCC_APB2PeriphClockCmd                   0x080049e9   Thumb Code    26  stm32f10x_rcc.o(.text)
    RCC_APB1PeriphClockCmd                   0x08004a03   Thumb Code    26  stm32f10x_rcc.o(.text)
    RCC_APB2PeriphResetCmd                   0x08004a1d   Thumb Code    26  stm32f10x_rcc.o(.text)
    RCC_APB1PeriphResetCmd                   0x08004a37   Thumb Code    26  stm32f10x_rcc.o(.text)
    RCC_BackupResetCmd                       0x08004a51   Thumb Code     8  stm32f10x_rcc.o(.text)
    RCC_ClockSecuritySystemCmd               0x08004a59   Thumb Code     6  stm32f10x_rcc.o(.text)
    RCC_MCOConfig                            0x08004a5f   Thumb Code     6  stm32f10x_rcc.o(.text)
    RCC_ClearFlag                            0x08004a65   Thumb Code    14  stm32f10x_rcc.o(.text)
    RCC_GetITStatus                          0x08004a73   Thumb Code    20  stm32f10x_rcc.o(.text)
    RCC_ClearITPendingBit                    0x08004a87   Thumb Code     6  stm32f10x_rcc.o(.text)
    USART_DeInit                             0x08004ab1   Thumb Code   134  stm32f10x_usart.o(.text)
    USART_Init                               0x08004b37   Thumb Code   210  stm32f10x_usart.o(.text)
    USART_StructInit                         0x08004c09   Thumb Code    24  stm32f10x_usart.o(.text)
    USART_ClockInit                          0x08004c21   Thumb Code    34  stm32f10x_usart.o(.text)
    USART_ClockStructInit                    0x08004c43   Thumb Code    12  stm32f10x_usart.o(.text)
    USART_Cmd                                0x08004c4f   Thumb Code    24  stm32f10x_usart.o(.text)
    USART_ITConfig                           0x08004c67   Thumb Code    74  stm32f10x_usart.o(.text)
    USART_DMACmd                             0x08004cb1   Thumb Code    18  stm32f10x_usart.o(.text)
    USART_SetAddress                         0x08004cc3   Thumb Code    18  stm32f10x_usart.o(.text)
    USART_WakeUpConfig                       0x08004cd5   Thumb Code    18  stm32f10x_usart.o(.text)
    USART_ReceiverWakeUpCmd                  0x08004ce7   Thumb Code    24  stm32f10x_usart.o(.text)
    USART_LINBreakDetectLengthConfig         0x08004cff   Thumb Code    18  stm32f10x_usart.o(.text)
    USART_LINCmd                             0x08004d11   Thumb Code    24  stm32f10x_usart.o(.text)
    USART_SendData                           0x08004d29   Thumb Code     8  stm32f10x_usart.o(.text)
    USART_ReceiveData                        0x08004d31   Thumb Code    10  stm32f10x_usart.o(.text)
    USART_SendBreak                          0x08004d3b   Thumb Code    10  stm32f10x_usart.o(.text)
    USART_SetGuardTime                       0x08004d45   Thumb Code    16  stm32f10x_usart.o(.text)
    USART_SetPrescaler                       0x08004d55   Thumb Code    16  stm32f10x_usart.o(.text)
    USART_SmartCardCmd                       0x08004d65   Thumb Code    24  stm32f10x_usart.o(.text)
    USART_SmartCardNACKCmd                   0x08004d7d   Thumb Code    24  stm32f10x_usart.o(.text)
    USART_HalfDuplexCmd                      0x08004d95   Thumb Code    24  stm32f10x_usart.o(.text)
    USART_OverSampling8Cmd                   0x08004dad   Thumb Code    22  stm32f10x_usart.o(.text)
    USART_OneBitMethodCmd                    0x08004dc3   Thumb Code    24  stm32f10x_usart.o(.text)
    USART_IrDAConfig                         0x08004ddb   Thumb Code    18  stm32f10x_usart.o(.text)
    USART_IrDACmd                            0x08004ded   Thumb Code    24  stm32f10x_usart.o(.text)
    USART_GetFlagStatus                      0x08004e05   Thumb Code    26  stm32f10x_usart.o(.text)
    USART_ClearFlag                          0x08004e1f   Thumb Code    18  stm32f10x_usart.o(.text)
    USART_GetITStatus                        0x08004e31   Thumb Code    84  stm32f10x_usart.o(.text)
    USART_ClearITPendingBit                  0x08004e85   Thumb Code    52  stm32f10x_usart.o(.text)
    NVIC_PriorityGroupConfig                 0x08004eb9   Thumb Code    10  misc.o(.text)
    NVIC_Init                                0x08004ec3   Thumb Code   100  misc.o(.text)
    NVIC_SetVectorTable                      0x08004f27   Thumb Code    14  misc.o(.text)
    NVIC_SystemLPConfig                      0x08004f35   Thumb Code    34  misc.o(.text)
    SysTick_CLKSourceConfig                  0x08004f57   Thumb Code    40  misc.o(.text)
    ADC_DeInit                               0x08004f95   Thumb Code    78  stm32f10x_adc.o(.text)
    ADC_Init                                 0x08004fe3   Thumb Code    70  stm32f10x_adc.o(.text)
    ADC_StructInit                           0x08005029   Thumb Code    18  stm32f10x_adc.o(.text)
    ADC_Cmd                                  0x0800503b   Thumb Code    22  stm32f10x_adc.o(.text)
    ADC_DMACmd                               0x08005051   Thumb Code    22  stm32f10x_adc.o(.text)
    ADC_ITConfig                             0x08005067   Thumb Code    24  stm32f10x_adc.o(.text)
    ADC_ResetCalibration                     0x0800507f   Thumb Code    10  stm32f10x_adc.o(.text)
    ADC_GetResetCalibrationStatus            0x08005089   Thumb Code    20  stm32f10x_adc.o(.text)
    ADC_StartCalibration                     0x0800509d   Thumb Code    10  stm32f10x_adc.o(.text)
    ADC_GetCalibrationStatus                 0x080050a7   Thumb Code    20  stm32f10x_adc.o(.text)
    ADC_SoftwareStartConvCmd                 0x080050bb   Thumb Code    22  stm32f10x_adc.o(.text)
    ADC_GetSoftwareStartConvStatus           0x080050d1   Thumb Code    20  stm32f10x_adc.o(.text)
    ADC_DiscModeChannelCountConfig           0x080050e5   Thumb Code    24  stm32f10x_adc.o(.text)
    ADC_DiscModeCmd                          0x080050fd   Thumb Code    22  stm32f10x_adc.o(.text)
    ADC_RegularChannelConfig                 0x08005113   Thumb Code   184  stm32f10x_adc.o(.text)
    ADC_ExternalTrigConvCmd                  0x080051cb   Thumb Code    22  stm32f10x_adc.o(.text)
    ADC_GetConversionValue                   0x080051e1   Thumb Code     8  stm32f10x_adc.o(.text)
    ADC_GetDualModeConversionValue           0x080051e9   Thumb Code     8  stm32f10x_adc.o(.text)
    ADC_AutoInjectedConvCmd                  0x080051f1   Thumb Code    22  stm32f10x_adc.o(.text)
    ADC_InjectedDiscModeCmd                  0x08005207   Thumb Code    22  stm32f10x_adc.o(.text)
    ADC_ExternalTrigInjectedConvConfig       0x0800521d   Thumb Code    16  stm32f10x_adc.o(.text)
    ADC_ExternalTrigInjectedConvCmd          0x0800522d   Thumb Code    22  stm32f10x_adc.o(.text)
    ADC_SoftwareStartInjectedConvCmd         0x08005243   Thumb Code    22  stm32f10x_adc.o(.text)
    ADC_GetSoftwareStartInjectedConvCmdStatus 0x08005259   Thumb Code    20  stm32f10x_adc.o(.text)
    ADC_InjectedChannelConfig                0x0800526d   Thumb Code   130  stm32f10x_adc.o(.text)
    ADC_InjectedSequencerLengthConfig        0x080052ef   Thumb Code    24  stm32f10x_adc.o(.text)
    ADC_SetInjectedOffset                    0x08005307   Thumb Code    20  stm32f10x_adc.o(.text)
    ADC_GetInjectedConversionValue           0x0800531b   Thumb Code    28  stm32f10x_adc.o(.text)
    ADC_AnalogWatchdogCmd                    0x08005337   Thumb Code    16  stm32f10x_adc.o(.text)
    ADC_AnalogWatchdogThresholdsConfig       0x08005347   Thumb Code     6  stm32f10x_adc.o(.text)
    ADC_AnalogWatchdogSingleChannelConfig    0x0800534d   Thumb Code    16  stm32f10x_adc.o(.text)
    ADC_TempSensorVrefintCmd                 0x0800535d   Thumb Code    64  stm32f10x_adc.o(.text)
    ADC_GetFlagStatus                        0x0800539d   Thumb Code    18  stm32f10x_adc.o(.text)
    ADC_ClearFlag                            0x080053af   Thumb Code     6  stm32f10x_adc.o(.text)
    ADC_GetITStatus                          0x080053b5   Thumb Code    36  stm32f10x_adc.o(.text)
    ADC_ClearITPendingBit                    0x080053d9   Thumb Code    10  stm32f10x_adc.o(.text)
    SPI_I2S_DeInit                           0x080053e5   Thumb Code    76  stm32f10x_spi.o(.text)
    SPI_Init                                 0x08005431   Thumb Code    60  stm32f10x_spi.o(.text)
    I2S_Init                                 0x0800546d   Thumb Code   226  stm32f10x_spi.o(.text)
    SPI_StructInit                           0x0800554f   Thumb Code    24  stm32f10x_spi.o(.text)
    I2S_StructInit                           0x08005567   Thumb Code    20  stm32f10x_spi.o(.text)
    SPI_Cmd                                  0x0800557b   Thumb Code    24  stm32f10x_spi.o(.text)
    I2S_Cmd                                  0x08005593   Thumb Code    24  stm32f10x_spi.o(.text)
    SPI_I2S_ITConfig                         0x080055ab   Thumb Code    32  stm32f10x_spi.o(.text)
    SPI_I2S_DMACmd                           0x080055cb   Thumb Code    18  stm32f10x_spi.o(.text)
    SPI_I2S_SendData                         0x080055dd   Thumb Code     4  stm32f10x_spi.o(.text)
    SPI_I2S_ReceiveData                      0x080055e1   Thumb Code     6  stm32f10x_spi.o(.text)
    SPI_NSSInternalSoftwareConfig            0x080055e7   Thumb Code    30  stm32f10x_spi.o(.text)
    SPI_SSOutputCmd                          0x08005605   Thumb Code    24  stm32f10x_spi.o(.text)
    SPI_DataSizeConfig                       0x0800561d   Thumb Code    18  stm32f10x_spi.o(.text)
    SPI_TransmitCRC                          0x0800562f   Thumb Code    10  stm32f10x_spi.o(.text)
    SPI_CalculateCRC                         0x08005639   Thumb Code    24  stm32f10x_spi.o(.text)
    SPI_GetCRC                               0x08005651   Thumb Code    16  stm32f10x_spi.o(.text)
    SPI_GetCRCPolynomial                     0x08005661   Thumb Code     6  stm32f10x_spi.o(.text)
    SPI_BiDirectionalLineConfig              0x08005667   Thumb Code    28  stm32f10x_spi.o(.text)
    SPI_I2S_GetFlagStatus                    0x08005683   Thumb Code    18  stm32f10x_spi.o(.text)
    SPI_I2S_ClearFlag                        0x08005695   Thumb Code     6  stm32f10x_spi.o(.text)
    SPI_I2S_GetITStatus                      0x0800569b   Thumb Code    52  stm32f10x_spi.o(.text)
    SPI_I2S_ClearITPendingBit                0x080056cf   Thumb Code    20  stm32f10x_spi.o(.text)
    EXTI_DeInit                              0x080056f1   Thumb Code    28  stm32f10x_exti.o(.text)
    EXTI_Init                                0x0800570d   Thumb Code   142  stm32f10x_exti.o(.text)
    EXTI_StructInit                          0x0800579b   Thumb Code    16  stm32f10x_exti.o(.text)
    EXTI_GenerateSWInterrupt                 0x080057ab   Thumb Code    16  stm32f10x_exti.o(.text)
    EXTI_GetFlagStatus                       0x080057bb   Thumb Code    22  stm32f10x_exti.o(.text)
    EXTI_ClearFlag                           0x080057d1   Thumb Code     8  stm32f10x_exti.o(.text)
    EXTI_GetITStatus                         0x080057d9   Thumb Code    34  stm32f10x_exti.o(.text)
    EXTI_ClearITPendingBit                   0x080057fb   Thumb Code     8  stm32f10x_exti.o(.text)
    TIM_DeInit                               0x0800580d   Thumb Code   424  stm32f10x_tim.o(.text)
    TIM_TimeBaseInit                         0x080059b5   Thumb Code   122  stm32f10x_tim.o(.text)
    TIM_OC1Init                              0x08005a2f   Thumb Code   132  stm32f10x_tim.o(.text)
    TIM_OC2Init                              0x08005ab3   Thumb Code   154  stm32f10x_tim.o(.text)
    TIM_OC3Init                              0x08005b4d   Thumb Code   150  stm32f10x_tim.o(.text)
    TIM_OC4Init                              0x08005be3   Thumb Code   182  stm32f10x_tim.o(.text)
    TIM_SetIC4Prescaler                      0x08005c99   Thumb Code    26  stm32f10x_tim.o(.text)
    TIM_SetIC3Prescaler                      0x08005d35   Thumb Code    18  stm32f10x_tim.o(.text)
    TIM_SetIC2Prescaler                      0x08005dc1   Thumb Code    26  stm32f10x_tim.o(.text)
    TIM_SetIC1Prescaler                      0x08005e5d   Thumb Code    18  stm32f10x_tim.o(.text)
    TIM_ICInit                               0x08005edb   Thumb Code   150  stm32f10x_tim.o(.text)
    TIM_PWMIConfig                           0x08005f71   Thumb Code   124  stm32f10x_tim.o(.text)
    TIM_BDTRConfig                           0x08005fed   Thumb Code    32  stm32f10x_tim.o(.text)
    TIM_TimeBaseStructInit                   0x0800600d   Thumb Code    18  stm32f10x_tim.o(.text)
    TIM_OCStructInit                         0x0800601f   Thumb Code    20  stm32f10x_tim.o(.text)
    TIM_ICStructInit                         0x08006033   Thumb Code    18  stm32f10x_tim.o(.text)
    TIM_BDTRStructInit                       0x08006045   Thumb Code    40  stm32f10x_tim.o(.text)
    TIM_Cmd                                  0x0800606d   Thumb Code    24  stm32f10x_tim.o(.text)
    TIM_CtrlPWMOutputs                       0x08006085   Thumb Code    30  stm32f10x_tim.o(.text)
    TIM_ITConfig                             0x080060a3   Thumb Code    18  stm32f10x_tim.o(.text)
    TIM_GenerateEvent                        0x080060b5   Thumb Code     4  stm32f10x_tim.o(.text)
    TIM_DMAConfig                            0x080060b9   Thumb Code    10  stm32f10x_tim.o(.text)
    TIM_DMACmd                               0x080060c3   Thumb Code    18  stm32f10x_tim.o(.text)
    TIM_InternalClockConfig                  0x080060d5   Thumb Code    12  stm32f10x_tim.o(.text)
    TIM_SelectInputTrigger                   0x080060e1   Thumb Code    18  stm32f10x_tim.o(.text)
    TIM_ITRxExternalClockConfig              0x080060f3   Thumb Code    24  stm32f10x_tim.o(.text)
    TIM_TIxExternalClockConfig               0x0800610b   Thumb Code    62  stm32f10x_tim.o(.text)
    TIM_ETRConfig                            0x08006149   Thumb Code    28  stm32f10x_tim.o(.text)
    TIM_ETRClockMode1Config                  0x08006165   Thumb Code    54  stm32f10x_tim.o(.text)
    TIM_ETRClockMode2Config                  0x0800619b   Thumb Code    32  stm32f10x_tim.o(.text)
    TIM_PrescalerConfig                      0x080061bb   Thumb Code     6  stm32f10x_tim.o(.text)
    TIM_CounterModeConfig                    0x080061c1   Thumb Code    18  stm32f10x_tim.o(.text)
    TIM_EncoderInterfaceConfig               0x080061d3   Thumb Code    66  stm32f10x_tim.o(.text)
    TIM_ForcedOC1Config                      0x08006215   Thumb Code    18  stm32f10x_tim.o(.text)
    TIM_ForcedOC2Config                      0x08006227   Thumb Code    26  stm32f10x_tim.o(.text)
    TIM_ForcedOC3Config                      0x08006241   Thumb Code    18  stm32f10x_tim.o(.text)
    TIM_ForcedOC4Config                      0x08006253   Thumb Code    26  stm32f10x_tim.o(.text)
    TIM_ARRPreloadConfig                     0x0800626d   Thumb Code    24  stm32f10x_tim.o(.text)
    TIM_SelectCOM                            0x08006285   Thumb Code    24  stm32f10x_tim.o(.text)
    TIM_SelectCCDMA                          0x0800629d   Thumb Code    24  stm32f10x_tim.o(.text)
    TIM_CCPreloadControl                     0x080062b5   Thumb Code    24  stm32f10x_tim.o(.text)
    TIM_OC1PreloadConfig                     0x080062cd   Thumb Code    18  stm32f10x_tim.o(.text)
    TIM_OC2PreloadConfig                     0x080062df   Thumb Code    26  stm32f10x_tim.o(.text)
    TIM_OC3PreloadConfig                     0x080062f9   Thumb Code    18  stm32f10x_tim.o(.text)
    TIM_OC4PreloadConfig                     0x0800630b   Thumb Code    26  stm32f10x_tim.o(.text)
    TIM_OC1FastConfig                        0x08006325   Thumb Code    18  stm32f10x_tim.o(.text)
    TIM_OC2FastConfig                        0x08006337   Thumb Code    26  stm32f10x_tim.o(.text)
    TIM_OC3FastConfig                        0x08006351   Thumb Code    18  stm32f10x_tim.o(.text)
    TIM_OC4FastConfig                        0x08006363   Thumb Code    26  stm32f10x_tim.o(.text)
    TIM_ClearOC1Ref                          0x0800637d   Thumb Code    18  stm32f10x_tim.o(.text)
    TIM_ClearOC2Ref                          0x0800638f   Thumb Code    24  stm32f10x_tim.o(.text)
    TIM_ClearOC3Ref                          0x080063a7   Thumb Code    18  stm32f10x_tim.o(.text)
    TIM_ClearOC4Ref                          0x080063b9   Thumb Code    24  stm32f10x_tim.o(.text)
    TIM_OC1PolarityConfig                    0x080063d1   Thumb Code    18  stm32f10x_tim.o(.text)
    TIM_OC1NPolarityConfig                   0x080063e3   Thumb Code    18  stm32f10x_tim.o(.text)
    TIM_OC2PolarityConfig                    0x080063f5   Thumb Code    26  stm32f10x_tim.o(.text)
    TIM_OC2NPolarityConfig                   0x0800640f   Thumb Code    26  stm32f10x_tim.o(.text)
    TIM_OC3PolarityConfig                    0x08006429   Thumb Code    26  stm32f10x_tim.o(.text)
    TIM_OC3NPolarityConfig                   0x08006443   Thumb Code    26  stm32f10x_tim.o(.text)
    TIM_OC4PolarityConfig                    0x0800645d   Thumb Code    26  stm32f10x_tim.o(.text)
    TIM_CCxCmd                               0x08006477   Thumb Code    30  stm32f10x_tim.o(.text)
    TIM_CCxNCmd                              0x08006495   Thumb Code    30  stm32f10x_tim.o(.text)
    TIM_SelectOCxM                           0x080064b3   Thumb Code    82  stm32f10x_tim.o(.text)
    TIM_UpdateDisableConfig                  0x08006505   Thumb Code    24  stm32f10x_tim.o(.text)
    TIM_UpdateRequestConfig                  0x0800651d   Thumb Code    24  stm32f10x_tim.o(.text)
    TIM_SelectHallSensor                     0x08006535   Thumb Code    24  stm32f10x_tim.o(.text)
    TIM_SelectOnePulseMode                   0x0800654d   Thumb Code    18  stm32f10x_tim.o(.text)
    TIM_SelectOutputTrigger                  0x0800655f   Thumb Code    18  stm32f10x_tim.o(.text)
    TIM_SelectSlaveMode                      0x08006571   Thumb Code    18  stm32f10x_tim.o(.text)
    TIM_SelectMasterSlaveMode                0x08006583   Thumb Code    18  stm32f10x_tim.o(.text)
    TIM_SetCounter                           0x08006595   Thumb Code     4  stm32f10x_tim.o(.text)
    TIM_SetAutoreload                        0x08006599   Thumb Code     4  stm32f10x_tim.o(.text)
    TIM_SetCompare1                          0x0800659d   Thumb Code     4  stm32f10x_tim.o(.text)
    TIM_SetCompare2                          0x080065a1   Thumb Code     4  stm32f10x_tim.o(.text)
    TIM_SetCompare3                          0x080065a5   Thumb Code     4  stm32f10x_tim.o(.text)
    TIM_SetCompare4                          0x080065a9   Thumb Code     6  stm32f10x_tim.o(.text)
    TIM_SetClockDivision                     0x080065af   Thumb Code    18  stm32f10x_tim.o(.text)
    TIM_GetCapture1                          0x080065c1   Thumb Code     6  stm32f10x_tim.o(.text)
    TIM_GetCapture2                          0x080065c7   Thumb Code     6  stm32f10x_tim.o(.text)
    TIM_GetCapture3                          0x080065cd   Thumb Code     6  stm32f10x_tim.o(.text)
    TIM_GetCapture4                          0x080065d3   Thumb Code     8  stm32f10x_tim.o(.text)
    TIM_GetCounter                           0x080065db   Thumb Code     6  stm32f10x_tim.o(.text)
    TIM_GetPrescaler                         0x080065e1   Thumb Code     6  stm32f10x_tim.o(.text)
    TIM_GetFlagStatus                        0x080065e7   Thumb Code    18  stm32f10x_tim.o(.text)
    TIM_ClearFlag                            0x080065f9   Thumb Code     6  stm32f10x_tim.o(.text)
    TIM_GetITStatus                          0x080065ff   Thumb Code    34  stm32f10x_tim.o(.text)
    TIM_ClearITPendingBit                    0x08006621   Thumb Code     6  stm32f10x_tim.o(.text)
    __use_no_semihosting                     0x08006627   Thumb Code     2  use_no_semi_2.o(.text)
    __2sprintf                               0x08006629   Thumb Code    34  noretval__2sprintf.o(.text)
    _printf_int_dec                          0x08006651   Thumb Code   104  _printf_dec.o(.text)
    __printf                                 0x080066c9   Thumb Code   270  __printf_wp.o(.text)
    strchr                                   0x080067d7   Thumb Code    20  strchr.o(.text)
    strcpy                                   0x080067eb   Thumb Code    72  strcpy.o(.text)
    strlen                                   0x08006833   Thumb Code    62  strlen.o(.text)
    strcat                                   0x08006871   Thumb Code    24  strcat.o(.text)
    __aeabi_memcpy4                          0x08006889   Thumb Code     0  rt_memcpy_w.o(.text)
    __aeabi_memcpy8                          0x08006889   Thumb Code     0  rt_memcpy_w.o(.text)
    __rt_memcpy_w                            0x08006889   Thumb Code   100  rt_memcpy_w.o(.text)
    _memcpy_lastbytes_aligned                0x080068d1   Thumb Code     0  rt_memcpy_w.o(.text)
    __aeabi_memclr4                          0x080068ed   Thumb Code     0  rt_memclr_w.o(.text)
    __aeabi_memclr8                          0x080068ed   Thumb Code     0  rt_memclr_w.o(.text)
    __rt_memclr_w                            0x080068ed   Thumb Code    78  rt_memclr_w.o(.text)
    _memset_w                                0x080068f1   Thumb Code     0  rt_memclr_w.o(.text)
    __use_two_region_memory                  0x0800693b   Thumb Code     2  heapauxi.o(.text)
    __rt_heap_escrow$2region                 0x0800693d   Thumb Code     2  heapauxi.o(.text)
    __rt_heap_expand$2region                 0x0800693f   Thumb Code     2  heapauxi.o(.text)
    __I$use$semihosting                      0x08006941   Thumb Code     0  use_no_semi.o(.text)
    __use_no_semihosting_swi                 0x08006941   Thumb Code     2  use_no_semi.o(.text)
    __read_errno                             0x08006943   Thumb Code    10  _rserrno.o(.text)
    __set_errno                              0x0800694d   Thumb Code    12  _rserrno.o(.text)
    _printf_int_common                       0x08006959   Thumb Code   178  _printf_intcommon.o(.text)
    __lib_sel_fp_printf                      0x08006a0b   Thumb Code     2  _printf_fp_dec.o(.text)
    _printf_fp_dec_real                      0x08006bbd   Thumb Code   620  _printf_fp_dec.o(.text)
    _printf_char_common                      0x08006e33   Thumb Code    32  _printf_char_common.o(.text)
    _sputc                                   0x08006e59   Thumb Code    10  _sputc.o(.text)
    __strtod_int                             0x08006ea1   Thumb Code    90  strtod.o(.text)
    __rt_locale                              0x08006f09   Thumb Code     8  rt_locale_intlibspace.o(.text)
    __aeabi_errno_addr                       0x08006f11   Thumb Code     8  rt_errno_addr_intlibspace.o(.text)
    __errno$intlibspace                      0x08006f11   Thumb Code     0  rt_errno_addr_intlibspace.o(.text)
    __rt_errno_addr$intlibspace              0x08006f11   Thumb Code     0  rt_errno_addr_intlibspace.o(.text)
    _ll_udiv10                               0x08006f19   Thumb Code   138  lludiv10.o(.text)
    isspace                                  0x08006fa3   Thumb Code    18  isspace.o(.text)
    _printf_fp_infnan                        0x08006fb5   Thumb Code   112  _printf_fp_infnan.o(.text)
    _sgetc                                   0x08007035   Thumb Code    30  _sgetc.o(.text)
    _sbackspace                              0x08007053   Thumb Code    34  _sgetc.o(.text)
    _btod_etento                             0x08007075   Thumb Code   224  bigflt0.o(.text)
    __user_libspace                          0x08007159   Thumb Code     8  libspace.o(.text)
    __user_perproc_libspace                  0x08007159   Thumb Code     0  libspace.o(.text)
    __user_perthread_libspace                0x08007159   Thumb Code     0  libspace.o(.text)
    __user_setup_stackheap                   0x08007161   Thumb Code    74  sys_stackheap_outer.o(.text)
    __rt_ctype_table                         0x080071ad   Thumb Code    16  rt_ctype_table.o(.text)
    _scanf_really_real                       0x08007409   Thumb Code   684  scanf_fp.o(.text)
    exit                                     0x080076b5   Thumb Code    18  exit.o(.text)
    strcmp                                   0x080076c9   Thumb Code   128  strcmpv7m.o(.text)
    _scanf_really_hex_real                   0x08007749   Thumb Code   786  scanf_hexfp.o(.text)
    _scanf_really_infnan                     0x08007a69   Thumb Code   292  scanf_infnan.o(.text)
    __aeabi_llsl                             0x08007b9d   Thumb Code     0  llshl.o(.text)
    _ll_shift_l                              0x08007b9d   Thumb Code    38  llshl.o(.text)
    _chval                                   0x08007bc3   Thumb Code    28  _chval.o(.text)
    _btod_d2e                                0x08007bdf   Thumb Code    62  btod.o(CL$$btod_d2e)
    _d2e_denorm_low                          0x08007c1d   Thumb Code    70  btod.o(CL$$btod_d2e_denorm_low)
    _d2e_norm_op1                            0x08007c63   Thumb Code    96  btod.o(CL$$btod_d2e_norm_op1)
    __btod_div_common                        0x08007cc3   Thumb Code   696  btod.o(CL$$btod_div_common)
    _e2d                                     0x08007ffd   Thumb Code   122  btod.o(CL$$btod_e2d)
    _e2e                                     0x08008081   Thumb Code   220  btod.o(CL$$btod_e2e)
    _btod_ediv                               0x0800815d   Thumb Code    42  btod.o(CL$$btod_ediv)
    _btod_edivd                              0x08008187   Thumb Code    42  btod.o(CL$$btod_edivd)
    _btod_emul                               0x080081b1   Thumb Code    42  btod.o(CL$$btod_emul)
    _btod_emuld                              0x080081db   Thumb Code    42  btod.o(CL$$btod_emuld)
    __btod_mult_common                       0x08008205   Thumb Code   580  btod.o(CL$$btod_mult_common)
    __ARM_fpclassify                         0x08008449   Thumb Code    40  fpclassify.o(i.__ARM_fpclassify)
    __mathlib_dbl_overflow                   0x08008471   Thumb Code    14  dunder.o(i.__mathlib_dbl_overflow)
    __mathlib_dbl_underflow                  0x08008481   Thumb Code    10  dunder.o(i.__mathlib_dbl_underflow)
    __mathlib_narrow                         0x08008491   Thumb Code    16  narrow.o(i.__mathlib_narrow)
    __mathlib_tofloat                        0x080084a1   Thumb Code   184  narrow.o(i.__mathlib_tofloat)
    __support_ldexp                          0x0800855d   Thumb Code    22  ldexp.o(i.__support_ldexp)
    _is_digit                                0x08008573   Thumb Code    14  __printf_wp.o(i._is_digit)
    atof                                     0x08008581   Thumb Code    42  atof.o(i.atof)
    frexp                                    0x080085ad   Thumb Code    80  frexp.o(i.frexp)
    ldexp                                    0x08008605   Thumb Code   116  ldexp.o(i.ldexp)
    _get_lc_numeric                          0x08008679   Thumb Code    44  lc_numeric_c.o(locale$$code)
    _get_lc_ctype                            0x080086a5   Thumb Code    44  lc_ctype_c.o(locale$$code)
    __aeabi_d2f                              0x080086d1   Thumb Code     0  d2f.o(x$fpl$d2f)
    _d2f                                     0x080086d1   Thumb Code    98  d2f.o(x$fpl$d2f)
    __aeabi_dadd                             0x08008735   Thumb Code     0  daddsub_clz.o(x$fpl$dadd)
    _dadd                                    0x08008735   Thumb Code   332  daddsub_clz.o(x$fpl$dadd)
    __fpl_dcheck_NaN1                        0x08008885   Thumb Code    10  dcheck1.o(x$fpl$dcheck1)
    __fpl_dcmp_Inf                           0x08008895   Thumb Code    24  dcmpi.o(x$fpl$dcmpinf)
    __aeabi_ddiv                             0x080088ad   Thumb Code     0  ddiv.o(x$fpl$ddiv)
    _ddiv                                    0x080088ad   Thumb Code   552  ddiv.o(x$fpl$ddiv)
    __aeabi_cdcmpeq                          0x08008b5d   Thumb Code     0  deqf.o(x$fpl$deqf)
    _dcmpeq                                  0x08008b5d   Thumb Code   120  deqf.o(x$fpl$deqf)
    __aeabi_d2uiz                            0x08008bd5   Thumb Code     0  dfixu.o(x$fpl$dfixu)
    _dfixu                                   0x08008bd5   Thumb Code    90  dfixu.o(x$fpl$dfixu)
    __aeabi_i2d                              0x08008c2f   Thumb Code     0  dflt_clz.o(x$fpl$dflt)
    _dflt                                    0x08008c2f   Thumb Code    46  dflt_clz.o(x$fpl$dflt)
    __aeabi_ui2d                             0x08008c5d   Thumb Code     0  dflt_clz.o(x$fpl$dfltu)
    _dfltu                                   0x08008c5d   Thumb Code    38  dflt_clz.o(x$fpl$dfltu)
    __aeabi_cdcmple                          0x08008c85   Thumb Code     0  dleqf.o(x$fpl$dleqf)
    _dcmple                                  0x08008c85   Thumb Code   120  dleqf.o(x$fpl$dleqf)
    __fpl_dcmple_InfNaN                      0x08008ce7   Thumb Code     0  dleqf.o(x$fpl$dleqf)
    __aeabi_dmul                             0x08008cfd   Thumb Code     0  dmul.o(x$fpl$dmul)
    _dmul                                    0x08008cfd   Thumb Code   332  dmul.o(x$fpl$dmul)
    __fpl_dnaninf                            0x08008e51   Thumb Code   156  dnaninf.o(x$fpl$dnaninf)
    __fpl_dretinf                            0x08008eed   Thumb Code    12  dretinf.o(x$fpl$dretinf)
    __aeabi_cdrcmple                         0x08008ef9   Thumb Code     0  drleqf.o(x$fpl$drleqf)
    _drcmple                                 0x08008ef9   Thumb Code   108  drleqf.o(x$fpl$drleqf)
    __aeabi_drsub                            0x08008f65   Thumb Code     0  daddsub_clz.o(x$fpl$drsb)
    _drsb                                    0x08008f65   Thumb Code    22  daddsub_clz.o(x$fpl$drsb)
    __aeabi_dsub                             0x08008f7d   Thumb Code     0  daddsub_clz.o(x$fpl$dsub)
    _dsub                                    0x08008f7d   Thumb Code   464  daddsub_clz.o(x$fpl$dsub)
    __fpl_fretinf                            0x08009151   Thumb Code    10  fretinf.o(x$fpl$fretinf)
    __ieee_status                            0x0800915b   Thumb Code     6  istatus.o(x$fpl$ieeestatus)
    _printf_fp_dec                           0x08009161   Thumb Code     4  printf1.o(x$fpl$printf1)
    __fpl_return_NaN                         0x08009165   Thumb Code   100  retnan.o(x$fpl$retnan)
    __ARM_scalbn                             0x080091c9   Thumb Code    92  scalbn.o(x$fpl$scalbn)
    _scanf_real                              0x08009225   Thumb Code     4  scanf1.o(x$fpl$scanf1)
    _scanf_hex_real                          0x08009229   Thumb Code     4  scanf2.o(x$fpl$scanf2)
    _scanf_infnan                            0x0800922d   Thumb Code     4  scanf2.o(x$fpl$scanf2)
    __fpl_cmpreturn                          0x08009231   Thumb Code    48  trapv.o(x$fpl$trapveneer)
    __I$use$fp                               0x08009260   Number         0  usenofp.o(x$fpl$usenofp)
    asc2_1206                                0x08009260   Data        1140  gui.o(.constdata)
    asc2_1608                                0x080096d4   Data        1520  gui.o(.constdata)
    asc2_2412                                0x08009cc4   Data         576  gui.o(.constdata)
    tfont16                                  0x08009f04   Data         544  gui.o(.constdata)
    tfont24                                  0x0800a124   Data         814  gui.o(.constdata)
    tfont32                                  0x0800a452   Data         130  gui.o(.constdata)
    Region$$Table$$Base                      0x0800a568   Number         0  anon$$obj.o(Region$$Table)
    Region$$Table$$Limit                     0x0800a588   Number         0  anon$$obj.o(Region$$Table)
    __aeabi_HUGE_VAL                         0x0800a588   Data           0  fpconst.o(c$$dinf)
    __aeabi_HUGE_VALL                        0x0800a588   Data           0  fpconst.o(c$$dinf)
    __aeabi_INFINITY                         0x0800a588   Data           0  fpconst.o(c$$dinf)
    __dInf                                   0x0800a588   Data           0  fpconst.o(c$$dinf)
    __huge_val                               0x0800a588   Data           0  fpconst.o(c$$dinf)
    __dbl_max                                0x0800a590   Data           0  fpconst.o(c$$dmax)
    __ctype                                  0x0800a5c1   Data           0  lc_ctype_c.o(locale$$data)
    set_flowvalue                            0x20000000   Data           8  main.o(.data)
    set_voltagevalue                         0x20000008   Data           8  main.o(.data)
    set_flag                                 0x20000017   Data           1  main.o(.data)
    pid_set                                  0x20000018   Data           1  main.o(.data)
    len                                      0x20000019   Data           1  main.o(.data)
    input_8202                               0x2000001a   Data           2  main.o(.data)
    voltage_pid                              0x20000020   Data           8  main.o(.data)
    change_value                             0x20000028   Data           8  main.o(.data)
    actual_value                             0x20000030   Data           8  main.o(.data)
    pid_up                                   0x20000038   Data           1  main.o(.data)
    change_percentage                        0x20000040   Data           8  main.o(.data)
    SystemCoreClock                          0x20000048   Data           4  system_stm32f10x.o(.data)
    AHBPrescTable                            0x2000004c   Data          16  system_stm32f10x.o(.data)
    POINT_COLOR                              0x2000005c   Data           2  lcd.o(.data)
    BACK_COLOR                               0x2000005e   Data           2  lcd.o(.data)
    DeviceCode                               0x20000060   Data           2  lcd.o(.data)
    RS485_RX_CNT                             0x20000062   Data           1  rs485.o(.data)
    key1_pressed                             0x20000063   Data           1  exti.o(.data)
    key_up_fall_flag                         0x20000068   Data           1  time.o(.data)
    key_down_fall_flag                       0x20000069   Data           1  time.o(.data)
    key_up_up_flag                           0x2000006a   Data           1  time.o(.data)
    K_UP_status                              0x2000006b   Data           1  time.o(.data)
    K_DOWN_status                            0x2000006c   Data           1  time.o(.data)
    key                                      0x2000006d   Data           1  time.o(.data)
    data                                     0x2000006e   Data           2  time.o(.data)
    tmp                                      0x20000070   Data           1  time.o(.data)
    Flow_Convert_Voltage                     0x20000080   Data         784  pid.o(.data)
    voltage_arr                              0x20000390   Data         392  pid.o(.data)
    flow_arr                                 0x20000518   Data         392  pid.o(.data)
    __stdout                                 0x200006a4   Data           4  usart.o(.data)
    USART_RX_STA                             0x200006a8   Data           2  usart.o(.data)
    lcddev                                   0x200006c0   Data          14  lcd.o(.bss)
    RS485_RX_BUF                             0x200006ce   Data          64  rs485.o(.bss)
    display_buf                              0x20000710   Data          50  pid.o(.bss)
    pid                                      0x20000748   Data          88  pid.o(.bss)
    USART_RX_BUF                             0x200007a0   Data         200  usart.o(.bss)
    __libspace_start                         0x20000868   Data          96  libspace.o(.bss)
    __temporary_stack_top$libspace           0x200008c8   Data           0  libspace.o(.bss)



==============================================================================

Memory Map of the image

  Image Entry point : 0x080000ed

  Load Region LR_IROM1 (Base: 0x08000000, Size: 0x0000ad84, Max: 0x00020000, ABSOLUTE, COMPRESSED[0x0000a9a0])

    Execution Region ER_IROM1 (Exec base: 0x08000000, Load base: 0x08000000, Size: 0x0000a6c4, Max: 0x00020000, ABSOLUTE)

    Exec Addr    Load Addr    Size         Type   Attr      Idx    E Section Name        Object

    0x08000000   0x08000000   0x000000ec   Data   RO          569    RESET               startup_stm32f10x_md.o
    0x080000ec   0x080000ec   0x00000008   Code   RO          721  * !!!main             c_w.l(__main.o)
    0x080000f4   0x080000f4   0x00000034   Code   RO         1064    !!!scatter          c_w.l(__scatter.o)
    0x08000128   0x08000128   0x00000064   Code   RO         1062    !!dclz77c           c_w.l(__dclz77c.o)
    0x0800018c   0x0800018c   0x0000001c   Code   RO         1066    !!handler_zi        c_w.l(__scatter_zi.o)
    0x080001a8   0x080001a8   0x00000000   Code   RO          706    .ARM.Collect$$_printf_percent$$00000000  c_w.l(_printf_percent.o)
    0x080001a8   0x080001a8   0x00000006   Code   RO          705    .ARM.Collect$$_printf_percent$$00000003  c_w.l(_printf_f.o)
    0x080001ae   0x080001ae   0x00000006   Code   RO          704    .ARM.Collect$$_printf_percent$$00000009  c_w.l(_printf_d.o)
    0x080001b4   0x080001b4   0x00000004   Code   RO          768    .ARM.Collect$$_printf_percent$$00000017  c_w.l(_printf_percent_end.o)
    0x080001b8   0x080001b8   0x00000002   Code   RO          865    .ARM.Collect$$libinit$$00000000  c_w.l(libinit.o)
    0x080001ba   0x080001ba   0x00000000   Code   RO          867    .ARM.Collect$$libinit$$00000002  c_w.l(libinit2.o)
    0x080001ba   0x080001ba   0x00000000   Code   RO          869    .ARM.Collect$$libinit$$00000004  c_w.l(libinit2.o)
    0x080001ba   0x080001ba   0x00000000   Code   RO          872    .ARM.Collect$$libinit$$0000000A  c_w.l(libinit2.o)
    0x080001ba   0x080001ba   0x00000000   Code   RO          874    .ARM.Collect$$libinit$$0000000C  c_w.l(libinit2.o)
    0x080001ba   0x080001ba   0x00000000   Code   RO          876    .ARM.Collect$$libinit$$0000000E  c_w.l(libinit2.o)
    0x080001ba   0x080001ba   0x00000006   Code   RO          877    .ARM.Collect$$libinit$$0000000F  c_w.l(libinit2.o)
    0x080001c0   0x080001c0   0x00000000   Code   RO          879    .ARM.Collect$$libinit$$00000011  c_w.l(libinit2.o)
    0x080001c0   0x080001c0   0x0000000c   Code   RO          880    .ARM.Collect$$libinit$$00000012  c_w.l(libinit2.o)
    0x080001cc   0x080001cc   0x00000000   Code   RO          881    .ARM.Collect$$libinit$$00000013  c_w.l(libinit2.o)
    0x080001cc   0x080001cc   0x00000000   Code   RO          883    .ARM.Collect$$libinit$$00000015  c_w.l(libinit2.o)
    0x080001cc   0x080001cc   0x0000000a   Code   RO          884    .ARM.Collect$$libinit$$00000016  c_w.l(libinit2.o)
    0x080001d6   0x080001d6   0x00000000   Code   RO          885    .ARM.Collect$$libinit$$00000017  c_w.l(libinit2.o)
    0x080001d6   0x080001d6   0x00000000   Code   RO          887    .ARM.Collect$$libinit$$00000019  c_w.l(libinit2.o)
    0x080001d6   0x080001d6   0x00000000   Code   RO          889    .ARM.Collect$$libinit$$0000001B  c_w.l(libinit2.o)
    0x080001d6   0x080001d6   0x00000000   Code   RO          891    .ARM.Collect$$libinit$$0000001D  c_w.l(libinit2.o)
    0x080001d6   0x080001d6   0x00000000   Code   RO          893    .ARM.Collect$$libinit$$0000001F  c_w.l(libinit2.o)
    0x080001d6   0x080001d6   0x00000000   Code   RO          895    .ARM.Collect$$libinit$$00000021  c_w.l(libinit2.o)
    0x080001d6   0x080001d6   0x00000000   Code   RO          897    .ARM.Collect$$libinit$$00000023  c_w.l(libinit2.o)
    0x080001d6   0x080001d6   0x00000000   Code   RO          899    .ARM.Collect$$libinit$$00000025  c_w.l(libinit2.o)
    0x080001d6   0x080001d6   0x00000000   Code   RO          903    .ARM.Collect$$libinit$$0000002C  c_w.l(libinit2.o)
    0x080001d6   0x080001d6   0x00000000   Code   RO          905    .ARM.Collect$$libinit$$0000002E  c_w.l(libinit2.o)
    0x080001d6   0x080001d6   0x00000000   Code   RO          907    .ARM.Collect$$libinit$$00000030  c_w.l(libinit2.o)
    0x080001d6   0x080001d6   0x00000000   Code   RO          909    .ARM.Collect$$libinit$$00000032  c_w.l(libinit2.o)
    0x080001d6   0x080001d6   0x00000002   Code   RO          910    .ARM.Collect$$libinit$$00000033  c_w.l(libinit2.o)
    0x080001d8   0x080001d8   0x00000002   Code   RO          973    .ARM.Collect$$libshutdown$$00000000  c_w.l(libshutdown.o)
    0x080001da   0x080001da   0x00000000   Code   RO          998    .ARM.Collect$$libshutdown$$00000002  c_w.l(libshutdown2.o)
    0x080001da   0x080001da   0x00000000   Code   RO         1000    .ARM.Collect$$libshutdown$$00000004  c_w.l(libshutdown2.o)
    0x080001da   0x080001da   0x00000000   Code   RO         1002    .ARM.Collect$$libshutdown$$00000006  c_w.l(libshutdown2.o)
    0x080001da   0x080001da   0x00000000   Code   RO         1005    .ARM.Collect$$libshutdown$$00000009  c_w.l(libshutdown2.o)
    0x080001da   0x080001da   0x00000000   Code   RO         1008    .ARM.Collect$$libshutdown$$0000000C  c_w.l(libshutdown2.o)
    0x080001da   0x080001da   0x00000000   Code   RO         1010    .ARM.Collect$$libshutdown$$0000000E  c_w.l(libshutdown2.o)
    0x080001da   0x080001da   0x00000000   Code   RO         1013    .ARM.Collect$$libshutdown$$00000011  c_w.l(libshutdown2.o)
    0x080001da   0x080001da   0x00000002   Code   RO         1014    .ARM.Collect$$libshutdown$$00000012  c_w.l(libshutdown2.o)
    0x080001dc   0x080001dc   0x00000000   Code   RO          757    .ARM.Collect$$rtentry$$00000000  c_w.l(__rtentry.o)
    0x080001dc   0x080001dc   0x00000000   Code   RO          779    .ARM.Collect$$rtentry$$00000002  c_w.l(__rtentry2.o)
    0x080001dc   0x080001dc   0x00000006   Code   RO          791    .ARM.Collect$$rtentry$$00000004  c_w.l(__rtentry4.o)
    0x080001e2   0x080001e2   0x00000000   Code   RO          781    .ARM.Collect$$rtentry$$00000009  c_w.l(__rtentry2.o)
    0x080001e2   0x080001e2   0x00000004   Code   RO          782    .ARM.Collect$$rtentry$$0000000A  c_w.l(__rtentry2.o)
    0x080001e6   0x080001e6   0x00000000   Code   RO          784    .ARM.Collect$$rtentry$$0000000C  c_w.l(__rtentry2.o)
    0x080001e6   0x080001e6   0x00000008   Code   RO          785    .ARM.Collect$$rtentry$$0000000D  c_w.l(__rtentry2.o)
    0x080001ee   0x080001ee   0x00000002   Code   RO          911    .ARM.Collect$$rtexit$$00000000  c_w.l(rtexit.o)
    0x080001f0   0x080001f0   0x00000000   Code   RO          937    .ARM.Collect$$rtexit$$00000002  c_w.l(rtexit2.o)
    0x080001f0   0x080001f0   0x00000004   Code   RO          938    .ARM.Collect$$rtexit$$00000003  c_w.l(rtexit2.o)
    0x080001f4   0x080001f4   0x00000006   Code   RO          939    .ARM.Collect$$rtexit$$00000004  c_w.l(rtexit2.o)
    0x080001fa   0x080001fa   0x00000002   PAD
    0x080001fc   0x080001fc   0x00000b44   Code   RO            1    .text               main.o
    0x08000d40   0x08000d40   0x0000001a   Code   RO          155    .text               stm32f10x_it.o
    0x08000d5a   0x08000d5a   0x00000002   PAD
    0x08000d5c   0x08000d5c   0x000001e0   Code   RO          196    .text               system_stm32f10x.o
    0x08000f3c   0x08000f3c   0x000000e8   Code   RO          214    .text               adc.o
    0x08001024   0x08001024   0x00000558   Code   RO          226    .text               lcd.o
    0x0800157c   0x0800157c   0x00000c94   Code   RO          245    .text               gui.o
    0x08002210   0x08002210   0x000001a4   Code   RO          270    .text               rs485.o
    0x080023b4   0x080023b4   0x00000104   Code   RO          289    .text               exti.o
    0x080024b8   0x080024b8   0x00000098   Code   RO          322    .text               key.o
    0x08002550   0x08002550   0x000009f4   Code   RO          335    .text               time.o
    0x08002f44   0x08002f44   0x00000e48   Code   RO          354    .text               pid.o
    0x08003d8c   0x08003d8c   0x00000054   Code   RO          370    .text               gp8202.o
    0x08003de0   0x08003de0   0x0000037c   Code   RO          382    .text               myiic.o
    0x0800415c   0x0800415c   0x000000d4   Code   RO          500    .text               delay.o
    0x08004230   0x08004230   0x00000140   Code   RO          534    .text               usart.o
    0x08004370   0x08004370   0x00000040   Code   RO          570    .text               startup_stm32f10x_md.o
    0x080043b0   0x080043b0   0x0000035c   Code   RO          574    .text               stm32f10x_gpio.o
    0x0800470c   0x0800470c   0x000003a4   Code   RO          586    .text               stm32f10x_rcc.o
    0x08004ab0   0x08004ab0   0x00000408   Code   RO          600    .text               stm32f10x_usart.o
    0x08004eb8   0x08004eb8   0x000000dc   Code   RO          612    .text               misc.o
    0x08004f94   0x08004f94   0x0000044e   Code   RO          624    .text               stm32f10x_adc.o
    0x080053e2   0x080053e2   0x00000002   PAD
    0x080053e4   0x080053e4   0x0000030c   Code   RO          636    .text               stm32f10x_spi.o
    0x080056f0   0x080056f0   0x0000011c   Code   RO          648    .text               stm32f10x_exti.o
    0x0800580c   0x0800580c   0x00000e1a   Code   RO          660    .text               stm32f10x_tim.o
    0x08006626   0x08006626   0x00000002   Code   RO          674    .text               c_w.l(use_no_semi_2.o)
    0x08006628   0x08006628   0x00000028   Code   RO          678    .text               c_w.l(noretval__2sprintf.o)
    0x08006650   0x08006650   0x00000078   Code   RO          682    .text               c_w.l(_printf_dec.o)
    0x080066c8   0x080066c8   0x0000010e   Code   RO          692    .text               c_w.l(__printf_wp.o)
    0x080067d6   0x080067d6   0x00000014   Code   RO          707    .text               c_w.l(strchr.o)
    0x080067ea   0x080067ea   0x00000048   Code   RO          709    .text               c_w.l(strcpy.o)
    0x08006832   0x08006832   0x0000003e   Code   RO          711    .text               c_w.l(strlen.o)
    0x08006870   0x08006870   0x00000018   Code   RO          713    .text               c_w.l(strcat.o)
    0x08006888   0x08006888   0x00000064   Code   RO          715    .text               c_w.l(rt_memcpy_w.o)
    0x080068ec   0x080068ec   0x0000004e   Code   RO          717    .text               c_w.l(rt_memclr_w.o)
    0x0800693a   0x0800693a   0x00000006   Code   RO          719    .text               c_w.l(heapauxi.o)
    0x08006940   0x08006940   0x00000002   Code   RO          755    .text               c_w.l(use_no_semi.o)
    0x08006942   0x08006942   0x00000016   Code   RO          758    .text               c_w.l(_rserrno.o)
    0x08006958   0x08006958   0x000000b2   Code   RO          760    .text               c_w.l(_printf_intcommon.o)
    0x08006a0a   0x08006a0a   0x0000041e   Code   RO          762    .text               c_w.l(_printf_fp_dec.o)
    0x08006e28   0x08006e28   0x00000030   Code   RO          764    .text               c_w.l(_printf_char_common.o)
    0x08006e58   0x08006e58   0x0000000a   Code   RO          766    .text               c_w.l(_sputc.o)
    0x08006e62   0x08006e62   0x00000002   PAD
    0x08006e64   0x08006e64   0x000000a4   Code   RO          769    .text               c_w.l(strtod.o)
    0x08006f08   0x08006f08   0x00000008   Code   RO          796    .text               c_w.l(rt_locale_intlibspace.o)
    0x08006f10   0x08006f10   0x00000008   Code   RO          801    .text               c_w.l(rt_errno_addr_intlibspace.o)
    0x08006f18   0x08006f18   0x0000008a   Code   RO          803    .text               c_w.l(lludiv10.o)
    0x08006fa2   0x08006fa2   0x00000012   Code   RO          805    .text               c_w.l(isspace.o)
    0x08006fb4   0x08006fb4   0x00000080   Code   RO          807    .text               c_w.l(_printf_fp_infnan.o)
    0x08007034   0x08007034   0x00000040   Code   RO          811    .text               c_w.l(_sgetc.o)
    0x08007074   0x08007074   0x000000e4   Code   RO          813    .text               c_w.l(bigflt0.o)
    0x08007158   0x08007158   0x00000008   Code   RO          847    .text               c_w.l(libspace.o)
    0x08007160   0x08007160   0x0000004a   Code   RO          850    .text               c_w.l(sys_stackheap_outer.o)
    0x080071aa   0x080071aa   0x00000002   PAD
    0x080071ac   0x080071ac   0x00000010   Code   RO          852    .text               c_w.l(rt_ctype_table.o)
    0x080071bc   0x080071bc   0x000004f8   Code   RO          854    .text               c_w.l(scanf_fp.o)
    0x080076b4   0x080076b4   0x00000012   Code   RO          856    .text               c_w.l(exit.o)
    0x080076c6   0x080076c6   0x00000002   PAD
    0x080076c8   0x080076c8   0x00000080   Code   RO          858    .text               c_w.l(strcmpv7m.o)
    0x08007748   0x08007748   0x00000320   Code   RO          943    .text               c_w.l(scanf_hexfp.o)
    0x08007a68   0x08007a68   0x00000134   Code   RO          945    .text               c_w.l(scanf_infnan.o)
    0x08007b9c   0x08007b9c   0x00000026   Code   RO          963    .text               c_w.l(llshl.o)
    0x08007bc2   0x08007bc2   0x0000001c   Code   RO          965    .text               c_w.l(_chval.o)
    0x08007bde   0x08007bde   0x0000003e   Code   RO          816    CL$$btod_d2e        c_w.l(btod.o)
    0x08007c1c   0x08007c1c   0x00000046   Code   RO          818    CL$$btod_d2e_denorm_low  c_w.l(btod.o)
    0x08007c62   0x08007c62   0x00000060   Code   RO          817    CL$$btod_d2e_norm_op1  c_w.l(btod.o)
    0x08007cc2   0x08007cc2   0x00000338   Code   RO          826    CL$$btod_div_common  c_w.l(btod.o)
    0x08007ffa   0x08007ffa   0x00000002   PAD
    0x08007ffc   0x08007ffc   0x00000084   Code   RO          824    CL$$btod_e2d        c_w.l(btod.o)
    0x08008080   0x08008080   0x000000dc   Code   RO          823    CL$$btod_e2e        c_w.l(btod.o)
    0x0800815c   0x0800815c   0x0000002a   Code   RO          820    CL$$btod_ediv       c_w.l(btod.o)
    0x08008186   0x08008186   0x0000002a   Code   RO          822    CL$$btod_edivd      c_w.l(btod.o)
    0x080081b0   0x080081b0   0x0000002a   Code   RO          819    CL$$btod_emul       c_w.l(btod.o)
    0x080081da   0x080081da   0x0000002a   Code   RO          821    CL$$btod_emuld      c_w.l(btod.o)
    0x08008204   0x08008204   0x00000244   Code   RO          825    CL$$btod_mult_common  c_w.l(btod.o)
    0x08008448   0x08008448   0x00000028   Code   RO          845    i.__ARM_fpclassify  m_ws.l(fpclassify.o)
    0x08008470   0x08008470   0x0000000e   Code   RO         1021    i.__mathlib_dbl_overflow  m_ws.l(dunder.o)
    0x0800847e   0x0800847e   0x00000002   PAD
    0x08008480   0x08008480   0x00000010   Code   RO         1023    i.__mathlib_dbl_underflow  m_ws.l(dunder.o)
    0x08008490   0x08008490   0x00000010   Code   RO          930    i.__mathlib_narrow  m_ws.l(narrow.o)
    0x080084a0   0x080084a0   0x000000bc   Code   RO          931    i.__mathlib_tofloat  m_ws.l(narrow.o)
    0x0800855c   0x0800855c   0x00000016   Code   RO          979    i.__support_ldexp   m_ws.l(ldexp.o)
    0x08008572   0x08008572   0x0000000e   Code   RO          694    i._is_digit         c_w.l(__printf_wp.o)
    0x08008580   0x08008580   0x0000002a   Code   RO          752    i.atof              m_ws.l(atof.o)
    0x080085aa   0x080085aa   0x00000002   PAD
    0x080085ac   0x080085ac   0x00000058   Code   RO          956    i.frexp             m_ws.l(frexp.o)
    0x08008604   0x08008604   0x00000074   Code   RO          980    i.ldexp             m_ws.l(ldexp.o)
    0x08008678   0x08008678   0x0000002c   Code   RO          839    locale$$code        c_w.l(lc_numeric_c.o)
    0x080086a4   0x080086a4   0x0000002c   Code   RO          914    locale$$code        c_w.l(lc_ctype_c.o)
    0x080086d0   0x080086d0   0x00000062   Code   RO          951    x$fpl$d2f           fz_ws.l(d2f.o)
    0x08008732   0x08008732   0x00000002   PAD
    0x08008734   0x08008734   0x00000150   Code   RO          723    x$fpl$dadd          fz_ws.l(daddsub_clz.o)
    0x08008884   0x08008884   0x00000010   Code   RO         1015    x$fpl$dcheck1       fz_ws.l(dcheck1.o)
    0x08008894   0x08008894   0x00000018   Code   RO          771    x$fpl$dcmpinf       fz_ws.l(dcmpi.o)
    0x080088ac   0x080088ac   0x000002b0   Code   RO          730    x$fpl$ddiv          fz_ws.l(ddiv.o)
    0x08008b5c   0x08008b5c   0x00000078   Code   RO          953    x$fpl$deqf          fz_ws.l(deqf.o)
    0x08008bd4   0x08008bd4   0x0000005a   Code   RO          733    x$fpl$dfixu         fz_ws.l(dfixu.o)
    0x08008c2e   0x08008c2e   0x0000002e   Code   RO          738    x$fpl$dflt          fz_ws.l(dflt_clz.o)
    0x08008c5c   0x08008c5c   0x00000026   Code   RO          737    x$fpl$dfltu         fz_ws.l(dflt_clz.o)
    0x08008c82   0x08008c82   0x00000002   PAD
    0x08008c84   0x08008c84   0x00000078   Code   RO          743    x$fpl$dleqf         fz_ws.l(dleqf.o)
    0x08008cfc   0x08008cfc   0x00000154   Code   RO          745    x$fpl$dmul          fz_ws.l(dmul.o)
    0x08008e50   0x08008e50   0x0000009c   Code   RO          773    x$fpl$dnaninf       fz_ws.l(dnaninf.o)
    0x08008eec   0x08008eec   0x0000000c   Code   RO          775    x$fpl$dretinf       fz_ws.l(dretinf.o)
    0x08008ef8   0x08008ef8   0x0000006c   Code   RO          747    x$fpl$drleqf        fz_ws.l(drleqf.o)
    0x08008f64   0x08008f64   0x00000016   Code   RO          724    x$fpl$drsb          fz_ws.l(daddsub_clz.o)
    0x08008f7a   0x08008f7a   0x00000002   PAD
    0x08008f7c   0x08008f7c   0x000001d4   Code   RO          725    x$fpl$dsub          fz_ws.l(daddsub_clz.o)
    0x08009150   0x08009150   0x0000000a   Code   RO          974    x$fpl$fretinf       fz_ws.l(fretinf.o)
    0x0800915a   0x0800915a   0x00000006   Code   RO          841    x$fpl$ieeestatus    fz_ws.l(istatus.o)
    0x08009160   0x08009160   0x00000004   Code   RO          749    x$fpl$printf1       fz_ws.l(printf1.o)
    0x08009164   0x08009164   0x00000064   Code   RO         1036    x$fpl$retnan        fz_ws.l(retnan.o)
    0x080091c8   0x080091c8   0x0000005c   Code   RO          976    x$fpl$scalbn        fz_ws.l(scalbn.o)
    0x08009224   0x08009224   0x00000004   Code   RO          843    x$fpl$scanf1        fz_ws.l(scanf1.o)
    0x08009228   0x08009228   0x00000008   Code   RO          924    x$fpl$scanf2        fz_ws.l(scanf2.o)
    0x08009230   0x08009230   0x00000030   Code   RO         1042    x$fpl$trapveneer    fz_ws.l(trapv.o)
    0x08009260   0x08009260   0x00000000   Code   RO          777    x$fpl$usenofp       fz_ws.l(usenofp.o)
    0x08009260   0x08009260   0x00001274   Data   RO          246    .constdata          gui.o
    0x0800a4d4   0x0800a4d4   0x00000094   Data   RO          814    .constdata          c_w.l(bigflt0.o)
    0x0800a568   0x0800a568   0x00000020   Data   RO         1060    Region$$Table       anon$$obj.o
    0x0800a588   0x0800a588   0x00000008   Data   RO          918    c$$dinf             fz_ws.l(fpconst.o)
    0x0800a590   0x0800a590   0x00000008   Data   RO          921    c$$dmax             fz_ws.l(fpconst.o)
    0x0800a598   0x0800a598   0x0000001c   Data   RO          838    locale$$data        c_w.l(lc_numeric_c.o)
    0x0800a5b4   0x0800a5b4   0x00000110   Data   RO          913    locale$$data        c_w.l(lc_ctype_c.o)


    Execution Region RW_IRAM1 (Exec base: 0x20000000, Load base: 0x0800a6c4, Size: 0x00000ec8, Max: 0x00005000, ABSOLUTE, COMPRESSED[0x000002dc])

    Exec Addr    Load Addr    Size         Type   Attr      Idx    E Section Name        Object

    0x20000000   COMPRESSED   0x00000048   Data   RW            3    .data               main.o
    0x20000048   COMPRESSED   0x00000014   Data   RW          197    .data               system_stm32f10x.o
    0x2000005c   COMPRESSED   0x00000006   Data   RW          228    .data               lcd.o
    0x20000062   COMPRESSED   0x00000001   Data   RW          272    .data               rs485.o
    0x20000063   COMPRESSED   0x00000001   Data   RW          290    .data               exti.o
    0x20000064   COMPRESSED   0x00000001   Data   RW          323    .data               key.o
    0x20000065   COMPRESSED   0x00000003   PAD
    0x20000068   COMPRESSED   0x00000011   Data   RW          336    .data               time.o
    0x20000079   COMPRESSED   0x00000007   PAD
    0x20000080   COMPRESSED   0x00000620   Data   RW          356    .data               pid.o
    0x200006a0   COMPRESSED   0x00000004   Data   RW          501    .data               delay.o
    0x200006a4   COMPRESSED   0x00000006   Data   RW          536    .data               usart.o
    0x200006aa   COMPRESSED   0x00000014   Data   RW          587    .data               stm32f10x_rcc.o
    0x200006be   COMPRESSED   0x00000002   PAD
    0x200006c0        -       0x0000000e   Zero   RW          227    .bss                lcd.o
    0x200006ce        -       0x00000040   Zero   RW          271    .bss                rs485.o
    0x2000070e   COMPRESSED   0x00000002   PAD
    0x20000710        -       0x00000090   Zero   RW          355    .bss                pid.o
    0x200007a0        -       0x000000c8   Zero   RW          535    .bss                usart.o
    0x20000868        -       0x00000060   Zero   RW          848    .bss                c_w.l(libspace.o)
    0x200008c8        -       0x00000200   Zero   RW          568    HEAP                startup_stm32f10x_md.o
    0x20000ac8        -       0x00000400   Zero   RW          567    STACK               startup_stm32f10x_md.o


==============================================================================

Image component sizes


      Code (inc. data)   RO Data    RW Data    ZI Data      Debug   Object Name

       232          8          0          0          0       1111   adc.o
       212         18          0          4          0       1047   delay.o
       260         26          0          1          0       1820   exti.o
        84          0          0          0          0        982   gp8202.o
      3220        102       4724          0          0      12139   gui.o
       152         10          0          1          0        792   key.o
      1368         30          0          6         14       6414   lcd.o
      2884        326          0         72          0     265362   main.o
       220         22          0          0          0       1801   misc.o
         0          0          0          0          0     265028   modbus.o
       892         12          0          0          0       2578   myiic.o
      3656        712          0       1568        144       3292   pid.o
       420         22          0          1         64       2238   rs485.o
        64         26        236          0       1536        788   startup_stm32f10x_md.o
      1102         26          0          0          0      11045   stm32f10x_adc.o
       284         10          0          0          0       2259   stm32f10x_exti.o
       860         38          0          0          0       5737   stm32f10x_gpio.o
        26          0          0          0          0       1194   stm32f10x_it.o
       932         36          0         20          0       8920   stm32f10x_rcc.o
       780         14          0          0          0       6618   stm32f10x_spi.o
      3610         88          0          0          0      22844   stm32f10x_tim.o
      1032         22          0          0          0       8460   stm32f10x_usart.o
         0          0          0          0          0         32   sys.o
       480         38          0         20          0       1779   system_stm32f10x.o
      2548        132          0         17          0       5374   time.o
       320         18          0          6        200       3138   usart.o

    ----------------------------------------------------------------------
     25642       1736       4992       1728       1960     642792   Object Totals
         0          0         32          0          0          0   (incl. Generated)
         4          0          0         12          2          0   (incl. Padding)

    ----------------------------------------------------------------------

      Code (inc. data)   RO Data    RW Data    ZI Data      Debug   Library Member Name

       100          0          0          0          0          0   __dclz77c.o
         8          0          0          0          0         68   __main.o
       284          0          0          0          0        156   __printf_wp.o
         0          0          0          0          0          0   __rtentry.o
        12          0          0          0          0          0   __rtentry2.o
         6          0          0          0          0          0   __rtentry4.o
        52          8          0          0          0          0   __scatter.o
        28          0          0          0          0          0   __scatter_zi.o
        28          0          0          0          0         68   _chval.o
        48          6          0          0          0         96   _printf_char_common.o
         6          0          0          0          0          0   _printf_d.o
       120         16          0          0          0         92   _printf_dec.o
         6          0          0          0          0          0   _printf_f.o
      1054          0          0          0          0        216   _printf_fp_dec.o
       128         16          0          0          0         84   _printf_fp_infnan.o
       178          0          0          0          0         88   _printf_intcommon.o
         0          0          0          0          0          0   _printf_percent.o
         4          0          0          0          0          0   _printf_percent_end.o
        22          0          0          0          0        100   _rserrno.o
        64          0          0          0          0         84   _sgetc.o
        10          0          0          0          0         68   _sputc.o
       228          4        148          0          0         96   bigflt0.o
      2152        136          0          0          0        960   btod.o
        18          0          0          0          0         80   exit.o
         6          0          0          0          0        152   heapauxi.o
        18          0          0          0          0         76   isspace.o
        44         10        272          0          0         76   lc_ctype_c.o
        44         10         28          0          0         76   lc_numeric_c.o
         2          0          0          0          0          0   libinit.o
        30          0          0          0          0          0   libinit2.o
         2          0          0          0          0          0   libshutdown.o
         2          0          0          0          0          0   libshutdown2.o
         8          4          0          0         96         68   libspace.o
        38          0          0          0          0         68   llshl.o
       138          0          0          0          0         80   lludiv10.o
        40          6          0          0          0         84   noretval__2sprintf.o
        16          4          0          0          0         76   rt_ctype_table.o
         8          4          0          0          0         68   rt_errno_addr_intlibspace.o
         8          4          0          0          0         68   rt_locale_intlibspace.o
        78          0          0          0          0         80   rt_memclr_w.o
       100          0          0          0          0         80   rt_memcpy_w.o
         2          0          0          0          0          0   rtexit.o
        10          0          0          0          0          0   rtexit2.o
      1272         16          0          0          0        168   scanf_fp.o
       800         14          0          0          0        100   scanf_hexfp.o
       308         16          0          0          0        100   scanf_infnan.o
        24          0          0          0          0         68   strcat.o
        20          0          0          0          0         68   strchr.o
       128          0          0          0          0         68   strcmpv7m.o
        72          0          0          0          0         80   strcpy.o
        62          0          0          0          0         76   strlen.o
       164         14          0          0          0        120   strtod.o
        74          0          0          0          0         80   sys_stackheap_outer.o
         2          0          0          0          0         68   use_no_semi.o
         2          0          0          0          0         68   use_no_semi_2.o
        98          4          0          0          0         92   d2f.o
       826         16          0          0          0        348   daddsub_clz.o
        16          4          0          0          0         68   dcheck1.o
        24          0          0          0          0         68   dcmpi.o
       688        140          0          0          0        208   ddiv.o
       120          4          0          0          0         92   deqf.o
        90          4          0          0          0         92   dfixu.o
        84          0          0          0          0        136   dflt_clz.o
       120          4          0          0          0         92   dleqf.o
       340         12          0          0          0        104   dmul.o
       156          4          0          0          0         92   dnaninf.o
        12          0          0          0          0         68   dretinf.o
       108          0          0          0          0         80   drleqf.o
         0          0         16          0          0          0   fpconst.o
        10          0          0          0          0         68   fretinf.o
         6          0          0          0          0         68   istatus.o
         4          0          0          0          0         68   printf1.o
       100          0          0          0          0         68   retnan.o
        92          0          0          0          0         68   scalbn.o
         4          0          0          0          0         68   scanf1.o
         8          0          0          0          0         84   scanf2.o
        48          0          0          0          0         68   trapv.o
         0          0          0          0          0          0   usenofp.o
        42          0          0          0          0         84   atof.o
        30          6          0          0          0        136   dunder.o
        40          0          0          0          0         68   fpclassify.o
        88          8          0          0          0         76   frexp.o
       138          0          0          0          0        160   ldexp.o
       204          4          0          0          0        168   narrow.o

    ----------------------------------------------------------------------
     11594        500        464          0         96       7164   Library Totals
        20          2          0          0          0          0   (incl. Padding)

    ----------------------------------------------------------------------

      Code (inc. data)   RO Data    RW Data    ZI Data      Debug   Library Name

      8078        288        448          0         96       4372   c_w.l
      2954        192         16          0          0       2100   fz_ws.l
       542         18          0          0          0        692   m_ws.l

    ----------------------------------------------------------------------
     11594        500        464          0         96       7164   Library Totals

    ----------------------------------------------------------------------

==============================================================================


      Code (inc. data)   RO Data    RW Data    ZI Data      Debug   

     37236       2236       5456       1728       2056     643764   Grand Totals
     37236       2236       5456        732       2056     643764   ELF Image Totals (compressed)
     37236       2236       5456        732          0          0   ROM Totals

==============================================================================

    Total RO  Size (Code + RO Data)                42692 (  41.69kB)
    Total RW  Size (RW Data + ZI Data)              3784 (   3.70kB)
    Total ROM Size (Code + RO Data + RW Data)      43424 (  42.41kB)

==============================================================================

