<html>
<body>
<pre>
<h1>礦ision Build Log</h1>
<h2>Tool Versions:</h2>
IDE-Version: μVision V5.18a
Copyright (C) 2016 ARM Ltd and ARM Germany GmbH. All rights reserved.
License Information: RR Microsoft, Microsoft, LIC=9WSII-TJUNN-735M8-39I99-9UMX8-664FU
 
Tool Versions:
Toolchain:       MDK-ARM Standard  Version: 5.18a
Toolchain Path:  D:\Keil_v518A\ARM\ARMCC\Bin
C Compiler:      Armcc.exe V5.06 update 1 (build 61)
Assembler:       Armasm.exe V5.06 update 1 (build 61)
Linker/Locator:  ArmLink.exe V5.06 update 1 (build 61)
Library Manager: ArmAr.exe V5.06 update 1 (build 61)
Hex Converter:   FromElf.exe V5.06 update 1 (build 61)
CPU DLL:         SARMCM3.DLL V5.18a
Dialog DLL:      DCM.DLL V1.13.6.0
Target DLL:      UL2CM3.DLL V1.157.10.0
Dialog DLL:      TCM.DLL V1.14.8.0
 
<h2>Project:</h2>
C:\Users\Administrator\Desktop\TFT_1.44吋_液晶屏(例程文件)M\TFT_1.44吋_液晶屏(例程文件)M\STM32F103RCT6核心板_TFT144例程\STM32 SPI综合测试代码\TFT_Demo.uvprojx
Project File Date:  02/14/2019

<h2>Output:</h2>
*** Using Compiler 'V5.06 update 1 (build 61)', folder: 'D:\Keil_v518A\ARM\ARMCC\Bin'
Rebuild target 'Target 1'
assembling startup_stm32f10x_hd.s...
compiling stm32f10x_it.c...
compiling main.c...
compiling Lcd_Driver.c...
compiling delay.c...
compiling GUI.c...
compiling TFT_demo.c...
user\TFT_demo.c(108): warning:  #177-D: variable "j" was declared but never referenced
        int i,j,k; 
user\TFT_demo.c(108): warning:  #177-D: variable "k" was declared but never referenced
        int i,j,k; 
user\TFT_demo.c: 2 warnings, 0 errors
compiling stm32f10x_gpio.c...
compiling misc.c...
compiling stm32f10x_rcc.c...
compiling core_cm3.c...
compiling system_stm32f10x.c...
linking...
Program Size: Code=6850 RO-data=108458 RW-data=36 ZI-data=516  
FromELF: creating hex file...
".\Obj\STM32-FD-FLASHLED.axf" - 0 Error(s), 2 Warning(s).

<h2>Software Packages used:</h2>

Package Vendor: ARM
                http://www.keil.com/pack/ARM.CMSIS.5.0.0-Beta4.pack
                ARM::CMSIS:CORE:5.0.0
                CMSIS (Cortex Microcontroller Software Interface Standard)
   * Component: CORE Version: 5.0.0

<h2>Collection of Component include folders:</h2>
  C:\Users\Administrator\Desktop\TFT_1.44吋_液晶屏(例程文件)M\TFT_1.44吋_液晶屏(例程文件)M\STM32F103RCT6核心板_TFT144例程\STM32 SPI综合测试代码\RTE
  D:\Keil_v518A\ARM\PACK\ARM\CMSIS\5.0.0-Beta4\CMSIS\Include
  D:\Keil_v518A\ARM\PACK\Keil\STM32F1xx_DFP\2.1.0\Device\Include

<h2>Collection of Component Files used:</h2>

   * Component: ARM::CMSIS:CORE:5.0.0
Build Time Elapsed:  00:00:15
</pre>
</body>
</html>
