<html>
<body>
<pre>
<h1>礦ision Build Log</h1>
<h2>Tool Versions:</h2>
IDE-Version: μVision V5.33.0.0
Copyright (C) 2020 ARM Ltd and ARM Germany GmbH. All rights reserved.
License Information: 1 1010186930@qq.com, 1, LIC=MPPLD-8E560-X7KRZ-JMAZ4-F38T7-06MRV
 
Tool Versions:
Toolchain:       MDK-ARM Plus  Version: 5.33.0.0
Toolchain Path:  D:\Keil5\ARM\ARMCC\Bin
C Compiler:      Armcc.exe V5.06 update 7 (build 960)
Assembler:       Armasm.exe V5.06 update 7 (build 960)
Linker/Locator:  ArmLink.exe V5.06 update 7 (build 960)
Library Manager: ArmAr.exe V5.06 update 7 (build 960)
Hex Converter:   FromElf.exe V5.06 update 7 (build 960)
CPU DLL:         SARMCM3.DLL V5.33.0.0
Dialog DLL:      DARMSTM.DLL V1.68.0.0
Target DLL:      STLink\ST-LINKIII-KEIL_SWO.dll V3.0.8.0
Dialog DLL:      TARMSTM.DLL V1.66.0.0
 
<h2>Project:</h2>
D:\实验室\16. 电子市场胡老师项目\3. 程序\PID控制气阀ver2.0\USER\airvalvepid.uvprojx
Project File Date:  06/18/2021

<h2>Output:</h2>
*** Using Compiler 'V5.06 update 7 (build 960)', folder: 'D:\Keil5\ARM\ARMCC\Bin'
Build target 'Target 1'
compiling key.c...
compiling stm32f10x_it.c...
compiling adc.c...
compiling GP8202.c...
compiling rs485.c...
compiling system_stm32f10x.c...
compiling exti.c...
compiling lcd.c...
compiling time.c...
..\HARDWARE\TIMER\time.c(35): warning:  #177-D: variable "dotlen"  was declared but never referenced
  	u8 dotlen = 0;
..\HARDWARE\TIMER\time.c(390): warning:  #167-D: argument of type "u8 *" is incompatible with parameter of type "char *restrict"
  		sprintf(senbuf,"%.3f",voltage_pid);
..\HARDWARE\TIMER\time.c(391): warning:  #167-D: argument of type "u8 *" is incompatible with parameter of type "char *restrict"
  		strcat(senbuf,"v\r\n");
..\HARDWARE\TIMER\time.c(392): warning:  #167-D: argument of type "u8 *" is incompatible with parameter of type "const char *"
  		RS485_Send_Data((u8*)senbuf,strlen(senbuf));
..\HARDWARE\TIMER\time.c: 4 warnings, 0 errors
compiling main.c...
main.c(56): warning:  #940-D: missing return statement at end of non-void function "add_bit" 
  }
main.c: 1 warning, 0 errors
compiling GUI.c...
compiling pid.c...
..\HARDWARE\PID\pid.c(175): warning:  #111-D: statement is unreachable
              break;
..\HARDWARE\PID\pid.c(215): warning:  #111-D: statement is unreachable
              break;
..\HARDWARE\PID\pid.c: 2 warnings, 0 errors
compiling crc.c...
..\..\PID鎺у埗姘旈榾\HARDWARE\CRC\crc.c(1): warning:  #1-D: last line of file ends without a newline
  #include "crc.h"
..\..\PID控制气阀\HARDWARE\CRC\crc.c: 1 warning, 0 errors
compiling core_cm3.c...
compiling myiic.c...
compiling modbus.c...
..\..\PID鎺у埗姘旈榾\HARDWARE\MODBUS\modbus.c(4): warning:  #1-D: last line of file ends without a newline
  #include "crc.h"
..\..\PID控制气阀\HARDWARE\MODBUS\modbus.c: 1 warning, 0 errors
compiling delay.c...
compiling stm32f10x_gpio.c...
compiling usart.c...
compiling sys.c...
compiling stm32f10x_rcc.c...
compiling stm32f10x_usart.c...
compiling misc.c...
compiling stm32f10x_spi.c...
compiling stm32f10x_adc.c...
compiling stm32f10x_exti.c...
compiling stm32f10x_tim.c...
linking...
Program Size: Code=37236 RO-data=5456 RW-data=1728 ZI-data=2056  
FromELF: creating hex file...
"..\OBJ\arivalvepid.axf" - 0 Error(s), 9 Warning(s).

<h2>Software Packages used:</h2>

Package Vendor: Keil
                http://www.keil.com/pack/Keil.STM32F1xx_DFP.2.3.0.pack
                Keil.STM32F1xx_DFP.2.3.0
                STMicroelectronics STM32F1 Series Device Support, Drivers and Examples

<h2>Collection of Component include folders:</h2>
  D:\Keil5\Keil\STM32F1xx_DFP\2.3.0\Device\Include

<h2>Collection of Component Files used:</h2>
Build Time Elapsed:  00:00:03
</pre>
</body>
</html>
