<html>
<body>
<pre>
<h1>礦ision Build Log</h1>
<h2>Tool Versions:</h2>
IDE-Version: μVision V5.33.0.0
Copyright (C) 2020 ARM Ltd and ARM Germany GmbH. All rights reserved.
License Information: 1 1010186930@qq.com, 1, LIC=MPPLD-8E560-X7KRZ-JMAZ4-F38T7-06MRV
 
Tool Versions:
Toolchain:       MDK-ARM Plus  Version: 5.33.0.0
Toolchain Path:  D:\Keil5\ARM\ARMCC\Bin
C Compiler:      Armcc.exe V5.06 update 7 (build 960)
Assembler:       Armasm.exe V5.06 update 7 (build 960)
Linker/Locator:  ArmLink.exe V5.06 update 7 (build 960)
Library Manager: ArmAr.exe V5.06 update 7 (build 960)
Hex Converter:   FromElf.exe V5.06 update 7 (build 960)
CPU DLL:         SARMCM3.DLL V5.33.0.0
Dialog DLL:      DARMSTM.DLL V1.68.0.0
Target DLL:      STLink\ST-LINKIII-KEIL_SWO.dll V3.0.8.0
Dialog DLL:      TARMSTM.DLL V1.66.0.0
 
<h2>Project:</h2>
D:\实验室\16. 电子市场胡老师项目\3. 程序\PID控制气阀V1.0.0.2021621_β\USER\airvalvepid.uvprojx
Project File Date:  06/20/2021

<h2>Output:</h2>
*** Using Compiler 'V5.06 update 7 (build 960)', folder: 'D:\Keil5\ARM\ARMCC\Bin'
Build target 'Target 1'
compiling exti.c...
compiling lcd.c...
compiling stm32f10x_it.c...
compiling adc.c...
compiling key.c...
compiling system_stm32f10x.c...
compiling rs485.c...
compiling main.c...
compiling pid.c...
..\HARDWARE\PID\pid.c(185): warning:  #111-D: statement is unreachable
              break;
..\HARDWARE\PID\pid.c(225): warning:  #111-D: statement is unreachable
              break;
..\HARDWARE\PID\pid.c: 2 warnings, 0 errors
compiling GP8202.c...
compiling time.c...
..\HARDWARE\TIMER\time.c(334): warning:  #177-D: variable "rs485sendbuf"  was declared but never referenced
  	u8 rs485sendbuf[100]="";	
..\HARDWARE\TIMER\time.c(335): warning:  #177-D: variable "display"  was declared but never referenced
  	char display[10]="";
..\HARDWARE\TIMER\time.c(336): warning:  #177-D: variable "show_num"  was declared but never referenced
  	double show_num=0;
..\HARDWARE\TIMER\time.c(337): warning:  #177-D: variable "display_acd_volatge"  was declared but never referenced
  	double display_acd_volatge=0;
..\HARDWARE\TIMER\time.c: 4 warnings, 0 errors
compiling GUI.c...
..\HARDWARE\GUI\GUI.c(670): warning:  #177-D: variable "sendbuf"  was declared but never referenced
  	u8 sendbuf[100]="";
..\HARDWARE\GUI\GUI.c: 1 warning, 0 errors
assembling startup_stm32f10x_md.s...
compiling modbus.c...
..\HARDWARE\MODBUS\modbus.c(327): warning:  #1-D: last line of file ends without a newline
  //}
..\HARDWARE\MODBUS\modbus.c: 1 warning, 0 errors
compiling myiic.c...
compiling core_cm3.c...
compiling crc.c...
compiling delay.c...
compiling stm32f10x_gpio.c...
compiling stm32f10x_usart.c...
compiling usart.c...
compiling misc.c...
compiling stm32f10x_rcc.c...
compiling stm32f10x_spi.c...
compiling stm32f10x_adc.c...
compiling sys.c...
compiling stm32f10x_exti.c...
compiling stm32f10x_tim.c...
linking...
Program Size: Code=36964 RO-data=5456 RW-data=1736 ZI-data=2120  
FromELF: creating hex file...
"..\OBJ\arivalvepid.axf" - 0 Error(s), 8 Warning(s).

<h2>Software Packages used:</h2>

Package Vendor: Keil
                http://www.keil.com/pack/Keil.STM32F1xx_DFP.2.3.0.pack
                Keil.STM32F1xx_DFP.2.3.0
                STMicroelectronics STM32F1 Series Device Support, Drivers and Examples

<h2>Collection of Component include folders:</h2>
  D:\Keil5\Keil\STM32F1xx_DFP\2.3.0\Device\Include

<h2>Collection of Component Files used:</h2>
Build Time Elapsed:  00:00:03
</pre>
</body>
</html>
